<?xml version="1.0" encoding="utf-8"?><testsuites><testsuite name="pytest" errors="0" failures="0" skipped="0" tests="2167" time="4.630" timestamp="2026-03-19T14:08:24.657826-03:00" hostname="ANTONOV"><testcase classname="tests.api.test_upload_validation.TestMimeTypeValidation" name="test_allowed_types_pass[application/msword]" time="0.001" /><testcase classname="tests.api.test_upload_validation.TestMimeTypeValidation" name="test_allowed_types_pass[application/pdf]" time="0.000" /><testcase classname="tests.api.test_upload_validation.TestMimeTypeValidation" name="test_allowed_types_pass[application/rtf]" time="0.000" /><testcase classname="tests.api.test_upload_validation.TestMimeTypeValidation" name="test_allowed_types_pass[application/vnd.openxmlformats-officedocument.wordprocessingml.document]" time="0.000" /><testcase classname="tests.api.test_upload_validation.TestMimeTypeValidation" name="test_allowed_types_pass[text/html]" time="0.000" /><testcase classname="tests.api.test_upload_validation.TestMimeTypeValidation" name="test_allowed_types_pass[text/plain]" time="0.000" /><testcase classname="tests.api.test_upload_validation.TestMimeTypeValidation" name="test_unknown_type_rejected" time="0.000" /><testcase classname="tests.api.test_upload_validation.TestMimeTypeValidation" name="test_executable_rejected" time="0.000" /><testcase classname="tests.api.test_upload_validation.TestMimeTypeValidation" name="test_image_rejected" time="0.000" /><testcase classname="tests.api.test_upload_validation.TestMimeTypeValidation" name="test_none_content_type_allowed" time="0.000" /><testcase classname="tests.api.test_upload_validation.TestMimeTypeValidation" name="test_pdf_explicitly_allowed" time="0.000" /><testcase classname="tests.api.test_upload_validation.TestMimeTypeValidation" name="test_docx_explicitly_allowed" time="0.000" /><testcase classname="tests.api.test_upload_validation.TestMimeTypeValidation" name="test_txt_explicitly_allowed" time="0.000" /><testcase classname="tests.api.test_upload_validation.TestFileSizeValidation" name="test_empty_file_rejected" time="0.000" /><testcase classname="tests.api.test_upload_validation.TestFileSizeValidation" name="test_1_byte_accepted" time="0.000" /><testcase classname="tests.api.test_upload_validation.TestFileSizeValidation" name="test_1mb_accepted" time="0.001" /><testcase classname="tests.api.test_upload_validation.TestFileSizeValidation" name="test_49mb_accepted" time="0.006" /><testcase classname="tests.api.test_upload_validation.TestFileSizeValidation" name="test_exactly_50mb_accepted" time="0.005" /><testcase classname="tests.api.test_upload_validation.TestFileSizeValidation" name="test_50mb_plus_1_rejected" time="0.005" /><testcase classname="tests.api.test_upload_validation.TestFileSizeValidation" name="test_100mb_rejected" time="0.011" /><testcase classname="tests.api.test_upload_validation.TestFileSizeValidation" name="test_413_detail_contains_size_info" time="0.007" /><testcase classname="tests.api.test_upload_validation.TestCombinedValidation" name="test_invalid_type_takes_priority_over_size" time="0.006" /><testcase classname="tests.api.test_upload_validation.TestCombinedValidation" name="test_empty_with_invalid_type_reports_type_error" time="0.000" /><testcase classname="tests.api.test_upload_validation.TestCombinedValidation" name="test_valid_pdf_small" time="0.000" /><testcase classname="tests.api.test_upload_validation.TestCombinedValidation" name="test_valid_txt_medium" time="0.000" /><testcase classname="tests.unit.test_auth_logic.TestPasswordHashing" name="test_hash_returns_string" time="0.181" /><testcase classname="tests.unit.test_auth_logic.TestPasswordHashing" name="test_hash_is_not_plaintext" time="0.180" /><testcase classname="tests.unit.test_auth_logic.TestPasswordHashing" name="test_verify_correct_password" time="0.358" /><testcase classname="tests.unit.test_auth_logic.TestPasswordHashing" name="test_verify_wrong_password" time="0.362" /><testcase classname="tests.unit.test_auth_logic.TestPasswordHashing" name="test_same_password_different_hashes" time="0.732" /><testcase classname="tests.unit.test_auth_logic.TestPasswordHashing" name="test_empty_string_hashes" time="0.570" /><testcase classname="tests.unit.test_auth_logic.TestJWT" name="test_create_and_decode_token" time="0.001" /><testcase classname="tests.unit.test_auth_logic.TestJWT" name="test_user_role_preserved" time="0.001" /><testcase classname="tests.unit.test_auth_logic.TestJWT" name="test_invalid_token_raises" time="0.001" /><testcase classname="tests.unit.test_auth_logic.TestJWT" name="test_tampered_token_raises" time="0.002" /><testcase classname="tests.unit.test_auth_logic.TestJWT" name="test_token_contains_exp" time="0.001" /><testcase classname="tests.unit.test_document_types.TestDocumentTypeInterface" name="test_instantiable[parecer-ParecerDocumentType]" time="0.001" /><testcase classname="tests.unit.test_document_types.TestDocumentTypeInterface" name="test_instantiable[peticao_inicial-PeticaoInicialDocumentType]" time="0.001" /><testcase classname="tests.unit.test_document_types.TestDocumentTypeInterface" name="test_instantiable[contestacao-ContestacaoDocumentType]" time="0.001" /><testcase classname="tests.unit.test_document_types.TestDocumentTypeInterface" name="test_instantiable[recurso-RecursoDocumentType]" time="0.001" /><testcase classname="tests.unit.test_document_types.TestDocumentTypeInterface" name="test_instantiable[acao_civil_publica-AcaoCivilPublicaDocumentType]" time="0.001" /><testcase classname="tests.unit.test_document_types.TestDocumentTypeInterface" name="test_instantiable[sentenca-SentencaDocumentType]" time="0.001" /><testcase classname="tests.unit.test_document_types.TestDocumentTypeInterface" name="test_instantiable[mandado_seguranca-MandadoSegurancaDocumentType]" time="0.001" /><testcase classname="tests.unit.test_document_types.TestDocumentTypeInterface" name="test_instantiable[habeas_corpus-HabeasCorpusDocumentType]" time="0.002" /><testcase classname="tests.unit.test_document_types.TestDocumentTypeInterface" name="test_instantiable[agravo-AgravoDocumentType]" time="0.001" /><testcase classname="tests.unit.test_document_types.TestDocumentTypeInterface" name="test_instantiable[embargos_declaracao-EmbargosDeclaracaoDocumentType]" time="0.001" /><testcase classname="tests.unit.test_document_types.TestDocumentTypeInterface" name="test_get_id_returns_correct_value[parecer-ParecerDocumentType]" time="0.001" /><testcase classname="tests.unit.test_document_types.TestDocumentTypeInterface" name="test_get_id_returns_correct_value[peticao_inicial-PeticaoInicialDocumentType]" time="0.001" /><testcase classname="tests.unit.test_document_types.TestDocumentTypeInterface" name="test_get_id_returns_correct_value[contestacao-ContestacaoDocumentType]" time="0.001" /><testcase classname="tests.unit.test_document_types.TestDocumentTypeInterface" name="test_get_id_returns_correct_value[recurso-RecursoDocumentType]" time="0.001" /><testcase classname="tests.unit.test_document_types.TestDocumentTypeInterface" name="test_get_id_returns_correct_value[acao_civil_publica-AcaoCivilPublicaDocumentType]" time="0.001" /><testcase classname="tests.unit.test_document_types.TestDocumentTypeInterface" name="test_get_id_returns_correct_value[sentenca-SentencaDocumentType]" time="0.001" /><testcase classname="tests.unit.test_document_types.TestDocumentTypeInterface" name="test_get_id_returns_correct_value[mandado_seguranca-MandadoSegurancaDocumentType]" time="0.001" /><testcase classname="tests.unit.test_document_types.TestDocumentTypeInterface" name="test_get_id_returns_correct_value[habeas_corpus-HabeasCorpusDocumentType]" time="0.000" /><testcase classname="tests.unit.test_document_types.TestDocumentTypeInterface" name="test_get_id_returns_correct_value[agravo-AgravoDocumentType]" time="0.000" /><testcase classname="tests.unit.test_document_types.TestDocumentTypeInterface" name="test_get_id_returns_correct_value[embargos_declaracao-EmbargosDeclaracaoDocumentType]" time="0.000" /><testcase classname="tests.unit.test_document_types.TestDocumentTypeInterface" name="test_get_name_returns_non_empty_string[parecer-ParecerDocumentType]" time="0.000" /><testcase classname="tests.unit.test_document_types.TestDocumentTypeInterface" name="test_get_name_returns_non_empty_string[peticao_inicial-PeticaoInicialDocumentType]" time="0.000" /><testcase classname="tests.unit.test_document_types.TestDocumentTypeInterface" name="test_get_name_returns_non_empty_string[contestacao-ContestacaoDocumentType]" time="0.000" /><testcase classname="tests.unit.test_document_types.TestDocumentTypeInterface" name="test_get_name_returns_non_empty_string[recurso-RecursoDocumentType]" time="0.001" /><testcase classname="tests.unit.test_document_types.TestDocumentTypeInterface" name="test_get_name_returns_non_empty_string[acao_civil_publica-AcaoCivilPublicaDocumentType]" time="0.001" /><testcase classname="tests.unit.test_document_types.TestDocumentTypeInterface" name="test_get_name_returns_non_empty_string[sentenca-SentencaDocumentType]" time="0.001" /><testcase classname="tests.unit.test_document_types.TestDocumentTypeInterface" name="test_get_name_returns_non_empty_string[mandado_seguranca-MandadoSegurancaDocumentType]" time="0.000" /><testcase classname="tests.unit.test_document_types.TestDocumentTypeInterface" name="test_get_name_returns_non_empty_string[habeas_corpus-HabeasCorpusDocumentType]" time="0.000" /><testcase classname="tests.unit.test_document_types.TestDocumentTypeInterface" name="test_get_name_returns_non_empty_string[agravo-AgravoDocumentType]" time="0.000" /><testcase classname="tests.unit.test_document_types.TestDocumentTypeInterface" name="test_get_name_returns_non_empty_string[embargos_declaracao-EmbargosDeclaracaoDocumentType]" time="0.000" /><testcase classname="tests.unit.test_document_types.TestDocumentTypeInterface" name="test_get_description_returns_non_empty_string[parecer-ParecerDocumentType]" time="0.000" /><testcase classname="tests.unit.test_document_types.TestDocumentTypeInterface" name="test_get_description_returns_non_empty_string[peticao_inicial-PeticaoInicialDocumentType]" time="0.000" /><testcase classname="tests.unit.test_document_types.TestDocumentTypeInterface" name="test_get_description_returns_non_empty_string[contestacao-ContestacaoDocumentType]" time="0.000" /><testcase classname="tests.unit.test_document_types.TestDocumentTypeInterface" name="test_get_description_returns_non_empty_string[recurso-RecursoDocumentType]" time="0.001" /><testcase classname="tests.unit.test_document_types.TestDocumentTypeInterface" name="test_get_description_returns_non_empty_string[acao_civil_publica-AcaoCivilPublicaDocumentType]" time="0.001" /><testcase classname="tests.unit.test_document_types.TestDocumentTypeInterface" name="test_get_description_returns_non_empty_string[sentenca-SentencaDocumentType]" time="0.001" /><testcase classname="tests.unit.test_document_types.TestDocumentTypeInterface" name="test_get_description_returns_non_empty_string[mandado_seguranca-MandadoSegurancaDocumentType]" time="0.001" /><testcase classname="tests.unit.test_document_types.TestDocumentTypeInterface" name="test_get_description_returns_non_empty_string[habeas_corpus-HabeasCorpusDocumentType]" time="0.001" /><testcase classname="tests.unit.test_document_types.TestDocumentTypeInterface" name="test_get_description_returns_non_empty_string[agravo-AgravoDocumentType]" time="0.000" /><testcase classname="tests.unit.test_document_types.TestDocumentTypeInterface" name="test_get_description_returns_non_empty_string[embargos_declaracao-EmbargosDeclaracaoDocumentType]" time="0.004" /><testcase classname="tests.unit.test_document_types.TestDocumentTypeInterface" name="test_get_category_returns_valid[parecer-ParecerDocumentType]" time="0.001" /><testcase classname="tests.unit.test_document_types.TestDocumentTypeInterface" name="test_get_category_returns_valid[peticao_inicial-PeticaoInicialDocumentType]" time="0.000" /><testcase classname="tests.unit.test_document_types.TestDocumentTypeInterface" name="test_get_category_returns_valid[contestacao-ContestacaoDocumentType]" time="0.000" /><testcase classname="tests.unit.test_document_types.TestDocumentTypeInterface" name="test_get_category_returns_valid[recurso-RecursoDocumentType]" time="0.003" /><testcase classname="tests.unit.test_document_types.TestDocumentTypeInterface" name="test_get_category_returns_valid[acao_civil_publica-AcaoCivilPublicaDocumentType]" time="0.001" /><testcase classname="tests.unit.test_document_types.TestDocumentTypeInterface" name="test_get_category_returns_valid[sentenca-SentencaDocumentType]" time="0.000" /><testcase classname="tests.unit.test_document_types.TestDocumentTypeInterface" name="test_get_category_returns_valid[mandado_seguranca-MandadoSegurancaDocumentType]" time="0.000" /><testcase classname="tests.unit.test_document_types.TestDocumentTypeInterface" name="test_get_category_returns_valid[habeas_corpus-HabeasCorpusDocumentType]" time="0.000" /><testcase classname="tests.unit.test_document_types.TestDocumentTypeInterface" name="test_get_category_returns_valid[agravo-AgravoDocumentType]" time="0.001" /><testcase classname="tests.unit.test_document_types.TestDocumentTypeInterface" name="test_get_category_returns_valid[embargos_declaracao-EmbargosDeclaracaoDocumentType]" time="0.001" /><testcase classname="tests.unit.test_document_types.TestDocumentTypeInterface" name="test_get_pipeline_config_returns_config[parecer-ParecerDocumentType]" time="0.001" /><testcase classname="tests.unit.test_document_types.TestDocumentTypeInterface" name="test_get_pipeline_config_returns_config[peticao_inicial-PeticaoInicialDocumentType]" time="0.000" /><testcase classname="tests.unit.test_document_types.TestDocumentTypeInterface" name="test_get_pipeline_config_returns_config[contestacao-ContestacaoDocumentType]" time="0.001" /><testcase classname="tests.unit.test_document_types.TestDocumentTypeInterface" name="test_get_pipeline_config_returns_config[recurso-RecursoDocumentType]" time="0.001" /><testcase classname="tests.unit.test_document_types.TestDocumentTypeInterface" name="test_get_pipeline_config_returns_config[acao_civil_publica-AcaoCivilPublicaDocumentType]" time="0.001" /><testcase classname="tests.unit.test_document_types.TestDocumentTypeInterface" name="test_get_pipeline_config_returns_config[sentenca-SentencaDocumentType]" time="0.000" /><testcase classname="tests.unit.test_document_types.TestDocumentTypeInterface" name="test_get_pipeline_config_returns_config[mandado_seguranca-MandadoSegurancaDocumentType]" time="0.000" /><testcase classname="tests.unit.test_document_types.TestDocumentTypeInterface" name="test_get_pipeline_config_returns_config[habeas_corpus-HabeasCorpusDocumentType]" time="0.000" /><testcase classname="tests.unit.test_document_types.TestDocumentTypeInterface" name="test_get_pipeline_config_returns_config[agravo-AgravoDocumentType]" time="0.000" /><testcase classname="tests.unit.test_document_types.TestDocumentTypeInterface" name="test_get_pipeline_config_returns_config[embargos_declaracao-EmbargosDeclaracaoDocumentType]" time="0.000" /><testcase classname="tests.unit.test_document_types.TestDocumentTypeInterface" name="test_pipeline_has_required_fields[parecer-ParecerDocumentType]" time="0.001" /><testcase classname="tests.unit.test_document_types.TestDocumentTypeInterface" name="test_pipeline_has_required_fields[peticao_inicial-PeticaoInicialDocumentType]" time="0.001" /><testcase classname="tests.unit.test_document_types.TestDocumentTypeInterface" name="test_pipeline_has_required_fields[contestacao-ContestacaoDocumentType]" time="0.001" /><testcase classname="tests.unit.test_document_types.TestDocumentTypeInterface" name="test_pipeline_has_required_fields[recurso-RecursoDocumentType]" time="0.000" /><testcase classname="tests.unit.test_document_types.TestDocumentTypeInterface" name="test_pipeline_has_required_fields[acao_civil_publica-AcaoCivilPublicaDocumentType]" time="0.000" /><testcase classname="tests.unit.test_document_types.TestDocumentTypeInterface" name="test_pipeline_has_required_fields[sentenca-SentencaDocumentType]" time="0.000" /><testcase classname="tests.unit.test_document_types.TestDocumentTypeInterface" name="test_pipeline_has_required_fields[mandado_seguranca-MandadoSegurancaDocumentType]" time="0.001" /><testcase classname="tests.unit.test_document_types.TestDocumentTypeInterface" name="test_pipeline_has_required_fields[habeas_corpus-HabeasCorpusDocumentType]" time="0.001" /><testcase classname="tests.unit.test_document_types.TestDocumentTypeInterface" name="test_pipeline_has_required_fields[agravo-AgravoDocumentType]" time="0.001" /><testcase classname="tests.unit.test_document_types.TestDocumentTypeInterface" name="test_pipeline_has_required_fields[embargos_declaracao-EmbargosDeclaracaoDocumentType]" time="0.001" /><testcase classname="tests.unit.test_document_types.TestDocumentTypeInterface" name="test_each_agent_has_required_fields[parecer-ParecerDocumentType]" time="0.001" /><testcase classname="tests.unit.test_document_types.TestDocumentTypeInterface" name="test_each_agent_has_required_fields[peticao_inicial-PeticaoInicialDocumentType]" time="0.000" /><testcase classname="tests.unit.test_document_types.TestDocumentTypeInterface" name="test_each_agent_has_required_fields[contestacao-ContestacaoDocumentType]" time="0.000" /><testcase classname="tests.unit.test_document_types.TestDocumentTypeInterface" name="test_each_agent_has_required_fields[recurso-RecursoDocumentType]" time="0.000" /><testcase classname="tests.unit.test_document_types.TestDocumentTypeInterface" name="test_each_agent_has_required_fields[acao_civil_publica-AcaoCivilPublicaDocumentType]" time="0.000" /><testcase classname="tests.unit.test_document_types.TestDocumentTypeInterface" name="test_each_agent_has_required_fields[sentenca-SentencaDocumentType]" time="0.001" /><testcase classname="tests.unit.test_document_types.TestDocumentTypeInterface" name="test_each_agent_has_required_fields[mandado_seguranca-MandadoSegurancaDocumentType]" time="0.000" /><testcase classname="tests.unit.test_document_types.TestDocumentTypeInterface" name="test_each_agent_has_required_fields[habeas_corpus-HabeasCorpusDocumentType]" time="0.001" /><testcase classname="tests.unit.test_document_types.TestDocumentTypeInterface" name="test_each_agent_has_required_fields[agravo-AgravoDocumentType]" time="0.001" /><testcase classname="tests.unit.test_document_types.TestDocumentTypeInterface" name="test_each_agent_has_required_fields[embargos_declaracao-EmbargosDeclaracaoDocumentType]" time="0.001" /><testcase classname="tests.unit.test_document_types.TestDocumentTypeInterface" name="test_get_id_is_snake_case[parecer-ParecerDocumentType]" time="0.000" /><testcase classname="tests.unit.test_document_types.TestDocumentTypeInterface" name="test_get_id_is_snake_case[peticao_inicial-PeticaoInicialDocumentType]" time="0.001" /><testcase classname="tests.unit.test_document_types.TestDocumentTypeInterface" name="test_get_id_is_snake_case[contestacao-ContestacaoDocumentType]" time="0.001" /><testcase classname="tests.unit.test_document_types.TestDocumentTypeInterface" name="test_get_id_is_snake_case[recurso-RecursoDocumentType]" time="0.001" /><testcase classname="tests.unit.test_document_types.TestDocumentTypeInterface" name="test_get_id_is_snake_case[acao_civil_publica-AcaoCivilPublicaDocumentType]" time="0.001" /><testcase classname="tests.unit.test_document_types.TestDocumentTypeInterface" name="test_get_id_is_snake_case[sentenca-SentencaDocumentType]" time="0.001" /><testcase classname="tests.unit.test_document_types.TestDocumentTypeInterface" name="test_get_id_is_snake_case[mandado_seguranca-MandadoSegurancaDocumentType]" time="0.001" /><testcase classname="tests.unit.test_document_types.TestDocumentTypeInterface" name="test_get_id_is_snake_case[habeas_corpus-HabeasCorpusDocumentType]" time="0.001" /><testcase classname="tests.unit.test_document_types.TestDocumentTypeInterface" name="test_get_id_is_snake_case[agravo-AgravoDocumentType]" time="0.000" /><testcase classname="tests.unit.test_document_types.TestDocumentTypeInterface" name="test_get_id_is_snake_case[embargos_declaracao-EmbargosDeclaracaoDocumentType]" time="0.000" /><testcase classname="tests.unit.test_document_types.TestDocumentTypeInterface" name="test_has_health_check_method[parecer-ParecerDocumentType]" time="0.000" /><testcase classname="tests.unit.test_document_types.TestDocumentTypeInterface" name="test_has_health_check_method[peticao_inicial-PeticaoInicialDocumentType]" time="0.000" /><testcase classname="tests.unit.test_document_types.TestDocumentTypeInterface" name="test_has_health_check_method[contestacao-ContestacaoDocumentType]" time="0.001" /><testcase classname="tests.unit.test_document_types.TestDocumentTypeInterface" name="test_has_health_check_method[recurso-RecursoDocumentType]" time="0.000" /><testcase classname="tests.unit.test_document_types.TestDocumentTypeInterface" name="test_has_health_check_method[acao_civil_publica-AcaoCivilPublicaDocumentType]" time="0.000" /><testcase classname="tests.unit.test_document_types.TestDocumentTypeInterface" name="test_has_health_check_method[sentenca-SentencaDocumentType]" time="0.000" /><testcase classname="tests.unit.test_document_types.TestDocumentTypeInterface" name="test_has_health_check_method[mandado_seguranca-MandadoSegurancaDocumentType]" time="0.000" /><testcase classname="tests.unit.test_document_types.TestDocumentTypeInterface" name="test_has_health_check_method[habeas_corpus-HabeasCorpusDocumentType]" time="0.000" /><testcase classname="tests.unit.test_document_types.TestDocumentTypeInterface" name="test_has_health_check_method[agravo-AgravoDocumentType]" time="0.000" /><testcase classname="tests.unit.test_document_types.TestDocumentTypeInterface" name="test_has_health_check_method[embargos_declaracao-EmbargosDeclaracaoDocumentType]" time="0.001" /><testcase classname="tests.unit.test_integrator_rules.TestIntegratorInterface" name="test_has_get_header[parecer-packages.modules.document_types.parecer.integrator_rules]" time="0.000" /><testcase classname="tests.unit.test_integrator_rules.TestIntegratorInterface" name="test_has_get_header[peticao_inicial-packages.modules.document_types.peticao_inicial.integrator_rules]" time="0.000" /><testcase classname="tests.unit.test_integrator_rules.TestIntegratorInterface" name="test_has_get_header[contestacao-packages.modules.document_types.contestacao.integrator_rules]" time="0.000" /><testcase classname="tests.unit.test_integrator_rules.TestIntegratorInterface" name="test_has_get_header[recurso-packages.modules.document_types.recurso.integrator_rules]" time="0.000" /><testcase classname="tests.unit.test_integrator_rules.TestIntegratorInterface" name="test_has_get_header[sentenca-packages.modules.document_types.sentenca.integrator_rules]" time="0.000" /><testcase classname="tests.unit.test_integrator_rules.TestIntegratorInterface" name="test_has_get_header[acao_civil_publica-packages.modules.document_types.acao_civil_publica.integrator_rules]" time="0.000" /><testcase classname="tests.unit.test_integrator_rules.TestIntegratorInterface" name="test_has_get_footer[parecer-packages.modules.document_types.parecer.integrator_rules]" time="0.000" /><testcase classname="tests.unit.test_integrator_rules.TestIntegratorInterface" name="test_has_get_footer[peticao_inicial-packages.modules.document_types.peticao_inicial.integrator_rules]" time="0.000" /><testcase classname="tests.unit.test_integrator_rules.TestIntegratorInterface" name="test_has_get_footer[contestacao-packages.modules.document_types.contestacao.integrator_rules]" time="0.000" /><testcase classname="tests.unit.test_integrator_rules.TestIntegratorInterface" name="test_has_get_footer[recurso-packages.modules.document_types.recurso.integrator_rules]" time="0.000" /><testcase classname="tests.unit.test_integrator_rules.TestIntegratorInterface" name="test_has_get_footer[sentenca-packages.modules.document_types.sentenca.integrator_rules]" time="0.000" /><testcase classname="tests.unit.test_integrator_rules.TestIntegratorInterface" name="test_has_get_footer[acao_civil_publica-packages.modules.document_types.acao_civil_publica.integrator_rules]" time="0.000" /><testcase classname="tests.unit.test_integrator_rules.TestIntegratorInterface" name="test_has_post_process[parecer-packages.modules.document_types.parecer.integrator_rules]" time="0.000" /><testcase classname="tests.unit.test_integrator_rules.TestIntegratorInterface" name="test_has_post_process[peticao_inicial-packages.modules.document_types.peticao_inicial.integrator_rules]" time="0.000" /><testcase classname="tests.unit.test_integrator_rules.TestIntegratorInterface" name="test_has_post_process[contestacao-packages.modules.document_types.contestacao.integrator_rules]" time="0.000" /><testcase classname="tests.unit.test_integrator_rules.TestIntegratorInterface" name="test_has_post_process[recurso-packages.modules.document_types.recurso.integrator_rules]" time="0.000" /><testcase classname="tests.unit.test_integrator_rules.TestIntegratorInterface" name="test_has_post_process[sentenca-packages.modules.document_types.sentenca.integrator_rules]" time="0.000" /><testcase classname="tests.unit.test_integrator_rules.TestIntegratorInterface" name="test_has_post_process[acao_civil_publica-packages.modules.document_types.acao_civil_publica.integrator_rules]" time="0.001" /><testcase classname="tests.unit.test_integrator_rules.TestIntegratorInterface" name="test_get_header_returns_string[parecer-packages.modules.document_types.parecer.integrator_rules]" time="0.001" /><testcase classname="tests.unit.test_integrator_rules.TestIntegratorInterface" name="test_get_header_returns_string[peticao_inicial-packages.modules.document_types.peticao_inicial.integrator_rules]" time="0.000" /><testcase classname="tests.unit.test_integrator_rules.TestIntegratorInterface" name="test_get_header_returns_string[contestacao-packages.modules.document_types.contestacao.integrator_rules]" time="0.001" /><testcase classname="tests.unit.test_integrator_rules.TestIntegratorInterface" name="test_get_header_returns_string[recurso-packages.modules.document_types.recurso.integrator_rules]" time="0.000" /><testcase classname="tests.unit.test_integrator_rules.TestIntegratorInterface" name="test_get_header_returns_string[sentenca-packages.modules.document_types.sentenca.integrator_rules]" time="0.000" /><testcase classname="tests.unit.test_integrator_rules.TestIntegratorInterface" name="test_get_header_returns_string[acao_civil_publica-packages.modules.document_types.acao_civil_publica.integrator_rules]" time="0.000" /><testcase classname="tests.unit.test_integrator_rules.TestIntegratorInterface" name="test_get_footer_returns_string[parecer-packages.modules.document_types.parecer.integrator_rules]" time="0.000" /><testcase classname="tests.unit.test_integrator_rules.TestIntegratorInterface" name="test_get_footer_returns_string[peticao_inicial-packages.modules.document_types.peticao_inicial.integrator_rules]" time="0.000" /><testcase classname="tests.unit.test_integrator_rules.TestIntegratorInterface" name="test_get_footer_returns_string[contestacao-packages.modules.document_types.contestacao.integrator_rules]" time="0.000" /><testcase classname="tests.unit.test_integrator_rules.TestIntegratorInterface" name="test_get_footer_returns_string[recurso-packages.modules.document_types.recurso.integrator_rules]" time="0.000" /><testcase classname="tests.unit.test_integrator_rules.TestIntegratorInterface" name="test_get_footer_returns_string[sentenca-packages.modules.document_types.sentenca.integrator_rules]" time="0.001" /><testcase classname="tests.unit.test_integrator_rules.TestIntegratorInterface" name="test_get_footer_returns_string[acao_civil_publica-packages.modules.document_types.acao_civil_publica.integrator_rules]" time="0.001" /><testcase classname="tests.unit.test_integrator_rules.TestIntegratorInterface" name="test_post_process_returns_string[parecer-packages.modules.document_types.parecer.integrator_rules]" time="0.001" /><testcase classname="tests.unit.test_integrator_rules.TestIntegratorInterface" name="test_post_process_returns_string[peticao_inicial-packages.modules.document_types.peticao_inicial.integrator_rules]" time="0.002" /><testcase classname="tests.unit.test_integrator_rules.TestIntegratorInterface" name="test_post_process_returns_string[contestacao-packages.modules.document_types.contestacao.integrator_rules]" time="0.001" /><testcase classname="tests.unit.test_integrator_rules.TestIntegratorInterface" name="test_post_process_returns_string[recurso-packages.modules.document_types.recurso.integrator_rules]" time="0.001" /><testcase classname="tests.unit.test_integrator_rules.TestIntegratorInterface" name="test_post_process_returns_string[sentenca-packages.modules.document_types.sentenca.integrator_rules]" time="0.001" /><testcase classname="tests.unit.test_integrator_rules.TestIntegratorInterface" name="test_post_process_returns_string[acao_civil_publica-packages.modules.document_types.acao_civil_publica.integrator_rules]" time="0.001" /><testcase classname="tests.unit.test_integrator_rules.TestIntegratorInterface" name="test_get_footer_contains_current_year[parecer-packages.modules.document_types.parecer.integrator_rules]" time="0.000" /><testcase classname="tests.unit.test_integrator_rules.TestIntegratorInterface" name="test_get_footer_contains_current_year[peticao_inicial-packages.modules.document_types.peticao_inicial.integrator_rules]" time="0.000" /><testcase classname="tests.unit.test_integrator_rules.TestIntegratorInterface" name="test_get_footer_contains_current_year[contestacao-packages.modules.document_types.contestacao.integrator_rules]" time="0.000" /><testcase classname="tests.unit.test_integrator_rules.TestIntegratorInterface" name="test_get_footer_contains_current_year[recurso-packages.modules.document_types.recurso.integrator_rules]" time="0.000" /><testcase classname="tests.unit.test_integrator_rules.TestIntegratorInterface" name="test_get_footer_contains_current_year[sentenca-packages.modules.document_types.sentenca.integrator_rules]" time="0.000" /><testcase classname="tests.unit.test_integrator_rules.TestIntegratorInterface" name="test_get_footer_contains_current_year[acao_civil_publica-packages.modules.document_types.acao_civil_publica.integrator_rules]" time="0.000" /><testcase classname="tests.unit.test_integrator_rules.TestIntegratorInterface" name="test_post_process_removes_markdown_bold[parecer-packages.modules.document_types.parecer.integrator_rules]" time="0.000" /><testcase classname="tests.unit.test_integrator_rules.TestIntegratorInterface" name="test_post_process_removes_markdown_bold[peticao_inicial-packages.modules.document_types.peticao_inicial.integrator_rules]" time="0.001" /><testcase classname="tests.unit.test_integrator_rules.TestIntegratorInterface" name="test_post_process_removes_markdown_bold[contestacao-packages.modules.document_types.contestacao.integrator_rules]" time="0.000" /><testcase classname="tests.unit.test_integrator_rules.TestIntegratorInterface" name="test_post_process_removes_markdown_bold[recurso-packages.modules.document_types.recurso.integrator_rules]" time="0.000" /><testcase classname="tests.unit.test_integrator_rules.TestIntegratorInterface" name="test_post_process_removes_markdown_bold[sentenca-packages.modules.document_types.sentenca.integrator_rules]" time="0.000" /><testcase classname="tests.unit.test_integrator_rules.TestIntegratorInterface" name="test_post_process_removes_markdown_bold[acao_civil_publica-packages.modules.document_types.acao_civil_publica.integrator_rules]" time="0.000" /><testcase classname="tests.unit.test_integrator_rules.TestIntegratorInterface" name="test_post_process_removes_markdown_headers[parecer-packages.modules.document_types.parecer.integrator_rules]" time="0.000" /><testcase classname="tests.unit.test_integrator_rules.TestIntegratorInterface" name="test_post_process_removes_markdown_headers[peticao_inicial-packages.modules.document_types.peticao_inicial.integrator_rules]" time="0.000" /><testcase classname="tests.unit.test_integrator_rules.TestIntegratorInterface" name="test_post_process_removes_markdown_headers[contestacao-packages.modules.document_types.contestacao.integrator_rules]" time="0.000" /><testcase classname="tests.unit.test_integrator_rules.TestIntegratorInterface" name="test_post_process_removes_markdown_headers[recurso-packages.modules.document_types.recurso.integrator_rules]" time="0.000" /><testcase classname="tests.unit.test_integrator_rules.TestIntegratorInterface" name="test_post_process_removes_markdown_headers[sentenca-packages.modules.document_types.sentenca.integrator_rules]" time="0.000" /><testcase classname="tests.unit.test_integrator_rules.TestIntegratorInterface" name="test_post_process_removes_markdown_headers[acao_civil_publica-packages.modules.document_types.acao_civil_publica.integrator_rules]" time="0.000" /><testcase classname="tests.unit.test_integrator_rules.TestIntegratorInterface" name="test_post_process_collapses_excess_newlines[parecer-packages.modules.document_types.parecer.integrator_rules]" time="0.000" /><testcase classname="tests.unit.test_integrator_rules.TestIntegratorInterface" name="test_post_process_collapses_excess_newlines[peticao_inicial-packages.modules.document_types.peticao_inicial.integrator_rules]" time="0.001" /><testcase classname="tests.unit.test_integrator_rules.TestIntegratorInterface" name="test_post_process_collapses_excess_newlines[contestacao-packages.modules.document_types.contestacao.integrator_rules]" time="0.000" /><testcase classname="tests.unit.test_integrator_rules.TestIntegratorInterface" name="test_post_process_collapses_excess_newlines[recurso-packages.modules.document_types.recurso.integrator_rules]" time="0.000" /><testcase classname="tests.unit.test_integrator_rules.TestIntegratorInterface" name="test_post_process_collapses_excess_newlines[sentenca-packages.modules.document_types.sentenca.integrator_rules]" time="0.000" /><testcase classname="tests.unit.test_integrator_rules.TestIntegratorInterface" name="test_post_process_collapses_excess_newlines[acao_civil_publica-packages.modules.document_types.acao_civil_publica.integrator_rules]" time="0.000" /><testcase classname="tests.unit.test_integrator_rules.TestIntegratorInterface" name="test_post_process_strips_text[parecer-packages.modules.document_types.parecer.integrator_rules]" time="0.000" /><testcase classname="tests.unit.test_integrator_rules.TestIntegratorInterface" name="test_post_process_strips_text[peticao_inicial-packages.modules.document_types.peticao_inicial.integrator_rules]" time="0.000" /><testcase classname="tests.unit.test_integrator_rules.TestIntegratorInterface" name="test_post_process_strips_text[contestacao-packages.modules.document_types.contestacao.integrator_rules]" time="0.000" /><testcase classname="tests.unit.test_integrator_rules.TestIntegratorInterface" name="test_post_process_strips_text[recurso-packages.modules.document_types.recurso.integrator_rules]" time="0.001" /><testcase classname="tests.unit.test_integrator_rules.TestIntegratorInterface" name="test_post_process_strips_text[sentenca-packages.modules.document_types.sentenca.integrator_rules]" time="0.001" /><testcase classname="tests.unit.test_integrator_rules.TestIntegratorInterface" name="test_post_process_strips_text[acao_civil_publica-packages.modules.document_types.acao_civil_publica.integrator_rules]" time="0.001" /><testcase classname="tests.unit.test_integrator_rules.TestIntegratorInterface" name="test_get_header_with_org_name[parecer-packages.modules.document_types.parecer.integrator_rules]" time="0.001" /><testcase classname="tests.unit.test_integrator_rules.TestIntegratorInterface" name="test_get_header_with_org_name[peticao_inicial-packages.modules.document_types.peticao_inicial.integrator_rules]" time="0.000" /><testcase classname="tests.unit.test_integrator_rules.TestIntegratorInterface" name="test_get_header_with_org_name[contestacao-packages.modules.document_types.contestacao.integrator_rules]" time="0.000" /><testcase classname="tests.unit.test_integrator_rules.TestIntegratorInterface" name="test_get_header_with_org_name[recurso-packages.modules.document_types.recurso.integrator_rules]" time="0.000" /><testcase classname="tests.unit.test_integrator_rules.TestIntegratorInterface" name="test_get_header_with_org_name[sentenca-packages.modules.document_types.sentenca.integrator_rules]" time="0.000" /><testcase classname="tests.unit.test_integrator_rules.TestIntegratorInterface" name="test_get_header_with_org_name[acao_civil_publica-packages.modules.document_types.acao_civil_publica.integrator_rules]" time="0.000" /><testcase classname="tests.unit.test_integrator_rules.TestIntegratorInterface" name="test_get_footer_with_author[parecer-packages.modules.document_types.parecer.integrator_rules]" time="0.000" /><testcase classname="tests.unit.test_integrator_rules.TestIntegratorInterface" name="test_get_footer_with_author[peticao_inicial-packages.modules.document_types.peticao_inicial.integrator_rules]" time="0.001" /><testcase classname="tests.unit.test_integrator_rules.TestIntegratorInterface" name="test_get_footer_with_author[contestacao-packages.modules.document_types.contestacao.integrator_rules]" time="0.000" /><testcase classname="tests.unit.test_integrator_rules.TestIntegratorInterface" name="test_get_footer_with_author[recurso-packages.modules.document_types.recurso.integrator_rules]" time="0.001" /><testcase classname="tests.unit.test_integrator_rules.TestIntegratorInterface" name="test_get_footer_with_author[sentenca-packages.modules.document_types.sentenca.integrator_rules]" time="0.001" /><testcase classname="tests.unit.test_integrator_rules.TestIntegratorInterface" name="test_get_footer_with_author[acao_civil_publica-packages.modules.document_types.acao_civil_publica.integrator_rules]" time="0.001" /><testcase classname="tests.unit.test_integrator_rules.TestParecerIntegrator" name="test_mprs_header_contains_greeting" time="0.000" /><testcase classname="tests.unit.test_integrator_rules.TestParecerIntegrator" name="test_generic_header_with_user_title" time="0.000" /><testcase classname="tests.unit.test_integrator_rules.TestParecerIntegrator" name="test_footer_has_date" time="0.000" /><testcase classname="tests.unit.test_integrator_rules.TestParecerIntegrator" name="test_post_process_removes_duplicate_sections" time="0.001" /><testcase classname="tests.unit.test_integrator_rules.TestPeticaoIntegrator" name="test_header_contains_judicial_address" time="0.000" /><testcase classname="tests.unit.test_integrator_rules.TestPeticaoIntegrator" name="test_header_with_comarca_and_vara" time="0.001" /><testcase classname="tests.unit.test_integrator_rules.TestPeticaoIntegrator" name="test_footer_contains_closing" time="0.000" /><testcase classname="tests.unit.test_integrator_rules.TestPeticaoIntegrator" name="test_post_process_removes_header_from_body" time="0.001" /><testcase classname="tests.unit.test_integrator_rules.TestContestacaoIntegrator" name="test_header_with_processo_number" time="0.000" /><testcase classname="tests.unit.test_integrator_rules.TestContestacaoIntegrator" name="test_footer_with_defensora" time="0.000" /><testcase classname="tests.unit.test_integrator_rules.TestRecursoIntegrator" name="test_apelacao_header" time="0.000" /><testcase classname="tests.unit.test_integrator_rules.TestRecursoIntegrator" name="test_embargos_header" time="0.000" /><testcase classname="tests.unit.test_integrator_rules.TestRecursoIntegrator" name="test_agravo_instrumento_header" time="0.000" /><testcase classname="tests.unit.test_integrator_rules.TestSentencaIntegrator" name="test_header_starts_with_poder_judiciario" time="0.000" /><testcase classname="tests.unit.test_integrator_rules.TestSentencaIntegrator" name="test_header_includes_comarca" time="0.000" /><testcase classname="tests.unit.test_integrator_rules.TestSentencaIntegrator" name="test_post_process_preserves_dispositivo" time="0.000" /><testcase classname="tests.unit.test_integrator_rules.TestAcpIntegrator" name="test_header_contains_judicial_address" time="0.000" /><testcase classname="tests.unit.test_integrator_rules.TestAcpIntegrator" name="test_footer_contains_mp_closing" time="0.000" /><testcase classname="tests.unit.test_legal_areas.TestLegalAreaInterface" name="test_instantiable[administrative-AdministrativeArea]" time="0.000" /><testcase classname="tests.unit.test_legal_areas.TestLegalAreaInterface" name="test_instantiable[civil-CivilArea]" time="0.000" /><testcase classname="tests.unit.test_legal_areas.TestLegalAreaInterface" name="test_instantiable[constitutional-ConstitutionalArea]" time="0.001" /><testcase classname="tests.unit.test_legal_areas.TestLegalAreaInterface" name="test_instantiable[labor-LaborArea]" time="0.001" /><testcase classname="tests.unit.test_legal_areas.TestLegalAreaInterface" name="test_instantiable[tax-TaxArea]" time="0.001" /><testcase classname="tests.unit.test_legal_areas.TestLegalAreaInterface" name="test_instantiable[criminal-CriminalArea]" time="0.000" /><testcase classname="tests.unit.test_legal_areas.TestLegalAreaInterface" name="test_instantiable[criminal_procedure-CriminalProcedureArea]" time="0.000" /><testcase classname="tests.unit.test_legal_areas.TestLegalAreaInterface" name="test_instantiable[civil_procedure-CivilProcedureArea]" time="0.001" /><testcase classname="tests.unit.test_legal_areas.TestLegalAreaInterface" name="test_instantiable[consumer-ConsumerArea]" time="0.000" /><testcase classname="tests.unit.test_legal_areas.TestLegalAreaInterface" name="test_instantiable[environmental-EnvironmentalArea]" time="0.000" /><testcase classname="tests.unit.test_legal_areas.TestLegalAreaInterface" name="test_instantiable[business-BusinessArea]" time="0.000" /><testcase classname="tests.unit.test_legal_areas.TestLegalAreaInterface" name="test_instantiable[family-FamilyArea]" time="0.000" /><testcase classname="tests.unit.test_legal_areas.TestLegalAreaInterface" name="test_instantiable[inheritance-InheritanceArea]" time="0.000" /><testcase classname="tests.unit.test_legal_areas.TestLegalAreaInterface" name="test_instantiable[social_security-SocialSecurityArea]" time="0.000" /><testcase classname="tests.unit.test_legal_areas.TestLegalAreaInterface" name="test_instantiable[electoral-ElectoralArea]" time="0.000" /><testcase classname="tests.unit.test_legal_areas.TestLegalAreaInterface" name="test_instantiable[international-InternationalArea]" time="0.000" /><testcase classname="tests.unit.test_legal_areas.TestLegalAreaInterface" name="test_instantiable[digital-DigitalArea]" time="0.000" /><testcase classname="tests.unit.test_legal_areas.TestLegalAreaInterface" name="test_get_id_returns_correct_value[administrative-AdministrativeArea]" time="0.001" /><testcase classname="tests.unit.test_legal_areas.TestLegalAreaInterface" name="test_get_id_returns_correct_value[civil-CivilArea]" time="0.000" /><testcase classname="tests.unit.test_legal_areas.TestLegalAreaInterface" name="test_get_id_returns_correct_value[constitutional-ConstitutionalArea]" time="0.000" /><testcase classname="tests.unit.test_legal_areas.TestLegalAreaInterface" name="test_get_id_returns_correct_value[labor-LaborArea]" time="0.000" /><testcase classname="tests.unit.test_legal_areas.TestLegalAreaInterface" name="test_get_id_returns_correct_value[tax-TaxArea]" time="0.000" /><testcase classname="tests.unit.test_legal_areas.TestLegalAreaInterface" name="test_get_id_returns_correct_value[criminal-CriminalArea]" time="0.000" /><testcase classname="tests.unit.test_legal_areas.TestLegalAreaInterface" name="test_get_id_returns_correct_value[criminal_procedure-CriminalProcedureArea]" time="0.000" /><testcase classname="tests.unit.test_legal_areas.TestLegalAreaInterface" name="test_get_id_returns_correct_value[civil_procedure-CivilProcedureArea]" time="0.001" /><testcase classname="tests.unit.test_legal_areas.TestLegalAreaInterface" name="test_get_id_returns_correct_value[consumer-ConsumerArea]" time="0.000" /><testcase classname="tests.unit.test_legal_areas.TestLegalAreaInterface" name="test_get_id_returns_correct_value[environmental-EnvironmentalArea]" time="0.000" /><testcase classname="tests.unit.test_legal_areas.TestLegalAreaInterface" name="test_get_id_returns_correct_value[business-BusinessArea]" time="0.000" /><testcase classname="tests.unit.test_legal_areas.TestLegalAreaInterface" name="test_get_id_returns_correct_value[family-FamilyArea]" time="0.001" /><testcase classname="tests.unit.test_legal_areas.TestLegalAreaInterface" name="test_get_id_returns_correct_value[inheritance-InheritanceArea]" time="0.000" /><testcase classname="tests.unit.test_legal_areas.TestLegalAreaInterface" name="test_get_id_returns_correct_value[social_security-SocialSecurityArea]" time="0.001" /><testcase classname="tests.unit.test_legal_areas.TestLegalAreaInterface" name="test_get_id_returns_correct_value[electoral-ElectoralArea]" time="0.000" /><testcase classname="tests.unit.test_legal_areas.TestLegalAreaInterface" name="test_get_id_returns_correct_value[international-InternationalArea]" time="0.000" /><testcase classname="tests.unit.test_legal_areas.TestLegalAreaInterface" name="test_get_id_returns_correct_value[digital-DigitalArea]" time="0.000" /><testcase classname="tests.unit.test_legal_areas.TestLegalAreaInterface" name="test_get_name_returns_non_empty_string[administrative-AdministrativeArea]" time="0.000" /><testcase classname="tests.unit.test_legal_areas.TestLegalAreaInterface" name="test_get_name_returns_non_empty_string[civil-CivilArea]" time="0.000" /><testcase classname="tests.unit.test_legal_areas.TestLegalAreaInterface" name="test_get_name_returns_non_empty_string[constitutional-ConstitutionalArea]" time="0.000" /><testcase classname="tests.unit.test_legal_areas.TestLegalAreaInterface" name="test_get_name_returns_non_empty_string[labor-LaborArea]" time="0.001" /><testcase classname="tests.unit.test_legal_areas.TestLegalAreaInterface" name="test_get_name_returns_non_empty_string[tax-TaxArea]" time="0.000" /><testcase classname="tests.unit.test_legal_areas.TestLegalAreaInterface" name="test_get_name_returns_non_empty_string[criminal-CriminalArea]" time="0.001" /><testcase classname="tests.unit.test_legal_areas.TestLegalAreaInterface" name="test_get_name_returns_non_empty_string[criminal_procedure-CriminalProcedureArea]" time="0.000" /><testcase classname="tests.unit.test_legal_areas.TestLegalAreaInterface" name="test_get_name_returns_non_empty_string[civil_procedure-CivilProcedureArea]" time="0.000" /><testcase classname="tests.unit.test_legal_areas.TestLegalAreaInterface" name="test_get_name_returns_non_empty_string[consumer-ConsumerArea]" time="0.000" /><testcase classname="tests.unit.test_legal_areas.TestLegalAreaInterface" name="test_get_name_returns_non_empty_string[environmental-EnvironmentalArea]" time="0.000" /><testcase classname="tests.unit.test_legal_areas.TestLegalAreaInterface" name="test_get_name_returns_non_empty_string[business-BusinessArea]" time="0.000" /><testcase classname="tests.unit.test_legal_areas.TestLegalAreaInterface" name="test_get_name_returns_non_empty_string[family-FamilyArea]" time="0.000" /><testcase classname="tests.unit.test_legal_areas.TestLegalAreaInterface" name="test_get_name_returns_non_empty_string[inheritance-InheritanceArea]" time="0.000" /><testcase classname="tests.unit.test_legal_areas.TestLegalAreaInterface" name="test_get_name_returns_non_empty_string[social_security-SocialSecurityArea]" time="0.000" /><testcase classname="tests.unit.test_legal_areas.TestLegalAreaInterface" name="test_get_name_returns_non_empty_string[electoral-ElectoralArea]" time="0.000" /><testcase classname="tests.unit.test_legal_areas.TestLegalAreaInterface" name="test_get_name_returns_non_empty_string[international-InternationalArea]" time="0.000" /><testcase classname="tests.unit.test_legal_areas.TestLegalAreaInterface" name="test_get_name_returns_non_empty_string[digital-DigitalArea]" time="0.001" /><testcase classname="tests.unit.test_legal_areas.TestLegalAreaInterface" name="test_get_description_returns_non_empty_string[administrative-AdministrativeArea]" time="0.001" /><testcase classname="tests.unit.test_legal_areas.TestLegalAreaInterface" name="test_get_description_returns_non_empty_string[civil-CivilArea]" time="0.000" /><testcase classname="tests.unit.test_legal_areas.TestLegalAreaInterface" name="test_get_description_returns_non_empty_string[constitutional-ConstitutionalArea]" time="0.000" /><testcase classname="tests.unit.test_legal_areas.TestLegalAreaInterface" name="test_get_description_returns_non_empty_string[labor-LaborArea]" time="0.001" /><testcase classname="tests.unit.test_legal_areas.TestLegalAreaInterface" name="test_get_description_returns_non_empty_string[tax-TaxArea]" time="0.000" /><testcase classname="tests.unit.test_legal_areas.TestLegalAreaInterface" name="test_get_description_returns_non_empty_string[criminal-CriminalArea]" time="0.001" /><testcase classname="tests.unit.test_legal_areas.TestLegalAreaInterface" name="test_get_description_returns_non_empty_string[criminal_procedure-CriminalProcedureArea]" time="0.000" /><testcase classname="tests.unit.test_legal_areas.TestLegalAreaInterface" name="test_get_description_returns_non_empty_string[civil_procedure-CivilProcedureArea]" time="0.001" /><testcase classname="tests.unit.test_legal_areas.TestLegalAreaInterface" name="test_get_description_returns_non_empty_string[consumer-ConsumerArea]" time="0.001" /><testcase classname="tests.unit.test_legal_areas.TestLegalAreaInterface" name="test_get_description_returns_non_empty_string[environmental-EnvironmentalArea]" time="0.000" /><testcase classname="tests.unit.test_legal_areas.TestLegalAreaInterface" name="test_get_description_returns_non_empty_string[business-BusinessArea]" time="0.000" /><testcase classname="tests.unit.test_legal_areas.TestLegalAreaInterface" name="test_get_description_returns_non_empty_string[family-FamilyArea]" time="0.001" /><testcase classname="tests.unit.test_legal_areas.TestLegalAreaInterface" name="test_get_description_returns_non_empty_string[inheritance-InheritanceArea]" time="0.000" /><testcase classname="tests.unit.test_legal_areas.TestLegalAreaInterface" name="test_get_description_returns_non_empty_string[social_security-SocialSecurityArea]" time="0.000" /><testcase classname="tests.unit.test_legal_areas.TestLegalAreaInterface" name="test_get_description_returns_non_empty_string[electoral-ElectoralArea]" time="0.000" /><testcase classname="tests.unit.test_legal_areas.TestLegalAreaInterface" name="test_get_description_returns_non_empty_string[international-InternationalArea]" time="0.000" /><testcase classname="tests.unit.test_legal_areas.TestLegalAreaInterface" name="test_get_description_returns_non_empty_string[digital-DigitalArea]" time="0.000" /><testcase classname="tests.unit.test_legal_areas.TestLegalAreaInterface" name="test_get_specializations_returns_list[administrative-AdministrativeArea]" time="0.000" /><testcase classname="tests.unit.test_legal_areas.TestLegalAreaInterface" name="test_get_specializations_returns_list[civil-CivilArea]" time="0.000" /><testcase classname="tests.unit.test_legal_areas.TestLegalAreaInterface" name="test_get_specializations_returns_list[constitutional-ConstitutionalArea]" time="0.000" /><testcase classname="tests.unit.test_legal_areas.TestLegalAreaInterface" name="test_get_specializations_returns_list[labor-LaborArea]" time="0.000" /><testcase classname="tests.unit.test_legal_areas.TestLegalAreaInterface" name="test_get_specializations_returns_list[tax-TaxArea]" time="0.000" /><testcase classname="tests.unit.test_legal_areas.TestLegalAreaInterface" name="test_get_specializations_returns_list[criminal-CriminalArea]" time="0.000" /><testcase classname="tests.unit.test_legal_areas.TestLegalAreaInterface" name="test_get_specializations_returns_list[criminal_procedure-CriminalProcedureArea]" time="0.000" /><testcase classname="tests.unit.test_legal_areas.TestLegalAreaInterface" name="test_get_specializations_returns_list[civil_procedure-CivilProcedureArea]" time="0.000" /><testcase classname="tests.unit.test_legal_areas.TestLegalAreaInterface" name="test_get_specializations_returns_list[consumer-ConsumerArea]" time="0.000" /><testcase classname="tests.unit.test_legal_areas.TestLegalAreaInterface" name="test_get_specializations_returns_list[environmental-EnvironmentalArea]" time="0.000" /><testcase classname="tests.unit.test_legal_areas.TestLegalAreaInterface" name="test_get_specializations_returns_list[business-BusinessArea]" time="0.000" /><testcase classname="tests.unit.test_legal_areas.TestLegalAreaInterface" name="test_get_specializations_returns_list[family-FamilyArea]" time="0.000" /><testcase classname="tests.unit.test_legal_areas.TestLegalAreaInterface" name="test_get_specializations_returns_list[inheritance-InheritanceArea]" time="0.000" /><testcase classname="tests.unit.test_legal_areas.TestLegalAreaInterface" name="test_get_specializations_returns_list[social_security-SocialSecurityArea]" time="0.000" /><testcase classname="tests.unit.test_legal_areas.TestLegalAreaInterface" name="test_get_specializations_returns_list[electoral-ElectoralArea]" time="0.000" /><testcase classname="tests.unit.test_legal_areas.TestLegalAreaInterface" name="test_get_specializations_returns_list[international-InternationalArea]" time="0.000" /><testcase classname="tests.unit.test_legal_areas.TestLegalAreaInterface" name="test_get_specializations_returns_list[digital-DigitalArea]" time="0.001" /><testcase classname="tests.unit.test_legal_areas.TestLegalAreaInterface" name="test_get_specializations_are_strings[administrative-AdministrativeArea]" time="0.001" /><testcase classname="tests.unit.test_legal_areas.TestLegalAreaInterface" name="test_get_specializations_are_strings[civil-CivilArea]" time="0.000" /><testcase classname="tests.unit.test_legal_areas.TestLegalAreaInterface" name="test_get_specializations_are_strings[constitutional-ConstitutionalArea]" time="0.000" /><testcase classname="tests.unit.test_legal_areas.TestLegalAreaInterface" name="test_get_specializations_are_strings[labor-LaborArea]" time="0.000" /><testcase classname="tests.unit.test_legal_areas.TestLegalAreaInterface" name="test_get_specializations_are_strings[tax-TaxArea]" time="0.000" /><testcase classname="tests.unit.test_legal_areas.TestLegalAreaInterface" name="test_get_specializations_are_strings[criminal-CriminalArea]" time="0.000" /><testcase classname="tests.unit.test_legal_areas.TestLegalAreaInterface" name="test_get_specializations_are_strings[criminal_procedure-CriminalProcedureArea]" time="0.000" /><testcase classname="tests.unit.test_legal_areas.TestLegalAreaInterface" name="test_get_specializations_are_strings[civil_procedure-CivilProcedureArea]" time="0.000" /><testcase classname="tests.unit.test_legal_areas.TestLegalAreaInterface" name="test_get_specializations_are_strings[consumer-ConsumerArea]" time="0.000" /><testcase classname="tests.unit.test_legal_areas.TestLegalAreaInterface" name="test_get_specializations_are_strings[environmental-EnvironmentalArea]" time="0.001" /><testcase classname="tests.unit.test_legal_areas.TestLegalAreaInterface" name="test_get_specializations_are_strings[business-BusinessArea]" time="0.001" /><testcase classname="tests.unit.test_legal_areas.TestLegalAreaInterface" name="test_get_specializations_are_strings[family-FamilyArea]" time="0.000" /><testcase classname="tests.unit.test_legal_areas.TestLegalAreaInterface" name="test_get_specializations_are_strings[inheritance-InheritanceArea]" time="0.000" /><testcase classname="tests.unit.test_legal_areas.TestLegalAreaInterface" name="test_get_specializations_are_strings[social_security-SocialSecurityArea]" time="0.000" /><testcase classname="tests.unit.test_legal_areas.TestLegalAreaInterface" name="test_get_specializations_are_strings[electoral-ElectoralArea]" time="0.000" /><testcase classname="tests.unit.test_legal_areas.TestLegalAreaInterface" name="test_get_specializations_are_strings[international-InternationalArea]" time="0.000" /><testcase classname="tests.unit.test_legal_areas.TestLegalAreaInterface" name="test_get_specializations_are_strings[digital-DigitalArea]" time="0.000" /><testcase classname="tests.unit.test_legal_areas.TestLegalAreaInterface" name="test_get_guides_returns_list[administrative-AdministrativeArea]" time="0.001" /><testcase classname="tests.unit.test_legal_areas.TestLegalAreaInterface" name="test_get_guides_returns_list[civil-CivilArea]" time="0.001" /><testcase classname="tests.unit.test_legal_areas.TestLegalAreaInterface" name="test_get_guides_returns_list[constitutional-ConstitutionalArea]" time="0.001" /><testcase classname="tests.unit.test_legal_areas.TestLegalAreaInterface" name="test_get_guides_returns_list[labor-LaborArea]" time="0.001" /><testcase classname="tests.unit.test_legal_areas.TestLegalAreaInterface" name="test_get_guides_returns_list[tax-TaxArea]" time="0.001" /><testcase classname="tests.unit.test_legal_areas.TestLegalAreaInterface" name="test_get_guides_returns_list[criminal-CriminalArea]" time="0.001" /><testcase classname="tests.unit.test_legal_areas.TestLegalAreaInterface" name="test_get_guides_returns_list[criminal_procedure-CriminalProcedureArea]" time="0.001" /><testcase classname="tests.unit.test_legal_areas.TestLegalAreaInterface" name="test_get_guides_returns_list[civil_procedure-CivilProcedureArea]" time="0.001" /><testcase classname="tests.unit.test_legal_areas.TestLegalAreaInterface" name="test_get_guides_returns_list[consumer-ConsumerArea]" time="0.001" /><testcase classname="tests.unit.test_legal_areas.TestLegalAreaInterface" name="test_get_guides_returns_list[environmental-EnvironmentalArea]" time="0.001" /><testcase classname="tests.unit.test_legal_areas.TestLegalAreaInterface" name="test_get_guides_returns_list[business-BusinessArea]" time="0.001" /><testcase classname="tests.unit.test_legal_areas.TestLegalAreaInterface" name="test_get_guides_returns_list[family-FamilyArea]" time="0.001" /><testcase classname="tests.unit.test_legal_areas.TestLegalAreaInterface" name="test_get_guides_returns_list[inheritance-InheritanceArea]" time="0.001" /><testcase classname="tests.unit.test_legal_areas.TestLegalAreaInterface" name="test_get_guides_returns_list[social_security-SocialSecurityArea]" time="0.001" /><testcase classname="tests.unit.test_legal_areas.TestLegalAreaInterface" name="test_get_guides_returns_list[electoral-ElectoralArea]" time="0.001" /><testcase classname="tests.unit.test_legal_areas.TestLegalAreaInterface" name="test_get_guides_returns_list[international-InternationalArea]" time="0.001" /><testcase classname="tests.unit.test_legal_areas.TestLegalAreaInterface" name="test_get_guides_returns_list[digital-DigitalArea]" time="0.001" /><testcase classname="tests.unit.test_legal_areas.TestLegalAreaInterface" name="test_get_guides_have_correct_keys[administrative-AdministrativeArea]" time="0.001" /><testcase classname="tests.unit.test_legal_areas.TestLegalAreaInterface" name="test_get_guides_have_correct_keys[civil-CivilArea]" time="0.001" /><testcase classname="tests.unit.test_legal_areas.TestLegalAreaInterface" name="test_get_guides_have_correct_keys[constitutional-ConstitutionalArea]" time="0.001" /><testcase classname="tests.unit.test_legal_areas.TestLegalAreaInterface" name="test_get_guides_have_correct_keys[labor-LaborArea]" time="0.001" /><testcase classname="tests.unit.test_legal_areas.TestLegalAreaInterface" name="test_get_guides_have_correct_keys[tax-TaxArea]" time="0.001" /><testcase classname="tests.unit.test_legal_areas.TestLegalAreaInterface" name="test_get_guides_have_correct_keys[criminal-CriminalArea]" time="0.001" /><testcase classname="tests.unit.test_legal_areas.TestLegalAreaInterface" name="test_get_guides_have_correct_keys[criminal_procedure-CriminalProcedureArea]" time="0.001" /><testcase classname="tests.unit.test_legal_areas.TestLegalAreaInterface" name="test_get_guides_have_correct_keys[civil_procedure-CivilProcedureArea]" time="0.001" /><testcase classname="tests.unit.test_legal_areas.TestLegalAreaInterface" name="test_get_guides_have_correct_keys[consumer-ConsumerArea]" time="0.001" /><testcase classname="tests.unit.test_legal_areas.TestLegalAreaInterface" name="test_get_guides_have_correct_keys[environmental-EnvironmentalArea]" time="0.001" /><testcase classname="tests.unit.test_legal_areas.TestLegalAreaInterface" name="test_get_guides_have_correct_keys[business-BusinessArea]" time="0.001" /><testcase classname="tests.unit.test_legal_areas.TestLegalAreaInterface" name="test_get_guides_have_correct_keys[family-FamilyArea]" time="0.001" /><testcase classname="tests.unit.test_legal_areas.TestLegalAreaInterface" name="test_get_guides_have_correct_keys[inheritance-InheritanceArea]" time="0.001" /><testcase classname="tests.unit.test_legal_areas.TestLegalAreaInterface" name="test_get_guides_have_correct_keys[social_security-SocialSecurityArea]" time="0.001" /><testcase classname="tests.unit.test_legal_areas.TestLegalAreaInterface" name="test_get_guides_have_correct_keys[electoral-ElectoralArea]" time="0.001" /><testcase classname="tests.unit.test_legal_areas.TestLegalAreaInterface" name="test_get_guides_have_correct_keys[international-InternationalArea]" time="0.001" /><testcase classname="tests.unit.test_legal_areas.TestLegalAreaInterface" name="test_get_guides_have_correct_keys[digital-DigitalArea]" time="0.001" /><testcase classname="tests.unit.test_legal_areas.TestLegalAreaInterface" name="test_has_generate_theses_method[administrative-AdministrativeArea]" time="0.000" /><testcase classname="tests.unit.test_legal_areas.TestLegalAreaInterface" name="test_has_generate_theses_method[civil-CivilArea]" time="0.000" /><testcase classname="tests.unit.test_legal_areas.TestLegalAreaInterface" name="test_has_generate_theses_method[constitutional-ConstitutionalArea]" time="0.000" /><testcase classname="tests.unit.test_legal_areas.TestLegalAreaInterface" name="test_has_generate_theses_method[labor-LaborArea]" time="0.000" /><testcase classname="tests.unit.test_legal_areas.TestLegalAreaInterface" name="test_has_generate_theses_method[tax-TaxArea]" time="0.000" /><testcase classname="tests.unit.test_legal_areas.TestLegalAreaInterface" name="test_has_generate_theses_method[criminal-CriminalArea]" time="0.000" /><testcase classname="tests.unit.test_legal_areas.TestLegalAreaInterface" name="test_has_generate_theses_method[criminal_procedure-CriminalProcedureArea]" time="0.000" /><testcase classname="tests.unit.test_legal_areas.TestLegalAreaInterface" name="test_has_generate_theses_method[civil_procedure-CivilProcedureArea]" time="0.000" /><testcase classname="tests.unit.test_legal_areas.TestLegalAreaInterface" name="test_has_generate_theses_method[consumer-ConsumerArea]" time="0.001" /><testcase classname="tests.unit.test_legal_areas.TestLegalAreaInterface" name="test_has_generate_theses_method[environmental-EnvironmentalArea]" time="0.000" /><testcase classname="tests.unit.test_legal_areas.TestLegalAreaInterface" name="test_has_generate_theses_method[business-BusinessArea]" time="0.000" /><testcase classname="tests.unit.test_legal_areas.TestLegalAreaInterface" name="test_has_generate_theses_method[family-FamilyArea]" time="0.000" /><testcase classname="tests.unit.test_legal_areas.TestLegalAreaInterface" name="test_has_generate_theses_method[inheritance-InheritanceArea]" time="0.000" /><testcase classname="tests.unit.test_legal_areas.TestLegalAreaInterface" name="test_has_generate_theses_method[social_security-SocialSecurityArea]" time="0.001" /><testcase classname="tests.unit.test_legal_areas.TestLegalAreaInterface" name="test_has_generate_theses_method[electoral-ElectoralArea]" time="0.001" /><testcase classname="tests.unit.test_legal_areas.TestLegalAreaInterface" name="test_has_generate_theses_method[international-InternationalArea]" time="0.000" /><testcase classname="tests.unit.test_legal_areas.TestLegalAreaInterface" name="test_has_generate_theses_method[digital-DigitalArea]" time="0.000" /><testcase classname="tests.unit.test_legal_areas.TestLegalAreaInterface" name="test_has_health_check_method[administrative-AdministrativeArea]" time="0.000" /><testcase classname="tests.unit.test_legal_areas.TestLegalAreaInterface" name="test_has_health_check_method[civil-CivilArea]" time="0.000" /><testcase classname="tests.unit.test_legal_areas.TestLegalAreaInterface" name="test_has_health_check_method[constitutional-ConstitutionalArea]" time="0.000" /><testcase classname="tests.unit.test_legal_areas.TestLegalAreaInterface" name="test_has_health_check_method[labor-LaborArea]" time="0.000" /><testcase classname="tests.unit.test_legal_areas.TestLegalAreaInterface" name="test_has_health_check_method[tax-TaxArea]" time="0.000" /><testcase classname="tests.unit.test_legal_areas.TestLegalAreaInterface" name="test_has_health_check_method[criminal-CriminalArea]" time="0.000" /><testcase classname="tests.unit.test_legal_areas.TestLegalAreaInterface" name="test_has_health_check_method[criminal_procedure-CriminalProcedureArea]" time="0.000" /><testcase classname="tests.unit.test_legal_areas.TestLegalAreaInterface" name="test_has_health_check_method[civil_procedure-CivilProcedureArea]" time="0.000" /><testcase classname="tests.unit.test_legal_areas.TestLegalAreaInterface" name="test_has_health_check_method[consumer-ConsumerArea]" time="0.000" /><testcase classname="tests.unit.test_legal_areas.TestLegalAreaInterface" name="test_has_health_check_method[environmental-EnvironmentalArea]" time="0.000" /><testcase classname="tests.unit.test_legal_areas.TestLegalAreaInterface" name="test_has_health_check_method[business-BusinessArea]" time="0.000" /><testcase classname="tests.unit.test_legal_areas.TestLegalAreaInterface" name="test_has_health_check_method[family-FamilyArea]" time="0.000" /><testcase classname="tests.unit.test_legal_areas.TestLegalAreaInterface" name="test_has_health_check_method[inheritance-InheritanceArea]" time="0.000" /><testcase classname="tests.unit.test_legal_areas.TestLegalAreaInterface" name="test_has_health_check_method[social_security-SocialSecurityArea]" time="0.000" /><testcase classname="tests.unit.test_legal_areas.TestLegalAreaInterface" name="test_has_health_check_method[electoral-ElectoralArea]" time="0.000" /><testcase classname="tests.unit.test_legal_areas.TestLegalAreaInterface" name="test_has_health_check_method[international-InternationalArea]" time="0.000" /><testcase classname="tests.unit.test_legal_areas.TestLegalAreaInterface" name="test_has_health_check_method[digital-DigitalArea]" time="0.000" /><testcase classname="tests.unit.test_legal_areas.TestLegalAreaInterface" name="test_get_id_is_snake_case[administrative-AdministrativeArea]" time="0.000" /><testcase classname="tests.unit.test_legal_areas.TestLegalAreaInterface" name="test_get_id_is_snake_case[civil-CivilArea]" time="0.000" /><testcase classname="tests.unit.test_legal_areas.TestLegalAreaInterface" name="test_get_id_is_snake_case[constitutional-ConstitutionalArea]" time="0.000" /><testcase classname="tests.unit.test_legal_areas.TestLegalAreaInterface" name="test_get_id_is_snake_case[labor-LaborArea]" time="0.000" /><testcase classname="tests.unit.test_legal_areas.TestLegalAreaInterface" name="test_get_id_is_snake_case[tax-TaxArea]" time="0.000" /><testcase classname="tests.unit.test_legal_areas.TestLegalAreaInterface" name="test_get_id_is_snake_case[criminal-CriminalArea]" time="0.000" /><testcase classname="tests.unit.test_legal_areas.TestLegalAreaInterface" name="test_get_id_is_snake_case[criminal_procedure-CriminalProcedureArea]" time="0.000" /><testcase classname="tests.unit.test_legal_areas.TestLegalAreaInterface" name="test_get_id_is_snake_case[civil_procedure-CivilProcedureArea]" time="0.000" /><testcase classname="tests.unit.test_legal_areas.TestLegalAreaInterface" name="test_get_id_is_snake_case[consumer-ConsumerArea]" time="0.000" /><testcase classname="tests.unit.test_legal_areas.TestLegalAreaInterface" name="test_get_id_is_snake_case[environmental-EnvironmentalArea]" time="0.000" /><testcase classname="tests.unit.test_legal_areas.TestLegalAreaInterface" name="test_get_id_is_snake_case[business-BusinessArea]" time="0.000" /><testcase classname="tests.unit.test_legal_areas.TestLegalAreaInterface" name="test_get_id_is_snake_case[family-FamilyArea]" time="0.000" /><testcase classname="tests.unit.test_legal_areas.TestLegalAreaInterface" name="test_get_id_is_snake_case[inheritance-InheritanceArea]" time="0.000" /><testcase classname="tests.unit.test_legal_areas.TestLegalAreaInterface" name="test_get_id_is_snake_case[social_security-SocialSecurityArea]" time="0.000" /><testcase classname="tests.unit.test_legal_areas.TestLegalAreaInterface" name="test_get_id_is_snake_case[electoral-ElectoralArea]" time="0.001" /><testcase classname="tests.unit.test_legal_areas.TestLegalAreaInterface" name="test_get_id_is_snake_case[international-InternationalArea]" time="0.001" /><testcase classname="tests.unit.test_legal_areas.TestLegalAreaInterface" name="test_get_id_is_snake_case[digital-DigitalArea]" time="0.000" /><testcase classname="tests.unit.test_legal_areas.TestAdministrativeAreaSpecific" name="test_has_licitacoes_specialization" time="0.000" /><testcase classname="tests.unit.test_legal_areas.TestAdministrativeAreaSpecific" name="test_has_improbidade_specialization" time="0.000" /><testcase classname="tests.unit.test_legal_areas.TestAdministrativeAreaSpecific" name="test_has_servidores_specialization" time="0.000" /><testcase classname="tests.unit.test_legal_areas.TestAdministrativeAreaSpecific" name="test_has_guide_files" time="0.001" /><testcase classname="tests.unit.test_legal_areas.TestCivilAreaSpecific" name="test_has_responsabilidade_civil" time="0.000" /><testcase classname="tests.unit.test_legal_areas.TestCivilAreaSpecific" name="test_has_contratos" time="0.000" /><testcase classname="tests.unit.test_legal_areas.TestConstitutionalAreaSpecific" name="test_has_direitos_fundamentais" time="0.000" /><testcase classname="tests.unit.test_legal_areas.TestConstitutionalAreaSpecific" name="test_has_controle_constitucionalidade" time="0.000" /><testcase classname="tests.unit.test_legal_areas.TestLaborAreaSpecific" name="test_has_individual_specialization" time="0.000" /><testcase classname="tests.unit.test_legal_areas.TestLaborAreaSpecific" name="test_has_acidente_trabalho" time="0.000" /><testcase classname="tests.unit.test_legal_areas.TestTaxAreaSpecific" name="test_has_icms_specialization" time="0.000" /><testcase classname="tests.unit.test_legal_areas.TestTaxAreaSpecific" name="test_has_execucao_fiscal" time="0.000" /><testcase classname="tests.unit.test_pipeline_configs.TestDocumentTypeInterface" name="test_get_id_returns_string[ParecerDocumentType]" time="0.000" /><testcase classname="tests.unit.test_pipeline_configs.TestDocumentTypeInterface" name="test_get_id_returns_string[PeticaoInicialDocumentType]" time="0.000" /><testcase classname="tests.unit.test_pipeline_configs.TestDocumentTypeInterface" name="test_get_id_returns_string[ContestacaoDocumentType]" time="0.000" /><testcase classname="tests.unit.test_pipeline_configs.TestDocumentTypeInterface" name="test_get_id_returns_string[RecursoDocumentType]" time="0.000" /><testcase classname="tests.unit.test_pipeline_configs.TestDocumentTypeInterface" name="test_get_id_returns_string[SentencaDocumentType]" time="0.000" /><testcase classname="tests.unit.test_pipeline_configs.TestDocumentTypeInterface" name="test_get_id_returns_string[AcaoCivilPublicaDocumentType]" time="0.000" /><testcase classname="tests.unit.test_pipeline_configs.TestDocumentTypeInterface" name="test_get_id_returns_string[MandadoSegurancaDocumentType]" time="0.000" /><testcase classname="tests.unit.test_pipeline_configs.TestDocumentTypeInterface" name="test_get_id_returns_string[HabeasCorpusDocumentType]" time="0.000" /><testcase classname="tests.unit.test_pipeline_configs.TestDocumentTypeInterface" name="test_get_id_returns_string[AgravoDocumentType]" time="0.000" /><testcase classname="tests.unit.test_pipeline_configs.TestDocumentTypeInterface" name="test_get_id_returns_string[EmbargosDeclaracaoDocumentType]" time="0.000" /><testcase classname="tests.unit.test_pipeline_configs.TestDocumentTypeInterface" name="test_get_id_correct_value[ParecerDocumentType]" time="0.000" /><testcase classname="tests.unit.test_pipeline_configs.TestDocumentTypeInterface" name="test_get_id_correct_value[PeticaoInicialDocumentType]" time="0.000" /><testcase classname="tests.unit.test_pipeline_configs.TestDocumentTypeInterface" name="test_get_id_correct_value[ContestacaoDocumentType]" time="0.001" /><testcase classname="tests.unit.test_pipeline_configs.TestDocumentTypeInterface" name="test_get_id_correct_value[RecursoDocumentType]" time="0.000" /><testcase classname="tests.unit.test_pipeline_configs.TestDocumentTypeInterface" name="test_get_id_correct_value[SentencaDocumentType]" time="0.000" /><testcase classname="tests.unit.test_pipeline_configs.TestDocumentTypeInterface" name="test_get_id_correct_value[AcaoCivilPublicaDocumentType]" time="0.000" /><testcase classname="tests.unit.test_pipeline_configs.TestDocumentTypeInterface" name="test_get_id_correct_value[MandadoSegurancaDocumentType]" time="0.000" /><testcase classname="tests.unit.test_pipeline_configs.TestDocumentTypeInterface" name="test_get_id_correct_value[HabeasCorpusDocumentType]" time="0.000" /><testcase classname="tests.unit.test_pipeline_configs.TestDocumentTypeInterface" name="test_get_id_correct_value[AgravoDocumentType]" time="0.000" /><testcase classname="tests.unit.test_pipeline_configs.TestDocumentTypeInterface" name="test_get_id_correct_value[EmbargosDeclaracaoDocumentType]" time="0.000" /><testcase classname="tests.unit.test_pipeline_configs.TestDocumentTypeInterface" name="test_get_name_returns_string[ParecerDocumentType]" time="0.000" /><testcase classname="tests.unit.test_pipeline_configs.TestDocumentTypeInterface" name="test_get_name_returns_string[PeticaoInicialDocumentType]" time="0.000" /><testcase classname="tests.unit.test_pipeline_configs.TestDocumentTypeInterface" name="test_get_name_returns_string[ContestacaoDocumentType]" time="0.000" /><testcase classname="tests.unit.test_pipeline_configs.TestDocumentTypeInterface" name="test_get_name_returns_string[RecursoDocumentType]" time="0.000" /><testcase classname="tests.unit.test_pipeline_configs.TestDocumentTypeInterface" name="test_get_name_returns_string[SentencaDocumentType]" time="0.000" /><testcase classname="tests.unit.test_pipeline_configs.TestDocumentTypeInterface" name="test_get_name_returns_string[AcaoCivilPublicaDocumentType]" time="0.000" /><testcase classname="tests.unit.test_pipeline_configs.TestDocumentTypeInterface" name="test_get_name_returns_string[MandadoSegurancaDocumentType]" time="0.000" /><testcase classname="tests.unit.test_pipeline_configs.TestDocumentTypeInterface" name="test_get_name_returns_string[HabeasCorpusDocumentType]" time="0.000" /><testcase classname="tests.unit.test_pipeline_configs.TestDocumentTypeInterface" name="test_get_name_returns_string[AgravoDocumentType]" time="0.000" /><testcase classname="tests.unit.test_pipeline_configs.TestDocumentTypeInterface" name="test_get_name_returns_string[EmbargosDeclaracaoDocumentType]" time="0.000" /><testcase classname="tests.unit.test_pipeline_configs.TestDocumentTypeInterface" name="test_pipeline_config_is_correct_type[ParecerDocumentType]" time="0.000" /><testcase classname="tests.unit.test_pipeline_configs.TestDocumentTypeInterface" name="test_pipeline_config_is_correct_type[PeticaoInicialDocumentType]" time="0.000" /><testcase classname="tests.unit.test_pipeline_configs.TestDocumentTypeInterface" name="test_pipeline_config_is_correct_type[ContestacaoDocumentType]" time="0.000" /><testcase classname="tests.unit.test_pipeline_configs.TestDocumentTypeInterface" name="test_pipeline_config_is_correct_type[RecursoDocumentType]" time="0.000" /><testcase classname="tests.unit.test_pipeline_configs.TestDocumentTypeInterface" name="test_pipeline_config_is_correct_type[SentencaDocumentType]" time="0.001" /><testcase classname="tests.unit.test_pipeline_configs.TestDocumentTypeInterface" name="test_pipeline_config_is_correct_type[AcaoCivilPublicaDocumentType]" time="0.000" /><testcase classname="tests.unit.test_pipeline_configs.TestDocumentTypeInterface" name="test_pipeline_config_is_correct_type[MandadoSegurancaDocumentType]" time="0.000" /><testcase classname="tests.unit.test_pipeline_configs.TestDocumentTypeInterface" name="test_pipeline_config_is_correct_type[HabeasCorpusDocumentType]" time="0.000" /><testcase classname="tests.unit.test_pipeline_configs.TestDocumentTypeInterface" name="test_pipeline_config_is_correct_type[AgravoDocumentType]" time="0.000" /><testcase classname="tests.unit.test_pipeline_configs.TestDocumentTypeInterface" name="test_pipeline_config_is_correct_type[EmbargosDeclaracaoDocumentType]" time="0.000" /><testcase classname="tests.unit.test_pipeline_configs.TestDocumentTypeInterface" name="test_pipeline_config_has_agents[ParecerDocumentType]" time="0.000" /><testcase classname="tests.unit.test_pipeline_configs.TestDocumentTypeInterface" name="test_pipeline_config_has_agents[PeticaoInicialDocumentType]" time="0.000" /><testcase classname="tests.unit.test_pipeline_configs.TestDocumentTypeInterface" name="test_pipeline_config_has_agents[ContestacaoDocumentType]" time="0.000" /><testcase classname="tests.unit.test_pipeline_configs.TestDocumentTypeInterface" name="test_pipeline_config_has_agents[RecursoDocumentType]" time="0.000" /><testcase classname="tests.unit.test_pipeline_configs.TestDocumentTypeInterface" name="test_pipeline_config_has_agents[SentencaDocumentType]" time="0.000" /><testcase classname="tests.unit.test_pipeline_configs.TestDocumentTypeInterface" name="test_pipeline_config_has_agents[AcaoCivilPublicaDocumentType]" time="0.000" /><testcase classname="tests.unit.test_pipeline_configs.TestDocumentTypeInterface" name="test_pipeline_config_has_agents[MandadoSegurancaDocumentType]" time="0.000" /><testcase classname="tests.unit.test_pipeline_configs.TestDocumentTypeInterface" name="test_pipeline_config_has_agents[HabeasCorpusDocumentType]" time="0.000" /><testcase classname="tests.unit.test_pipeline_configs.TestDocumentTypeInterface" name="test_pipeline_config_has_agents[AgravoDocumentType]" time="0.000" /><testcase classname="tests.unit.test_pipeline_configs.TestDocumentTypeInterface" name="test_pipeline_config_has_agents[EmbargosDeclaracaoDocumentType]" time="0.000" /><testcase classname="tests.unit.test_pipeline_configs.TestDocumentTypeInterface" name="test_all_agents_have_required_fields[ParecerDocumentType]" time="0.000" /><testcase classname="tests.unit.test_pipeline_configs.TestDocumentTypeInterface" name="test_all_agents_have_required_fields[PeticaoInicialDocumentType]" time="0.000" /><testcase classname="tests.unit.test_pipeline_configs.TestDocumentTypeInterface" name="test_all_agents_have_required_fields[ContestacaoDocumentType]" time="0.000" /><testcase classname="tests.unit.test_pipeline_configs.TestDocumentTypeInterface" name="test_all_agents_have_required_fields[RecursoDocumentType]" time="0.000" /><testcase classname="tests.unit.test_pipeline_configs.TestDocumentTypeInterface" name="test_all_agents_have_required_fields[SentencaDocumentType]" time="0.000" /><testcase classname="tests.unit.test_pipeline_configs.TestDocumentTypeInterface" name="test_all_agents_have_required_fields[AcaoCivilPublicaDocumentType]" time="0.000" /><testcase classname="tests.unit.test_pipeline_configs.TestDocumentTypeInterface" name="test_all_agents_have_required_fields[MandadoSegurancaDocumentType]" time="0.000" /><testcase classname="tests.unit.test_pipeline_configs.TestDocumentTypeInterface" name="test_all_agents_have_required_fields[HabeasCorpusDocumentType]" time="0.000" /><testcase classname="tests.unit.test_pipeline_configs.TestDocumentTypeInterface" name="test_all_agents_have_required_fields[AgravoDocumentType]" time="0.001" /><testcase classname="tests.unit.test_pipeline_configs.TestDocumentTypeInterface" name="test_all_agents_have_required_fields[EmbargosDeclaracaoDocumentType]" time="0.000" /><testcase classname="tests.unit.test_pipeline_configs.TestDocumentTypeInterface" name="test_pipeline_config_document_type_id_matches[ParecerDocumentType]" time="0.000" /><testcase classname="tests.unit.test_pipeline_configs.TestDocumentTypeInterface" name="test_pipeline_config_document_type_id_matches[PeticaoInicialDocumentType]" time="0.000" /><testcase classname="tests.unit.test_pipeline_configs.TestDocumentTypeInterface" name="test_pipeline_config_document_type_id_matches[ContestacaoDocumentType]" time="0.000" /><testcase classname="tests.unit.test_pipeline_configs.TestDocumentTypeInterface" name="test_pipeline_config_document_type_id_matches[RecursoDocumentType]" time="0.000" /><testcase classname="tests.unit.test_pipeline_configs.TestDocumentTypeInterface" name="test_pipeline_config_document_type_id_matches[SentencaDocumentType]" time="0.000" /><testcase classname="tests.unit.test_pipeline_configs.TestDocumentTypeInterface" name="test_pipeline_config_document_type_id_matches[AcaoCivilPublicaDocumentType]" time="0.000" /><testcase classname="tests.unit.test_pipeline_configs.TestDocumentTypeInterface" name="test_pipeline_config_document_type_id_matches[MandadoSegurancaDocumentType]" time="0.000" /><testcase classname="tests.unit.test_pipeline_configs.TestDocumentTypeInterface" name="test_pipeline_config_document_type_id_matches[HabeasCorpusDocumentType]" time="0.000" /><testcase classname="tests.unit.test_pipeline_configs.TestDocumentTypeInterface" name="test_pipeline_config_document_type_id_matches[AgravoDocumentType]" time="0.000" /><testcase classname="tests.unit.test_pipeline_configs.TestDocumentTypeInterface" name="test_pipeline_config_document_type_id_matches[EmbargosDeclaracaoDocumentType]" time="0.000" /><testcase classname="tests.unit.test_pipeline_configs.TestDocumentTypeInterface" name="test_pipeline_has_triage_agent[ParecerDocumentType]" time="0.000" /><testcase classname="tests.unit.test_pipeline_configs.TestDocumentTypeInterface" name="test_pipeline_has_triage_agent[PeticaoInicialDocumentType]" time="0.000" /><testcase classname="tests.unit.test_pipeline_configs.TestDocumentTypeInterface" name="test_pipeline_has_triage_agent[ContestacaoDocumentType]" time="0.000" /><testcase classname="tests.unit.test_pipeline_configs.TestDocumentTypeInterface" name="test_pipeline_has_triage_agent[RecursoDocumentType]" time="0.000" /><testcase classname="tests.unit.test_pipeline_configs.TestDocumentTypeInterface" name="test_pipeline_has_triage_agent[SentencaDocumentType]" time="0.000" /><testcase classname="tests.unit.test_pipeline_configs.TestDocumentTypeInterface" name="test_pipeline_has_triage_agent[AcaoCivilPublicaDocumentType]" time="0.000" /><testcase classname="tests.unit.test_pipeline_configs.TestDocumentTypeInterface" name="test_pipeline_has_triage_agent[MandadoSegurancaDocumentType]" time="0.000" /><testcase classname="tests.unit.test_pipeline_configs.TestDocumentTypeInterface" name="test_pipeline_has_triage_agent[HabeasCorpusDocumentType]" time="0.000" /><testcase classname="tests.unit.test_pipeline_configs.TestDocumentTypeInterface" name="test_pipeline_has_triage_agent[AgravoDocumentType]" time="0.000" /><testcase classname="tests.unit.test_pipeline_configs.TestDocumentTypeInterface" name="test_pipeline_has_triage_agent[EmbargosDeclaracaoDocumentType]" time="0.000" /><testcase classname="tests.unit.test_pipeline_configs.TestDocumentTypeInterface" name="test_pipeline_has_writer_agent[ParecerDocumentType]" time="0.001" /><testcase classname="tests.unit.test_pipeline_configs.TestDocumentTypeInterface" name="test_pipeline_has_writer_agent[PeticaoInicialDocumentType]" time="0.000" /><testcase classname="tests.unit.test_pipeline_configs.TestDocumentTypeInterface" name="test_pipeline_has_writer_agent[ContestacaoDocumentType]" time="0.000" /><testcase classname="tests.unit.test_pipeline_configs.TestDocumentTypeInterface" name="test_pipeline_has_writer_agent[RecursoDocumentType]" time="0.000" /><testcase classname="tests.unit.test_pipeline_configs.TestDocumentTypeInterface" name="test_pipeline_has_writer_agent[SentencaDocumentType]" time="0.000" /><testcase classname="tests.unit.test_pipeline_configs.TestDocumentTypeInterface" name="test_pipeline_has_writer_agent[AcaoCivilPublicaDocumentType]" time="0.000" /><testcase classname="tests.unit.test_pipeline_configs.TestDocumentTypeInterface" name="test_pipeline_has_writer_agent[MandadoSegurancaDocumentType]" time="0.000" /><testcase classname="tests.unit.test_pipeline_configs.TestDocumentTypeInterface" name="test_pipeline_has_writer_agent[HabeasCorpusDocumentType]" time="0.000" /><testcase classname="tests.unit.test_pipeline_configs.TestDocumentTypeInterface" name="test_pipeline_has_writer_agent[AgravoDocumentType]" time="0.000" /><testcase classname="tests.unit.test_pipeline_configs.TestDocumentTypeInterface" name="test_pipeline_has_writer_agent[EmbargosDeclaracaoDocumentType]" time="0.001" /><testcase classname="tests.unit.test_pipeline_configs.TestDocumentTypeInterface" name="test_pipeline_has_reviewer_agent[ParecerDocumentType]" time="0.000" /><testcase classname="tests.unit.test_pipeline_configs.TestDocumentTypeInterface" name="test_pipeline_has_reviewer_agent[PeticaoInicialDocumentType]" time="0.000" /><testcase classname="tests.unit.test_pipeline_configs.TestDocumentTypeInterface" name="test_pipeline_has_reviewer_agent[ContestacaoDocumentType]" time="0.000" /><testcase classname="tests.unit.test_pipeline_configs.TestDocumentTypeInterface" name="test_pipeline_has_reviewer_agent[RecursoDocumentType]" time="0.000" /><testcase classname="tests.unit.test_pipeline_configs.TestDocumentTypeInterface" name="test_pipeline_has_reviewer_agent[SentencaDocumentType]" time="0.001" /><testcase classname="tests.unit.test_pipeline_configs.TestDocumentTypeInterface" name="test_pipeline_has_reviewer_agent[AcaoCivilPublicaDocumentType]" time="0.000" /><testcase classname="tests.unit.test_pipeline_configs.TestDocumentTypeInterface" name="test_pipeline_has_reviewer_agent[MandadoSegurancaDocumentType]" time="0.000" /><testcase classname="tests.unit.test_pipeline_configs.TestDocumentTypeInterface" name="test_pipeline_has_reviewer_agent[HabeasCorpusDocumentType]" time="0.000" /><testcase classname="tests.unit.test_pipeline_configs.TestDocumentTypeInterface" name="test_pipeline_has_reviewer_agent[AgravoDocumentType]" time="0.000" /><testcase classname="tests.unit.test_pipeline_configs.TestDocumentTypeInterface" name="test_pipeline_has_reviewer_agent[EmbargosDeclaracaoDocumentType]" time="0.000" /><testcase classname="tests.unit.test_pipeline_configs.TestDocumentTypeInterface" name="test_quality_module_set[ParecerDocumentType]" time="0.000" /><testcase classname="tests.unit.test_pipeline_configs.TestDocumentTypeInterface" name="test_quality_module_set[PeticaoInicialDocumentType]" time="0.000" /><testcase classname="tests.unit.test_pipeline_configs.TestDocumentTypeInterface" name="test_quality_module_set[ContestacaoDocumentType]" time="0.000" /><testcase classname="tests.unit.test_pipeline_configs.TestDocumentTypeInterface" name="test_quality_module_set[RecursoDocumentType]" time="0.000" /><testcase classname="tests.unit.test_pipeline_configs.TestDocumentTypeInterface" name="test_quality_module_set[SentencaDocumentType]" time="0.000" /><testcase classname="tests.unit.test_pipeline_configs.TestDocumentTypeInterface" name="test_quality_module_set[AcaoCivilPublicaDocumentType]" time="0.000" /><testcase classname="tests.unit.test_pipeline_configs.TestDocumentTypeInterface" name="test_quality_module_set[MandadoSegurancaDocumentType]" time="0.000" /><testcase classname="tests.unit.test_pipeline_configs.TestDocumentTypeInterface" name="test_quality_module_set[HabeasCorpusDocumentType]" time="0.000" /><testcase classname="tests.unit.test_pipeline_configs.TestDocumentTypeInterface" name="test_quality_module_set[AgravoDocumentType]" time="0.001" /><testcase classname="tests.unit.test_pipeline_configs.TestDocumentTypeInterface" name="test_quality_module_set[EmbargosDeclaracaoDocumentType]" time="0.000" /><testcase classname="tests.unit.test_pipeline_configs.TestDocumentTypeInterface" name="test_integrator_module_set[ParecerDocumentType]" time="0.001" /><testcase classname="tests.unit.test_pipeline_configs.TestDocumentTypeInterface" name="test_integrator_module_set[PeticaoInicialDocumentType]" time="0.000" /><testcase classname="tests.unit.test_pipeline_configs.TestDocumentTypeInterface" name="test_integrator_module_set[ContestacaoDocumentType]" time="0.001" /><testcase classname="tests.unit.test_pipeline_configs.TestDocumentTypeInterface" name="test_integrator_module_set[RecursoDocumentType]" time="0.000" /><testcase classname="tests.unit.test_pipeline_configs.TestDocumentTypeInterface" name="test_integrator_module_set[SentencaDocumentType]" time="0.000" /><testcase classname="tests.unit.test_pipeline_configs.TestDocumentTypeInterface" name="test_integrator_module_set[AcaoCivilPublicaDocumentType]" time="0.000" /><testcase classname="tests.unit.test_pipeline_configs.TestDocumentTypeInterface" name="test_integrator_module_set[MandadoSegurancaDocumentType]" time="0.000" /><testcase classname="tests.unit.test_pipeline_configs.TestDocumentTypeInterface" name="test_integrator_module_set[HabeasCorpusDocumentType]" time="0.000" /><testcase classname="tests.unit.test_pipeline_configs.TestDocumentTypeInterface" name="test_integrator_module_set[AgravoDocumentType]" time="0.000" /><testcase classname="tests.unit.test_pipeline_configs.TestDocumentTypeInterface" name="test_integrator_module_set[EmbargosDeclaracaoDocumentType]" time="0.000" /><testcase classname="tests.unit.test_pipeline_configs.TestDocumentTypeInterface" name="test_triage_uses_haiku_model[ParecerDocumentType]" time="0.000" /><testcase classname="tests.unit.test_pipeline_configs.TestDocumentTypeInterface" name="test_triage_uses_haiku_model[PeticaoInicialDocumentType]" time="0.000" /><testcase classname="tests.unit.test_pipeline_configs.TestDocumentTypeInterface" name="test_triage_uses_haiku_model[ContestacaoDocumentType]" time="0.000" /><testcase classname="tests.unit.test_pipeline_configs.TestDocumentTypeInterface" name="test_triage_uses_haiku_model[RecursoDocumentType]" time="0.000" /><testcase classname="tests.unit.test_pipeline_configs.TestDocumentTypeInterface" name="test_triage_uses_haiku_model[SentencaDocumentType]" time="0.000" /><testcase classname="tests.unit.test_pipeline_configs.TestDocumentTypeInterface" name="test_triage_uses_haiku_model[AcaoCivilPublicaDocumentType]" time="0.000" /><testcase classname="tests.unit.test_pipeline_configs.TestDocumentTypeInterface" name="test_triage_uses_haiku_model[MandadoSegurancaDocumentType]" time="0.000" /><testcase classname="tests.unit.test_pipeline_configs.TestDocumentTypeInterface" name="test_triage_uses_haiku_model[HabeasCorpusDocumentType]" time="0.000" /><testcase classname="tests.unit.test_pipeline_configs.TestDocumentTypeInterface" name="test_triage_uses_haiku_model[AgravoDocumentType]" time="0.000" /><testcase classname="tests.unit.test_pipeline_configs.TestDocumentTypeInterface" name="test_triage_uses_haiku_model[EmbargosDeclaracaoDocumentType]" time="0.001" /><testcase classname="tests.unit.test_pipeline_configs.TestDocumentTypeInterface" name="test_writer_has_large_token_budget[ParecerDocumentType]" time="0.000" /><testcase classname="tests.unit.test_pipeline_configs.TestDocumentTypeInterface" name="test_writer_has_large_token_budget[PeticaoInicialDocumentType]" time="0.000" /><testcase classname="tests.unit.test_pipeline_configs.TestDocumentTypeInterface" name="test_writer_has_large_token_budget[ContestacaoDocumentType]" time="0.000" /><testcase classname="tests.unit.test_pipeline_configs.TestDocumentTypeInterface" name="test_writer_has_large_token_budget[RecursoDocumentType]" time="0.000" /><testcase classname="tests.unit.test_pipeline_configs.TestDocumentTypeInterface" name="test_writer_has_large_token_budget[SentencaDocumentType]" time="0.000" /><testcase classname="tests.unit.test_pipeline_configs.TestDocumentTypeInterface" name="test_writer_has_large_token_budget[AcaoCivilPublicaDocumentType]" time="0.000" /><testcase classname="tests.unit.test_pipeline_configs.TestDocumentTypeInterface" name="test_writer_has_large_token_budget[MandadoSegurancaDocumentType]" time="0.000" /><testcase classname="tests.unit.test_pipeline_configs.TestDocumentTypeInterface" name="test_writer_has_large_token_budget[HabeasCorpusDocumentType]" time="0.000" /><testcase classname="tests.unit.test_pipeline_configs.TestDocumentTypeInterface" name="test_writer_has_large_token_budget[AgravoDocumentType]" time="0.000" /><testcase classname="tests.unit.test_pipeline_configs.TestDocumentTypeInterface" name="test_writer_has_large_token_budget[EmbargosDeclaracaoDocumentType]" time="0.000" /><testcase classname="tests.unit.test_pipeline_configs.TestDocumentTypeInterface" name="test_no_duplicate_output_keys[ParecerDocumentType]" time="0.000" /><testcase classname="tests.unit.test_pipeline_configs.TestDocumentTypeInterface" name="test_no_duplicate_output_keys[PeticaoInicialDocumentType]" time="0.000" /><testcase classname="tests.unit.test_pipeline_configs.TestDocumentTypeInterface" name="test_no_duplicate_output_keys[ContestacaoDocumentType]" time="0.001" /><testcase classname="tests.unit.test_pipeline_configs.TestDocumentTypeInterface" name="test_no_duplicate_output_keys[RecursoDocumentType]" time="0.000" /><testcase classname="tests.unit.test_pipeline_configs.TestDocumentTypeInterface" name="test_no_duplicate_output_keys[SentencaDocumentType]" time="0.000" /><testcase classname="tests.unit.test_pipeline_configs.TestDocumentTypeInterface" name="test_no_duplicate_output_keys[AcaoCivilPublicaDocumentType]" time="0.000" /><testcase classname="tests.unit.test_pipeline_configs.TestDocumentTypeInterface" name="test_no_duplicate_output_keys[MandadoSegurancaDocumentType]" time="0.000" /><testcase classname="tests.unit.test_pipeline_configs.TestDocumentTypeInterface" name="test_no_duplicate_output_keys[HabeasCorpusDocumentType]" time="0.000" /><testcase classname="tests.unit.test_pipeline_configs.TestDocumentTypeInterface" name="test_no_duplicate_output_keys[AgravoDocumentType]" time="0.000" /><testcase classname="tests.unit.test_pipeline_configs.TestDocumentTypeInterface" name="test_no_duplicate_output_keys[EmbargosDeclaracaoDocumentType]" time="0.000" /><testcase classname="tests.unit.test_pipeline_configs.TestDocumentTypeInterface" name="test_template_variant_generic_works[ParecerDocumentType]" time="0.001" /><testcase classname="tests.unit.test_pipeline_configs.TestDocumentTypeInterface" name="test_template_variant_generic_works[PeticaoInicialDocumentType]" time="0.000" /><testcase classname="tests.unit.test_pipeline_configs.TestDocumentTypeInterface" name="test_template_variant_generic_works[ContestacaoDocumentType]" time="0.000" /><testcase classname="tests.unit.test_pipeline_configs.TestDocumentTypeInterface" name="test_template_variant_generic_works[RecursoDocumentType]" time="0.000" /><testcase classname="tests.unit.test_pipeline_configs.TestDocumentTypeInterface" name="test_template_variant_generic_works[SentencaDocumentType]" time="0.000" /><testcase classname="tests.unit.test_pipeline_configs.TestDocumentTypeInterface" name="test_template_variant_generic_works[AcaoCivilPublicaDocumentType]" time="0.000" /><testcase classname="tests.unit.test_pipeline_configs.TestDocumentTypeInterface" name="test_template_variant_generic_works[MandadoSegurancaDocumentType]" time="0.000" /><testcase classname="tests.unit.test_pipeline_configs.TestDocumentTypeInterface" name="test_template_variant_generic_works[HabeasCorpusDocumentType]" time="0.000" /><testcase classname="tests.unit.test_pipeline_configs.TestDocumentTypeInterface" name="test_template_variant_generic_works[AgravoDocumentType]" time="0.000" /><testcase classname="tests.unit.test_pipeline_configs.TestDocumentTypeInterface" name="test_template_variant_generic_works[EmbargosDeclaracaoDocumentType]" time="0.000" /><testcase classname="tests.unit.test_pipeline_configs.TestDocumentTypeInterface" name="test_min_score_reasonable[ParecerDocumentType]" time="0.000" /><testcase classname="tests.unit.test_pipeline_configs.TestDocumentTypeInterface" name="test_min_score_reasonable[PeticaoInicialDocumentType]" time="0.001" /><testcase classname="tests.unit.test_pipeline_configs.TestDocumentTypeInterface" name="test_min_score_reasonable[ContestacaoDocumentType]" time="0.000" /><testcase classname="tests.unit.test_pipeline_configs.TestDocumentTypeInterface" name="test_min_score_reasonable[RecursoDocumentType]" time="0.000" /><testcase classname="tests.unit.test_pipeline_configs.TestDocumentTypeInterface" name="test_min_score_reasonable[SentencaDocumentType]" time="0.001" /><testcase classname="tests.unit.test_pipeline_configs.TestDocumentTypeInterface" name="test_min_score_reasonable[AcaoCivilPublicaDocumentType]" time="0.000" /><testcase classname="tests.unit.test_pipeline_configs.TestDocumentTypeInterface" name="test_min_score_reasonable[MandadoSegurancaDocumentType]" time="0.000" /><testcase classname="tests.unit.test_pipeline_configs.TestDocumentTypeInterface" name="test_min_score_reasonable[HabeasCorpusDocumentType]" time="0.000" /><testcase classname="tests.unit.test_pipeline_configs.TestDocumentTypeInterface" name="test_min_score_reasonable[AgravoDocumentType]" time="0.000" /><testcase classname="tests.unit.test_pipeline_configs.TestDocumentTypeInterface" name="test_min_score_reasonable[EmbargosDeclaracaoDocumentType]" time="0.000" /><testcase classname="tests.unit.test_pipeline_configs.TestDocumentTypeInterface" name="test_search_collections_configured[ParecerDocumentType]" time="0.001" /><testcase classname="tests.unit.test_pipeline_configs.TestDocumentTypeInterface" name="test_search_collections_configured[PeticaoInicialDocumentType]" time="0.000" /><testcase classname="tests.unit.test_pipeline_configs.TestDocumentTypeInterface" name="test_search_collections_configured[ContestacaoDocumentType]" time="0.000" /><testcase classname="tests.unit.test_pipeline_configs.TestDocumentTypeInterface" name="test_search_collections_configured[RecursoDocumentType]" time="0.000" /><testcase classname="tests.unit.test_pipeline_configs.TestDocumentTypeInterface" name="test_search_collections_configured[SentencaDocumentType]" time="0.000" /><testcase classname="tests.unit.test_pipeline_configs.TestDocumentTypeInterface" name="test_search_collections_configured[AcaoCivilPublicaDocumentType]" time="0.001" /><testcase classname="tests.unit.test_pipeline_configs.TestDocumentTypeInterface" name="test_search_collections_configured[MandadoSegurancaDocumentType]" time="0.000" /><testcase classname="tests.unit.test_pipeline_configs.TestDocumentTypeInterface" name="test_search_collections_configured[HabeasCorpusDocumentType]" time="0.000" /><testcase classname="tests.unit.test_pipeline_configs.TestDocumentTypeInterface" name="test_search_collections_configured[AgravoDocumentType]" time="0.001" /><testcase classname="tests.unit.test_pipeline_configs.TestDocumentTypeInterface" name="test_search_collections_configured[EmbargosDeclaracaoDocumentType]" time="0.000" /><testcase classname="tests.unit.test_pipeline_configs.TestDocumentTypeInterface" name="test_search_collections_includes_memoria_pessoal[ParecerDocumentType]" time="0.000" /><testcase classname="tests.unit.test_pipeline_configs.TestDocumentTypeInterface" name="test_search_collections_includes_memoria_pessoal[PeticaoInicialDocumentType]" time="0.000" /><testcase classname="tests.unit.test_pipeline_configs.TestDocumentTypeInterface" name="test_search_collections_includes_memoria_pessoal[ContestacaoDocumentType]" time="0.000" /><testcase classname="tests.unit.test_pipeline_configs.TestDocumentTypeInterface" name="test_search_collections_includes_memoria_pessoal[RecursoDocumentType]" time="0.000" /><testcase classname="tests.unit.test_pipeline_configs.TestDocumentTypeInterface" name="test_search_collections_includes_memoria_pessoal[SentencaDocumentType]" time="0.000" /><testcase classname="tests.unit.test_pipeline_configs.TestDocumentTypeInterface" name="test_search_collections_includes_memoria_pessoal[AcaoCivilPublicaDocumentType]" time="0.001" /><testcase classname="tests.unit.test_pipeline_configs.TestDocumentTypeInterface" name="test_search_collections_includes_memoria_pessoal[MandadoSegurancaDocumentType]" time="0.000" /><testcase classname="tests.unit.test_pipeline_configs.TestDocumentTypeInterface" name="test_search_collections_includes_memoria_pessoal[HabeasCorpusDocumentType]" time="0.000" /><testcase classname="tests.unit.test_pipeline_configs.TestDocumentTypeInterface" name="test_search_collections_includes_memoria_pessoal[AgravoDocumentType]" time="0.000" /><testcase classname="tests.unit.test_pipeline_configs.TestDocumentTypeInterface" name="test_search_collections_includes_memoria_pessoal[EmbargosDeclaracaoDocumentType]" time="0.000" /><testcase classname="tests.unit.test_pipeline_configs.TestSentencaSpecific" name="test_no_advogado_diabo" time="0.000" /><testcase classname="tests.unit.test_pipeline_configs.TestSentencaSpecific" name="test_has_pesquisador" time="0.000" /><testcase classname="tests.unit.test_pipeline_configs.TestSentencaSpecific" name="test_has_fact_checker" time="0.000" /><testcase classname="tests.unit.test_pipeline_configs.TestParecerSpecific" name="test_has_nine_agents" time="0.000" /><testcase classname="tests.unit.test_pipeline_configs.TestParecerSpecific" name="test_has_moderador_agenda" time="0.000" /><testcase classname="tests.unit.test_pipeline_configs.TestParecerSpecific" name="test_has_moderador_plano" time="0.000" /><testcase classname="tests.unit.test_quality_rules.TestQualityRulesStructure" name="test_rules_is_non_empty_list[rules0-parecer]" time="0.000" /><testcase classname="tests.unit.test_quality_rules.TestQualityRulesStructure" name="test_rules_is_non_empty_list[rules1-peticao]" time="0.000" /><testcase classname="tests.unit.test_quality_rules.TestQualityRulesStructure" name="test_rules_is_non_empty_list[rules2-contestacao]" time="0.001" /><testcase classname="tests.unit.test_quality_rules.TestQualityRulesStructure" name="test_rules_is_non_empty_list[rules3-recurso]" time="0.001" /><testcase classname="tests.unit.test_quality_rules.TestQualityRulesStructure" name="test_rules_is_non_empty_list[rules4-sentenca]" time="0.000" /><testcase classname="tests.unit.test_quality_rules.TestQualityRulesStructure" name="test_rules_is_non_empty_list[rules5-acp]" time="0.000" /><testcase classname="tests.unit.test_quality_rules.TestQualityRulesStructure" name="test_each_rule_has_required_keys[rules0-parecer]" time="0.000" /><testcase classname="tests.unit.test_quality_rules.TestQualityRulesStructure" name="test_each_rule_has_required_keys[rules1-peticao]" time="0.000" /><testcase classname="tests.unit.test_quality_rules.TestQualityRulesStructure" name="test_each_rule_has_required_keys[rules2-contestacao]" time="0.000" /><testcase classname="tests.unit.test_quality_rules.TestQualityRulesStructure" name="test_each_rule_has_required_keys[rules3-recurso]" time="0.000" /><testcase classname="tests.unit.test_quality_rules.TestQualityRulesStructure" name="test_each_rule_has_required_keys[rules4-sentenca]" time="0.000" /><testcase classname="tests.unit.test_quality_rules.TestQualityRulesStructure" name="test_each_rule_has_required_keys[rules5-acp]" time="0.001" /><testcase classname="tests.unit.test_quality_rules.TestQualityRulesStructure" name="test_no_duplicate_rule_ids[rules0-parecer]" time="0.001" /><testcase classname="tests.unit.test_quality_rules.TestQualityRulesStructure" name="test_no_duplicate_rule_ids[rules1-peticao]" time="0.000" /><testcase classname="tests.unit.test_quality_rules.TestQualityRulesStructure" name="test_no_duplicate_rule_ids[rules2-contestacao]" time="0.000" /><testcase classname="tests.unit.test_quality_rules.TestQualityRulesStructure" name="test_no_duplicate_rule_ids[rules3-recurso]" time="0.001" /><testcase classname="tests.unit.test_quality_rules.TestQualityRulesStructure" name="test_no_duplicate_rule_ids[rules4-sentenca]" time="0.000" /><testcase classname="tests.unit.test_quality_rules.TestQualityRulesStructure" name="test_no_duplicate_rule_ids[rules5-acp]" time="0.000" /><testcase classname="tests.unit.test_quality_rules.TestQualityRulesStructure" name="test_all_rules_have_no_lei_8666[rules0-parecer]" time="0.000" /><testcase classname="tests.unit.test_quality_rules.TestQualityRulesStructure" name="test_all_rules_have_no_lei_8666[rules1-peticao]" time="0.000" /><testcase classname="tests.unit.test_quality_rules.TestQualityRulesStructure" name="test_all_rules_have_no_lei_8666[rules2-contestacao]" time="0.000" /><testcase classname="tests.unit.test_quality_rules.TestQualityRulesStructure" name="test_all_rules_have_no_lei_8666[rules3-recurso]" time="0.000" /><testcase classname="tests.unit.test_quality_rules.TestQualityRulesStructure" name="test_all_rules_have_no_lei_8666[rules4-sentenca]" time="0.000" /><testcase classname="tests.unit.test_quality_rules.TestQualityRulesStructure" name="test_all_rules_have_no_lei_8666[rules5-acp]" time="0.000" /><testcase classname="tests.unit.test_quality_rules.TestParecerQualityRules" name="test_min_length_pass" time="0.000" /><testcase classname="tests.unit.test_quality_rules.TestParecerQualityRules" name="test_min_length_fail" time="0.000" /><testcase classname="tests.unit.test_quality_rules.TestParecerQualityRules" name="test_has_relatorio_pass" time="0.000" /><testcase classname="tests.unit.test_quality_rules.TestParecerQualityRules" name="test_has_relatorio_fail" time="0.000" /><testcase classname="tests.unit.test_quality_rules.TestParecerQualityRules" name="test_has_fundamentacao_pass" time="0.000" /><testcase classname="tests.unit.test_quality_rules.TestParecerQualityRules" name="test_has_conclusao_pass" time="0.000" /><testcase classname="tests.unit.test_quality_rules.TestParecerQualityRules" name="test_has_closing_pass" time="0.000" /><testcase classname="tests.unit.test_quality_rules.TestParecerQualityRules" name="test_has_closing_fail" time="0.000" /><testcase classname="tests.unit.test_quality_rules.TestParecerQualityRules" name="test_no_lei_8666_pass" time="0.001" /><testcase classname="tests.unit.test_quality_rules.TestParecerQualityRules" name="test_no_lei_8666_fail" time="0.000" /><testcase classname="tests.unit.test_quality_rules.TestParecerQualityRules" name="test_no_truncation_pass" time="0.000" /><testcase classname="tests.unit.test_quality_rules.TestParecerQualityRules" name="test_no_truncation_fail" time="0.000" /><testcase classname="tests.unit.test_quality_rules.TestParecerQualityRules" name="test_has_sources_pass" time="0.000" /><testcase classname="tests.unit.test_quality_rules.TestParecerQualityRules" name="test_has_sources_fail" time="0.000" /><testcase classname="tests.unit.test_quality_rules.TestParecerQualityRules" name="test_connective_variety_fail_when_repeated" time="0.000" /><testcase classname="tests.unit.test_quality_rules.TestParecerQualityRules" name="test_connective_variety_pass" time="0.000" /><testcase classname="tests.unit.test_quality_rules.TestParecerQualityRules" name="test_proper_paragraphs_pass" time="0.000" /><testcase classname="tests.unit.test_quality_rules.TestParecerQualityRules" name="test_proper_paragraphs_fail" time="0.000" /><testcase classname="tests.unit.test_quality_rules.TestParecerQualityRules" name="test_valid_parecer_scores_above_60" time="0.001" /><testcase classname="tests.unit.test_quality_rules.TestParecerQualityRules" name="test_empty_text_scores_low" time="0.000" /><testcase classname="tests.unit.test_quality_rules.TestPeticaoQualityRules" name="test_min_length_pass" time="0.000" /><testcase classname="tests.unit.test_quality_rules.TestPeticaoQualityRules" name="test_min_length_fail" time="0.000" /><testcase classname="tests.unit.test_quality_rules.TestPeticaoQualityRules" name="test_has_qualificacao_pass" time="0.000" /><testcase classname="tests.unit.test_quality_rules.TestPeticaoQualityRules" name="test_has_qualificacao_fail" time="0.000" /><testcase classname="tests.unit.test_quality_rules.TestPeticaoQualityRules" name="test_has_valor_causa_pass" time="0.001" /><testcase classname="tests.unit.test_quality_rules.TestPeticaoQualityRules" name="test_has_valor_causa_fail" time="0.000" /><testcase classname="tests.unit.test_quality_rules.TestPeticaoQualityRules" name="test_has_fatos_pass" time="0.000" /><testcase classname="tests.unit.test_quality_rules.TestPeticaoQualityRules" name="test_has_direito_pass" time="0.000" /><testcase classname="tests.unit.test_quality_rules.TestPeticaoQualityRules" name="test_has_pedidos_pass" time="0.000" /><testcase classname="tests.unit.test_quality_rules.TestPeticaoQualityRules" name="test_has_closing_pass" time="0.000" /><testcase classname="tests.unit.test_quality_rules.TestPeticaoQualityRules" name="test_no_lei_8666_pass" time="0.000" /><testcase classname="tests.unit.test_quality_rules.TestPeticaoQualityRules" name="test_no_lei_8666_fail" time="0.000" /><testcase classname="tests.unit.test_quality_rules.TestPeticaoQualityRules" name="test_cpc_reference_pass" time="0.000" /><testcase classname="tests.unit.test_quality_rules.TestPeticaoQualityRules" name="test_cpc_reference_fail" time="0.000" /><testcase classname="tests.unit.test_quality_rules.TestContestacaoQualityRules" name="test_has_sintese_inicial" time="0.000" /><testcase classname="tests.unit.test_quality_rules.TestContestacaoQualityRules" name="test_has_preliminares" time="0.000" /><testcase classname="tests.unit.test_quality_rules.TestContestacaoQualityRules" name="test_has_merito" time="0.000" /><testcase classname="tests.unit.test_quality_rules.TestContestacaoQualityRules" name="test_has_pedidos" time="0.000" /><testcase classname="tests.unit.test_quality_rules.TestContestacaoQualityRules" name="test_impugnacao_especifica" time="0.000" /><testcase classname="tests.unit.test_quality_rules.TestContestacaoQualityRules" name="test_impugnacao_fail_without_markers" time="0.000" /><testcase classname="tests.unit.test_quality_rules.TestContestacaoQualityRules" name="test_has_closing_request" time="0.000" /><testcase classname="tests.unit.test_quality_rules.TestContestacaoQualityRules" name="test_no_lei_8666" time="0.000" /><testcase classname="tests.unit.test_quality_rules.TestContestacaoQualityRules" name="test_no_lei_8666_fail" time="0.000" /><testcase classname="tests.unit.test_quality_rules.TestRecursoQualityRules" name="test_identifies_recurso_type" time="0.000" /><testcase classname="tests.unit.test_quality_rules.TestRecursoQualityRules" name="test_identifies_recurso_type_fail" time="0.000" /><testcase classname="tests.unit.test_quality_rules.TestRecursoQualityRules" name="test_has_tempestividade" time="0.000" /><testcase classname="tests.unit.test_quality_rules.TestRecursoQualityRules" name="test_has_preparo" time="0.000" /><testcase classname="tests.unit.test_quality_rules.TestRecursoQualityRules" name="test_demonstrates_error" time="0.000" /><testcase classname="tests.unit.test_quality_rules.TestRecursoQualityRules" name="test_no_lei_8666" time="0.000" /><testcase classname="tests.unit.test_quality_rules.TestSentencaQualityRules" name="test_has_relatorio_completo" time="0.000" /><testcase classname="tests.unit.test_quality_rules.TestSentencaQualityRules" name="test_has_relatorio_fail" time="0.000" /><testcase classname="tests.unit.test_quality_rules.TestSentencaQualityRules" name="test_has_fundamentacao_adequada" time="0.000" /><testcase classname="tests.unit.test_quality_rules.TestSentencaQualityRules" name="test_has_dispositivo_claro" time="0.000" /><testcase classname="tests.unit.test_quality_rules.TestSentencaQualityRules" name="test_has_dispositivo_fail" time="0.000" /><testcase classname="tests.unit.test_quality_rules.TestSentencaQualityRules" name="test_no_lei_8666" time="0.000" /><testcase classname="tests.unit.test_quality_rules.TestAcaoCivilPublicaQualityRules" name="test_legitimidade_ativa" time="0.000" /><testcase classname="tests.unit.test_quality_rules.TestAcaoCivilPublicaQualityRules" name="test_competencia" time="0.001" /><testcase classname="tests.unit.test_quality_rules.TestAcaoCivilPublicaQualityRules" name="test_interesse_identificado" time="0.000" /><testcase classname="tests.unit.test_quality_rules.TestAcaoCivilPublicaQualityRules" name="test_tutela_adequada" time="0.000" /><testcase classname="tests.unit.test_quality_rules.TestAcaoCivilPublicaQualityRules" name="test_no_lei_8666" time="0.000" /><testcase classname="tests.unit.test_quality_rules.TestAcaoCivilPublicaQualityRules" name="test_no_lei_8666_fail" time="0.000" /><testcase classname="tests.unit.test_quality_rules.TestEmbargosDeclaracaoQualityRules" name="test_has_decisao_embargada" time="0.000" /><testcase classname="tests.unit.test_quality_rules.TestEmbargosDeclaracaoQualityRules" name="test_has_vicio" time="0.000" /><testcase classname="tests.unit.test_quality_rules.TestEmbargosDeclaracaoQualityRules" name="test_has_fundamentacao" time="0.000" /><testcase classname="tests.unit.test_quality_rules.TestEmbargosDeclaracaoQualityRules" name="test_has_pedido" time="0.000" /><testcase classname="tests.unit.test_quality_rules.TestEmbargosDeclaracaoQualityRules" name="test_has_prequestionamento_pass" time="0.000" /><testcase classname="tests.unit.test_quality_rules.TestEmbargosDeclaracaoQualityRules" name="test_has_prequestionamento_fail" time="0.000" /><testcase classname="tests.unit.test_quality_rules.TestEmbargosDeclaracaoQualityRules" name="test_empty_text_scores_low" time="0.000" /><testcase classname="tests.unit.test_quality_rules.TestAgravoQualityRules" name="test_has_decisao_agravada" time="0.000" /><testcase classname="tests.unit.test_quality_rules.TestAgravoQualityRules" name="test_has_cabimento" time="0.000" /><testcase classname="tests.unit.test_quality_rules.TestAgravoQualityRules" name="test_has_fundamentacao" time="0.000" /><testcase classname="tests.unit.test_quality_rules.TestAgravoQualityRules" name="test_has_pedido_efeito" time="0.000" /><testcase classname="tests.unit.test_quality_rules.TestAgravoQualityRules" name="test_has_pedido_provimento" time="0.000" /><testcase classname="tests.unit.test_quality_rules.TestHabeasCorpusQualityRules" name="test_has_paciente" time="0.000" /><testcase classname="tests.unit.test_quality_rules.TestHabeasCorpusQualityRules" name="test_has_autoridade_coatora" time="0.000" /><testcase classname="tests.unit.test_quality_rules.TestHabeasCorpusQualityRules" name="test_has_constrangimento" time="0.000" /><testcase classname="tests.unit.test_quality_rules.TestHabeasCorpusQualityRules" name="test_has_pedido_liminar" time="0.000" /><testcase classname="tests.unit.test_quality_rules.TestMandadoSegurancaQualityRules" name="test_has_direito_liquido_certo" time="0.000" /><testcase classname="tests.unit.test_quality_rules.TestMandadoSegurancaQualityRules" name="test_has_autoridade_coatora" time="0.000" /><testcase classname="tests.unit.test_quality_rules.TestMandadoSegurancaQualityRules" name="test_has_fundamentacao" time="0.000" /><testcase classname="tests.unit.test_quality_rules.TestMandadoSegurancaQualityRules" name="test_has_pedido_liminar" time="0.000" /><testcase classname="tests.unit.test_quality_rules.TestMandadoSegurancaQualityRules" name="test_cites_lei_12016" time="0.000" /><testcase classname="tests.unit.test_quality_rules.TestAllDocTypeStructure" name="test_simplified_rules_non_empty[rules0-embargos]" time="0.001" /><testcase classname="tests.unit.test_quality_rules.TestAllDocTypeStructure" name="test_simplified_rules_non_empty[rules1-habeas_corpus]" time="0.000" /><testcase classname="tests.unit.test_quality_rules.TestAllDocTypeStructure" name="test_simplified_rules_non_empty[rules2-mandado_seguranca]" time="0.000" /><testcase classname="tests.unit.test_quality_rules.TestAllDocTypeStructure" name="test_simplified_rules_non_empty[rules3-agravo]" time="0.001" /><testcase classname="tests.unit.test_quality_rules.TestAllDocTypeStructure" name="test_simplified_rules_have_required_keys[rules0-embargos]" time="0.000" /><testcase classname="tests.unit.test_quality_rules.TestAllDocTypeStructure" name="test_simplified_rules_have_required_keys[rules1-habeas_corpus]" time="0.001" /><testcase classname="tests.unit.test_quality_rules.TestAllDocTypeStructure" name="test_simplified_rules_have_required_keys[rules2-mandado_seguranca]" time="0.001" /><testcase classname="tests.unit.test_quality_rules.TestAllDocTypeStructure" name="test_simplified_rules_have_required_keys[rules3-agravo]" time="0.001" /><testcase classname="tests.unit.test_quality_rules.TestAllDocTypeStructure" name="test_simplified_no_duplicate_ids[rules0-embargos]" time="0.000" /><testcase classname="tests.unit.test_quality_rules.TestAllDocTypeStructure" name="test_simplified_no_duplicate_ids[rules1-habeas_corpus]" time="0.000" /><testcase classname="tests.unit.test_quality_rules.TestAllDocTypeStructure" name="test_simplified_no_duplicate_ids[rules2-mandado_seguranca]" time="0.000" /><testcase classname="tests.unit.test_quality_rules.TestAllDocTypeStructure" name="test_simplified_no_duplicate_ids[rules3-agravo]" time="0.000" /><testcase classname="tests.unit.test_stats_breakdown" name="test_get_model_label_groups_known_model_families" time="0.000" /><testcase classname="tests.unit.test_stats_breakdown" name="test_get_function_key_identifies_thesis_phases" time="0.000" /><testcase classname="tests.unit.test_stats_breakdown" name="test_get_provider_label_groups_known_providers" time="0.000" /><testcase classname="tests.unit.test_stats_breakdown" name="test_build_cost_breakdown_aggregates_by_model_function_phase_agent_and_document_type" time="0.001" /><testcase classname="tests.unit.test_templates_structure.TestTemplateInterface" name="test_module_importable[packages.modules.document_types.parecer.templates.generic.triagem]" time="0.002" /><testcase classname="tests.unit.test_templates_structure.TestTemplateInterface" name="test_module_importable[packages.modules.document_types.parecer.templates.generic.moderador_agenda]" time="0.001" /><testcase classname="tests.unit.test_templates_structure.TestTemplateInterface" name="test_module_importable[packages.modules.document_types.parecer.templates.generic.jurista]" time="0.001" /><testcase classname="tests.unit.test_templates_structure.TestTemplateInterface" name="test_module_importable[packages.modules.document_types.parecer.templates.generic.advogado_diabo]" time="0.001" /><testcase classname="tests.unit.test_templates_structure.TestTemplateInterface" name="test_module_importable[packages.modules.document_types.parecer.templates.generic.jurista_v2]" time="0.001" /><testcase classname="tests.unit.test_templates_structure.TestTemplateInterface" name="test_module_importable[packages.modules.document_types.parecer.templates.generic.fact_checker]" time="0.001" /><testcase classname="tests.unit.test_templates_structure.TestTemplateInterface" name="test_module_importable[packages.modules.document_types.parecer.templates.generic.moderador_plano]" time="0.001" /><testcase classname="tests.unit.test_templates_structure.TestTemplateInterface" name="test_module_importable[packages.modules.document_types.parecer.templates.generic.redator]" time="0.001" /><testcase classname="tests.unit.test_templates_structure.TestTemplateInterface" name="test_module_importable[packages.modules.document_types.parecer.templates.generic.revisor]" time="0.001" /><testcase classname="tests.unit.test_templates_structure.TestTemplateInterface" name="test_module_importable[packages.modules.document_types.peticao_inicial.templates.generic.triagem]" time="0.002" /><testcase classname="tests.unit.test_templates_structure.TestTemplateInterface" name="test_module_importable[packages.modules.document_types.peticao_inicial.templates.generic.pesquisador]" time="0.001" /><testcase classname="tests.unit.test_templates_structure.TestTemplateInterface" name="test_module_importable[packages.modules.document_types.peticao_inicial.templates.generic.jurista]" time="0.001" /><testcase classname="tests.unit.test_templates_structure.TestTemplateInterface" name="test_module_importable[packages.modules.document_types.peticao_inicial.templates.generic.advogado_diabo]" time="0.001" /><testcase classname="tests.unit.test_templates_structure.TestTemplateInterface" name="test_module_importable[packages.modules.document_types.peticao_inicial.templates.generic.jurista_v2]" time="0.001" /><testcase classname="tests.unit.test_templates_structure.TestTemplateInterface" name="test_module_importable[packages.modules.document_types.peticao_inicial.templates.generic.fact_checker]" time="0.001" /><testcase classname="tests.unit.test_templates_structure.TestTemplateInterface" name="test_module_importable[packages.modules.document_types.peticao_inicial.templates.generic.redator]" time="0.001" /><testcase classname="tests.unit.test_templates_structure.TestTemplateInterface" name="test_module_importable[packages.modules.document_types.peticao_inicial.templates.generic.revisor]" time="0.001" /><testcase classname="tests.unit.test_templates_structure.TestTemplateInterface" name="test_module_importable[packages.modules.document_types.contestacao.templates.generic.triagem]" time="0.002" /><testcase classname="tests.unit.test_templates_structure.TestTemplateInterface" name="test_module_importable[packages.modules.document_types.contestacao.templates.generic.pesquisador]" time="0.001" /><testcase classname="tests.unit.test_templates_structure.TestTemplateInterface" name="test_module_importable[packages.modules.document_types.contestacao.templates.generic.jurista]" time="0.001" /><testcase classname="tests.unit.test_templates_structure.TestTemplateInterface" name="test_module_importable[packages.modules.document_types.contestacao.templates.generic.advogado_diabo]" time="0.001" /><testcase classname="tests.unit.test_templates_structure.TestTemplateInterface" name="test_module_importable[packages.modules.document_types.contestacao.templates.generic.jurista_v2]" time="0.001" /><testcase classname="tests.unit.test_templates_structure.TestTemplateInterface" name="test_module_importable[packages.modules.document_types.contestacao.templates.generic.fact_checker]" time="0.001" /><testcase classname="tests.unit.test_templates_structure.TestTemplateInterface" name="test_module_importable[packages.modules.document_types.contestacao.templates.generic.redator]" time="0.001" /><testcase classname="tests.unit.test_templates_structure.TestTemplateInterface" name="test_module_importable[packages.modules.document_types.contestacao.templates.generic.revisor]" time="0.001" /><testcase classname="tests.unit.test_templates_structure.TestTemplateInterface" name="test_module_importable[packages.modules.document_types.recurso.templates.generic.triagem]" time="0.002" /><testcase classname="tests.unit.test_templates_structure.TestTemplateInterface" name="test_module_importable[packages.modules.document_types.recurso.templates.generic.pesquisador]" time="0.001" /><testcase classname="tests.unit.test_templates_structure.TestTemplateInterface" name="test_module_importable[packages.modules.document_types.recurso.templates.generic.jurista]" time="0.001" /><testcase classname="tests.unit.test_templates_structure.TestTemplateInterface" name="test_module_importable[packages.modules.document_types.recurso.templates.generic.advogado_diabo]" time="0.001" /><testcase classname="tests.unit.test_templates_structure.TestTemplateInterface" name="test_module_importable[packages.modules.document_types.recurso.templates.generic.jurista_v2]" time="0.001" /><testcase classname="tests.unit.test_templates_structure.TestTemplateInterface" name="test_module_importable[packages.modules.document_types.recurso.templates.generic.fact_checker]" time="0.001" /><testcase classname="tests.unit.test_templates_structure.TestTemplateInterface" name="test_module_importable[packages.modules.document_types.recurso.templates.generic.redator]" time="0.001" /><testcase classname="tests.unit.test_templates_structure.TestTemplateInterface" name="test_module_importable[packages.modules.document_types.recurso.templates.generic.revisor]" time="0.001" /><testcase classname="tests.unit.test_templates_structure.TestTemplateInterface" name="test_module_importable[packages.modules.document_types.sentenca.templates.generic.triagem]" time="0.002" /><testcase classname="tests.unit.test_templates_structure.TestTemplateInterface" name="test_module_importable[packages.modules.document_types.sentenca.templates.generic.pesquisador]" time="0.001" /><testcase classname="tests.unit.test_templates_structure.TestTemplateInterface" name="test_module_importable[packages.modules.document_types.sentenca.templates.generic.jurista]" time="0.001" /><testcase classname="tests.unit.test_templates_structure.TestTemplateInterface" name="test_module_importable[packages.modules.document_types.sentenca.templates.generic.fact_checker]" time="0.001" /><testcase classname="tests.unit.test_templates_structure.TestTemplateInterface" name="test_module_importable[packages.modules.document_types.sentenca.templates.generic.redator]" time="0.001" /><testcase classname="tests.unit.test_templates_structure.TestTemplateInterface" name="test_module_importable[packages.modules.document_types.sentenca.templates.generic.revisor]" time="0.001" /><testcase classname="tests.unit.test_templates_structure.TestTemplateInterface" name="test_module_importable[packages.modules.document_types.acao_civil_publica.templates.generic.triagem]" time="0.001" /><testcase classname="tests.unit.test_templates_structure.TestTemplateInterface" name="test_module_importable[packages.modules.document_types.acao_civil_publica.templates.generic.pesquisador]" time="0.001" /><testcase classname="tests.unit.test_templates_structure.TestTemplateInterface" name="test_module_importable[packages.modules.document_types.acao_civil_publica.templates.generic.jurista]" time="0.001" /><testcase classname="tests.unit.test_templates_structure.TestTemplateInterface" name="test_module_importable[packages.modules.document_types.acao_civil_publica.templates.generic.advogado_diabo]" time="0.001" /><testcase classname="tests.unit.test_templates_structure.TestTemplateInterface" name="test_module_importable[packages.modules.document_types.acao_civil_publica.templates.generic.jurista_v2]" time="0.001" /><testcase classname="tests.unit.test_templates_structure.TestTemplateInterface" name="test_module_importable[packages.modules.document_types.acao_civil_publica.templates.generic.fact_checker]" time="0.001" /><testcase classname="tests.unit.test_templates_structure.TestTemplateInterface" name="test_module_importable[packages.modules.document_types.acao_civil_publica.templates.generic.redator]" time="0.001" /><testcase classname="tests.unit.test_templates_structure.TestTemplateInterface" name="test_module_importable[packages.modules.document_types.acao_civil_publica.templates.generic.revisor]" time="0.001" /><testcase classname="tests.unit.test_templates_structure.TestTemplateInterface" name="test_module_importable[packages.modules.document_types.mandado_seguranca.templates.generic.triagem]" time="0.002" /><testcase classname="tests.unit.test_templates_structure.TestTemplateInterface" name="test_module_importable[packages.modules.document_types.mandado_seguranca.templates.generic.pesquisador]" time="0.001" /><testcase classname="tests.unit.test_templates_structure.TestTemplateInterface" name="test_module_importable[packages.modules.document_types.mandado_seguranca.templates.generic.jurista]" time="0.001" /><testcase classname="tests.unit.test_templates_structure.TestTemplateInterface" name="test_module_importable[packages.modules.document_types.mandado_seguranca.templates.generic.advogado_diabo]" time="0.001" /><testcase classname="tests.unit.test_templates_structure.TestTemplateInterface" name="test_module_importable[packages.modules.document_types.mandado_seguranca.templates.generic.jurista_v2]" time="0.001" /><testcase classname="tests.unit.test_templates_structure.TestTemplateInterface" name="test_module_importable[packages.modules.document_types.mandado_seguranca.templates.generic.fact_checker]" time="0.001" /><testcase classname="tests.unit.test_templates_structure.TestTemplateInterface" name="test_module_importable[packages.modules.document_types.mandado_seguranca.templates.generic.redator]" time="0.001" /><testcase classname="tests.unit.test_templates_structure.TestTemplateInterface" name="test_module_importable[packages.modules.document_types.mandado_seguranca.templates.generic.revisor]" time="0.001" /><testcase classname="tests.unit.test_templates_structure.TestTemplateInterface" name="test_module_importable[packages.modules.document_types.habeas_corpus.templates.generic.triagem]" time="0.001" /><testcase classname="tests.unit.test_templates_structure.TestTemplateInterface" name="test_module_importable[packages.modules.document_types.habeas_corpus.templates.generic.pesquisador]" time="0.001" /><testcase classname="tests.unit.test_templates_structure.TestTemplateInterface" name="test_module_importable[packages.modules.document_types.habeas_corpus.templates.generic.jurista]" time="0.001" /><testcase classname="tests.unit.test_templates_structure.TestTemplateInterface" name="test_module_importable[packages.modules.document_types.habeas_corpus.templates.generic.fact_checker]" time="0.001" /><testcase classname="tests.unit.test_templates_structure.TestTemplateInterface" name="test_module_importable[packages.modules.document_types.habeas_corpus.templates.generic.redator]" time="0.001" /><testcase classname="tests.unit.test_templates_structure.TestTemplateInterface" name="test_module_importable[packages.modules.document_types.habeas_corpus.templates.generic.revisor]" time="0.001" /><testcase classname="tests.unit.test_templates_structure.TestTemplateInterface" name="test_module_importable[packages.modules.document_types.agravo.templates.generic.triagem]" time="0.002" /><testcase classname="tests.unit.test_templates_structure.TestTemplateInterface" name="test_module_importable[packages.modules.document_types.agravo.templates.generic.pesquisador]" time="0.001" /><testcase classname="tests.unit.test_templates_structure.TestTemplateInterface" name="test_module_importable[packages.modules.document_types.agravo.templates.generic.jurista]" time="0.001" /><testcase classname="tests.unit.test_templates_structure.TestTemplateInterface" name="test_module_importable[packages.modules.document_types.agravo.templates.generic.advogado_diabo]" time="0.001" /><testcase classname="tests.unit.test_templates_structure.TestTemplateInterface" name="test_module_importable[packages.modules.document_types.agravo.templates.generic.fact_checker]" time="0.001" /><testcase classname="tests.unit.test_templates_structure.TestTemplateInterface" name="test_module_importable[packages.modules.document_types.agravo.templates.generic.redator]" time="0.001" /><testcase classname="tests.unit.test_templates_structure.TestTemplateInterface" name="test_module_importable[packages.modules.document_types.agravo.templates.generic.revisor]" time="0.001" /><testcase classname="tests.unit.test_templates_structure.TestTemplateInterface" name="test_module_importable[packages.modules.document_types.embargos_declaracao.templates.generic.triagem]" time="0.002" /><testcase classname="tests.unit.test_templates_structure.TestTemplateInterface" name="test_module_importable[packages.modules.document_types.embargos_declaracao.templates.generic.pesquisador]" time="0.001" /><testcase classname="tests.unit.test_templates_structure.TestTemplateInterface" name="test_module_importable[packages.modules.document_types.embargos_declaracao.templates.generic.jurista]" time="0.001" /><testcase classname="tests.unit.test_templates_structure.TestTemplateInterface" name="test_module_importable[packages.modules.document_types.embargos_declaracao.templates.generic.fact_checker]" time="0.001" /><testcase classname="tests.unit.test_templates_structure.TestTemplateInterface" name="test_module_importable[packages.modules.document_types.embargos_declaracao.templates.generic.redator]" time="0.001" /><testcase classname="tests.unit.test_templates_structure.TestTemplateInterface" name="test_module_importable[packages.modules.document_types.embargos_declaracao.templates.generic.revisor]" time="0.001" /><testcase classname="tests.unit.test_templates_structure.TestTemplateInterface" name="test_has_system_prompt[packages.modules.document_types.parecer.templates.generic.triagem]" time="0.000" /><testcase classname="tests.unit.test_templates_structure.TestTemplateInterface" name="test_has_system_prompt[packages.modules.document_types.parecer.templates.generic.moderador_agenda]" time="0.000" /><testcase classname="tests.unit.test_templates_structure.TestTemplateInterface" name="test_has_system_prompt[packages.modules.document_types.parecer.templates.generic.jurista]" time="0.000" /><testcase classname="tests.unit.test_templates_structure.TestTemplateInterface" name="test_has_system_prompt[packages.modules.document_types.parecer.templates.generic.advogado_diabo]" time="0.000" /><testcase classname="tests.unit.test_templates_structure.TestTemplateInterface" name="test_has_system_prompt[packages.modules.document_types.parecer.templates.generic.jurista_v2]" time="0.000" /><testcase classname="tests.unit.test_templates_structure.TestTemplateInterface" name="test_has_system_prompt[packages.modules.document_types.parecer.templates.generic.fact_checker]" time="0.000" /><testcase classname="tests.unit.test_templates_structure.TestTemplateInterface" name="test_has_system_prompt[packages.modules.document_types.parecer.templates.generic.moderador_plano]" time="0.000" /><testcase classname="tests.unit.test_templates_structure.TestTemplateInterface" name="test_has_system_prompt[packages.modules.document_types.parecer.templates.generic.redator]" time="0.000" /><testcase classname="tests.unit.test_templates_structure.TestTemplateInterface" name="test_has_system_prompt[packages.modules.document_types.parecer.templates.generic.revisor]" time="0.000" /><testcase classname="tests.unit.test_templates_structure.TestTemplateInterface" name="test_has_system_prompt[packages.modules.document_types.peticao_inicial.templates.generic.triagem]" time="0.000" /><testcase classname="tests.unit.test_templates_structure.TestTemplateInterface" name="test_has_system_prompt[packages.modules.document_types.peticao_inicial.templates.generic.pesquisador]" time="0.000" /><testcase classname="tests.unit.test_templates_structure.TestTemplateInterface" name="test_has_system_prompt[packages.modules.document_types.peticao_inicial.templates.generic.jurista]" time="0.000" /><testcase classname="tests.unit.test_templates_structure.TestTemplateInterface" name="test_has_system_prompt[packages.modules.document_types.peticao_inicial.templates.generic.advogado_diabo]" time="0.001" /><testcase classname="tests.unit.test_templates_structure.TestTemplateInterface" name="test_has_system_prompt[packages.modules.document_types.peticao_inicial.templates.generic.jurista_v2]" time="0.000" /><testcase classname="tests.unit.test_templates_structure.TestTemplateInterface" name="test_has_system_prompt[packages.modules.document_types.peticao_inicial.templates.generic.fact_checker]" time="0.000" /><testcase classname="tests.unit.test_templates_structure.TestTemplateInterface" name="test_has_system_prompt[packages.modules.document_types.peticao_inicial.templates.generic.redator]" time="0.000" /><testcase classname="tests.unit.test_templates_structure.TestTemplateInterface" name="test_has_system_prompt[packages.modules.document_types.peticao_inicial.templates.generic.revisor]" time="0.001" /><testcase classname="tests.unit.test_templates_structure.TestTemplateInterface" name="test_has_system_prompt[packages.modules.document_types.contestacao.templates.generic.triagem]" time="0.001" /><testcase classname="tests.unit.test_templates_structure.TestTemplateInterface" name="test_has_system_prompt[packages.modules.document_types.contestacao.templates.generic.pesquisador]" time="0.000" /><testcase classname="tests.unit.test_templates_structure.TestTemplateInterface" name="test_has_system_prompt[packages.modules.document_types.contestacao.templates.generic.jurista]" time="0.000" /><testcase classname="tests.unit.test_templates_structure.TestTemplateInterface" name="test_has_system_prompt[packages.modules.document_types.contestacao.templates.generic.advogado_diabo]" time="0.000" /><testcase classname="tests.unit.test_templates_structure.TestTemplateInterface" name="test_has_system_prompt[packages.modules.document_types.contestacao.templates.generic.jurista_v2]" time="0.000" /><testcase classname="tests.unit.test_templates_structure.TestTemplateInterface" name="test_has_system_prompt[packages.modules.document_types.contestacao.templates.generic.fact_checker]" time="0.000" /><testcase classname="tests.unit.test_templates_structure.TestTemplateInterface" name="test_has_system_prompt[packages.modules.document_types.contestacao.templates.generic.redator]" time="0.000" /><testcase classname="tests.unit.test_templates_structure.TestTemplateInterface" name="test_has_system_prompt[packages.modules.document_types.contestacao.templates.generic.revisor]" time="0.000" /><testcase classname="tests.unit.test_templates_structure.TestTemplateInterface" name="test_has_system_prompt[packages.modules.document_types.recurso.templates.generic.triagem]" time="0.000" /><testcase classname="tests.unit.test_templates_structure.TestTemplateInterface" name="test_has_system_prompt[packages.modules.document_types.recurso.templates.generic.pesquisador]" time="0.000" /><testcase classname="tests.unit.test_templates_structure.TestTemplateInterface" name="test_has_system_prompt[packages.modules.document_types.recurso.templates.generic.jurista]" time="0.000" /><testcase classname="tests.unit.test_templates_structure.TestTemplateInterface" name="test_has_system_prompt[packages.modules.document_types.recurso.templates.generic.advogado_diabo]" time="0.000" /><testcase classname="tests.unit.test_templates_structure.TestTemplateInterface" name="test_has_system_prompt[packages.modules.document_types.recurso.templates.generic.jurista_v2]" time="0.000" /><testcase classname="tests.unit.test_templates_structure.TestTemplateInterface" name="test_has_system_prompt[packages.modules.document_types.recurso.templates.generic.fact_checker]" time="0.000" /><testcase classname="tests.unit.test_templates_structure.TestTemplateInterface" name="test_has_system_prompt[packages.modules.document_types.recurso.templates.generic.redator]" time="0.000" /><testcase classname="tests.unit.test_templates_structure.TestTemplateInterface" name="test_has_system_prompt[packages.modules.document_types.recurso.templates.generic.revisor]" time="0.000" /><testcase classname="tests.unit.test_templates_structure.TestTemplateInterface" name="test_has_system_prompt[packages.modules.document_types.sentenca.templates.generic.triagem]" time="0.000" /><testcase classname="tests.unit.test_templates_structure.TestTemplateInterface" name="test_has_system_prompt[packages.modules.document_types.sentenca.templates.generic.pesquisador]" time="0.000" /><testcase classname="tests.unit.test_templates_structure.TestTemplateInterface" name="test_has_system_prompt[packages.modules.document_types.sentenca.templates.generic.jurista]" time="0.000" /><testcase classname="tests.unit.test_templates_structure.TestTemplateInterface" name="test_has_system_prompt[packages.modules.document_types.sentenca.templates.generic.fact_checker]" time="0.001" /><testcase classname="tests.unit.test_templates_structure.TestTemplateInterface" name="test_has_system_prompt[packages.modules.document_types.sentenca.templates.generic.redator]" time="0.001" /><testcase classname="tests.unit.test_templates_structure.TestTemplateInterface" name="test_has_system_prompt[packages.modules.document_types.sentenca.templates.generic.revisor]" time="0.001" /><testcase classname="tests.unit.test_templates_structure.TestTemplateInterface" name="test_has_system_prompt[packages.modules.document_types.acao_civil_publica.templates.generic.triagem]" time="0.000" /><testcase classname="tests.unit.test_templates_structure.TestTemplateInterface" name="test_has_system_prompt[packages.modules.document_types.acao_civil_publica.templates.generic.pesquisador]" time="0.000" /><testcase classname="tests.unit.test_templates_structure.TestTemplateInterface" name="test_has_system_prompt[packages.modules.document_types.acao_civil_publica.templates.generic.jurista]" time="0.001" /><testcase classname="tests.unit.test_templates_structure.TestTemplateInterface" name="test_has_system_prompt[packages.modules.document_types.acao_civil_publica.templates.generic.advogado_diabo]" time="0.000" /><testcase classname="tests.unit.test_templates_structure.TestTemplateInterface" name="test_has_system_prompt[packages.modules.document_types.acao_civil_publica.templates.generic.jurista_v2]" time="0.000" /><testcase classname="tests.unit.test_templates_structure.TestTemplateInterface" name="test_has_system_prompt[packages.modules.document_types.acao_civil_publica.templates.generic.fact_checker]" time="0.000" /><testcase classname="tests.unit.test_templates_structure.TestTemplateInterface" name="test_has_system_prompt[packages.modules.document_types.acao_civil_publica.templates.generic.redator]" time="0.000" /><testcase classname="tests.unit.test_templates_structure.TestTemplateInterface" name="test_has_system_prompt[packages.modules.document_types.acao_civil_publica.templates.generic.revisor]" time="0.000" /><testcase classname="tests.unit.test_templates_structure.TestTemplateInterface" name="test_has_system_prompt[packages.modules.document_types.mandado_seguranca.templates.generic.triagem]" time="0.001" /><testcase classname="tests.unit.test_templates_structure.TestTemplateInterface" name="test_has_system_prompt[packages.modules.document_types.mandado_seguranca.templates.generic.pesquisador]" time="0.001" /><testcase classname="tests.unit.test_templates_structure.TestTemplateInterface" name="test_has_system_prompt[packages.modules.document_types.mandado_seguranca.templates.generic.jurista]" time="0.000" /><testcase classname="tests.unit.test_templates_structure.TestTemplateInterface" name="test_has_system_prompt[packages.modules.document_types.mandado_seguranca.templates.generic.advogado_diabo]" time="0.000" /><testcase classname="tests.unit.test_templates_structure.TestTemplateInterface" name="test_has_system_prompt[packages.modules.document_types.mandado_seguranca.templates.generic.jurista_v2]" time="0.000" /><testcase classname="tests.unit.test_templates_structure.TestTemplateInterface" name="test_has_system_prompt[packages.modules.document_types.mandado_seguranca.templates.generic.fact_checker]" time="0.000" /><testcase classname="tests.unit.test_templates_structure.TestTemplateInterface" name="test_has_system_prompt[packages.modules.document_types.mandado_seguranca.templates.generic.redator]" time="0.000" /><testcase classname="tests.unit.test_templates_structure.TestTemplateInterface" name="test_has_system_prompt[packages.modules.document_types.mandado_seguranca.templates.generic.revisor]" time="0.000" /><testcase classname="tests.unit.test_templates_structure.TestTemplateInterface" name="test_has_system_prompt[packages.modules.document_types.habeas_corpus.templates.generic.triagem]" time="0.000" /><testcase classname="tests.unit.test_templates_structure.TestTemplateInterface" name="test_has_system_prompt[packages.modules.document_types.habeas_corpus.templates.generic.pesquisador]" time="0.001" /><testcase classname="tests.unit.test_templates_structure.TestTemplateInterface" name="test_has_system_prompt[packages.modules.document_types.habeas_corpus.templates.generic.jurista]" time="0.000" /><testcase classname="tests.unit.test_templates_structure.TestTemplateInterface" name="test_has_system_prompt[packages.modules.document_types.habeas_corpus.templates.generic.fact_checker]" time="0.000" /><testcase classname="tests.unit.test_templates_structure.TestTemplateInterface" name="test_has_system_prompt[packages.modules.document_types.habeas_corpus.templates.generic.redator]" time="0.000" /><testcase classname="tests.unit.test_templates_structure.TestTemplateInterface" name="test_has_system_prompt[packages.modules.document_types.habeas_corpus.templates.generic.revisor]" time="0.000" /><testcase classname="tests.unit.test_templates_structure.TestTemplateInterface" name="test_has_system_prompt[packages.modules.document_types.agravo.templates.generic.triagem]" time="0.000" /><testcase classname="tests.unit.test_templates_structure.TestTemplateInterface" name="test_has_system_prompt[packages.modules.document_types.agravo.templates.generic.pesquisador]" time="0.000" /><testcase classname="tests.unit.test_templates_structure.TestTemplateInterface" name="test_has_system_prompt[packages.modules.document_types.agravo.templates.generic.jurista]" time="0.000" /><testcase classname="tests.unit.test_templates_structure.TestTemplateInterface" name="test_has_system_prompt[packages.modules.document_types.agravo.templates.generic.advogado_diabo]" time="0.000" /><testcase classname="tests.unit.test_templates_structure.TestTemplateInterface" name="test_has_system_prompt[packages.modules.document_types.agravo.templates.generic.fact_checker]" time="0.001" /><testcase classname="tests.unit.test_templates_structure.TestTemplateInterface" name="test_has_system_prompt[packages.modules.document_types.agravo.templates.generic.redator]" time="0.000" /><testcase classname="tests.unit.test_templates_structure.TestTemplateInterface" name="test_has_system_prompt[packages.modules.document_types.agravo.templates.generic.revisor]" time="0.000" /><testcase classname="tests.unit.test_templates_structure.TestTemplateInterface" name="test_has_system_prompt[packages.modules.document_types.embargos_declaracao.templates.generic.triagem]" time="0.000" /><testcase classname="tests.unit.test_templates_structure.TestTemplateInterface" name="test_has_system_prompt[packages.modules.document_types.embargos_declaracao.templates.generic.pesquisador]" time="0.000" /><testcase classname="tests.unit.test_templates_structure.TestTemplateInterface" name="test_has_system_prompt[packages.modules.document_types.embargos_declaracao.templates.generic.jurista]" time="0.000" /><testcase classname="tests.unit.test_templates_structure.TestTemplateInterface" name="test_has_system_prompt[packages.modules.document_types.embargos_declaracao.templates.generic.fact_checker]" time="0.001" /><testcase classname="tests.unit.test_templates_structure.TestTemplateInterface" name="test_has_system_prompt[packages.modules.document_types.embargos_declaracao.templates.generic.redator]" time="0.001" /><testcase classname="tests.unit.test_templates_structure.TestTemplateInterface" name="test_has_system_prompt[packages.modules.document_types.embargos_declaracao.templates.generic.revisor]" time="0.000" /><testcase classname="tests.unit.test_templates_structure.TestTemplateInterface" name="test_has_user_prompt[packages.modules.document_types.parecer.templates.generic.triagem]" time="0.001" /><testcase classname="tests.unit.test_templates_structure.TestTemplateInterface" name="test_has_user_prompt[packages.modules.document_types.parecer.templates.generic.moderador_agenda]" time="0.000" /><testcase classname="tests.unit.test_templates_structure.TestTemplateInterface" name="test_has_user_prompt[packages.modules.document_types.parecer.templates.generic.jurista]" time="0.000" /><testcase classname="tests.unit.test_templates_structure.TestTemplateInterface" name="test_has_user_prompt[packages.modules.document_types.parecer.templates.generic.advogado_diabo]" time="0.000" /><testcase classname="tests.unit.test_templates_structure.TestTemplateInterface" name="test_has_user_prompt[packages.modules.document_types.parecer.templates.generic.jurista_v2]" time="0.000" /><testcase classname="tests.unit.test_templates_structure.TestTemplateInterface" name="test_has_user_prompt[packages.modules.document_types.parecer.templates.generic.fact_checker]" time="0.000" /><testcase classname="tests.unit.test_templates_structure.TestTemplateInterface" name="test_has_user_prompt[packages.modules.document_types.parecer.templates.generic.moderador_plano]" time="0.001" /><testcase classname="tests.unit.test_templates_structure.TestTemplateInterface" name="test_has_user_prompt[packages.modules.document_types.parecer.templates.generic.redator]" time="0.000" /><testcase classname="tests.unit.test_templates_structure.TestTemplateInterface" name="test_has_user_prompt[packages.modules.document_types.parecer.templates.generic.revisor]" time="0.001" /><testcase classname="tests.unit.test_templates_structure.TestTemplateInterface" name="test_has_user_prompt[packages.modules.document_types.peticao_inicial.templates.generic.triagem]" time="0.000" /><testcase classname="tests.unit.test_templates_structure.TestTemplateInterface" name="test_has_user_prompt[packages.modules.document_types.peticao_inicial.templates.generic.pesquisador]" time="0.000" /><testcase classname="tests.unit.test_templates_structure.TestTemplateInterface" name="test_has_user_prompt[packages.modules.document_types.peticao_inicial.templates.generic.jurista]" time="0.000" /><testcase classname="tests.unit.test_templates_structure.TestTemplateInterface" name="test_has_user_prompt[packages.modules.document_types.peticao_inicial.templates.generic.advogado_diabo]" time="0.000" /><testcase classname="tests.unit.test_templates_structure.TestTemplateInterface" name="test_has_user_prompt[packages.modules.document_types.peticao_inicial.templates.generic.jurista_v2]" time="0.000" /><testcase classname="tests.unit.test_templates_structure.TestTemplateInterface" name="test_has_user_prompt[packages.modules.document_types.peticao_inicial.templates.generic.fact_checker]" time="0.000" /><testcase classname="tests.unit.test_templates_structure.TestTemplateInterface" name="test_has_user_prompt[packages.modules.document_types.peticao_inicial.templates.generic.redator]" time="0.001" /><testcase classname="tests.unit.test_templates_structure.TestTemplateInterface" name="test_has_user_prompt[packages.modules.document_types.peticao_inicial.templates.generic.revisor]" time="0.000" /><testcase classname="tests.unit.test_templates_structure.TestTemplateInterface" name="test_has_user_prompt[packages.modules.document_types.contestacao.templates.generic.triagem]" time="0.000" /><testcase classname="tests.unit.test_templates_structure.TestTemplateInterface" name="test_has_user_prompt[packages.modules.document_types.contestacao.templates.generic.pesquisador]" time="0.000" /><testcase classname="tests.unit.test_templates_structure.TestTemplateInterface" name="test_has_user_prompt[packages.modules.document_types.contestacao.templates.generic.jurista]" time="0.000" /><testcase classname="tests.unit.test_templates_structure.TestTemplateInterface" name="test_has_user_prompt[packages.modules.document_types.contestacao.templates.generic.advogado_diabo]" time="0.001" /><testcase classname="tests.unit.test_templates_structure.TestTemplateInterface" name="test_has_user_prompt[packages.modules.document_types.contestacao.templates.generic.jurista_v2]" time="0.000" /><testcase classname="tests.unit.test_templates_structure.TestTemplateInterface" name="test_has_user_prompt[packages.modules.document_types.contestacao.templates.generic.fact_checker]" time="0.000" /><testcase classname="tests.unit.test_templates_structure.TestTemplateInterface" name="test_has_user_prompt[packages.modules.document_types.contestacao.templates.generic.redator]" time="0.000" /><testcase classname="tests.unit.test_templates_structure.TestTemplateInterface" name="test_has_user_prompt[packages.modules.document_types.contestacao.templates.generic.revisor]" time="0.000" /><testcase classname="tests.unit.test_templates_structure.TestTemplateInterface" name="test_has_user_prompt[packages.modules.document_types.recurso.templates.generic.triagem]" time="0.000" /><testcase classname="tests.unit.test_templates_structure.TestTemplateInterface" name="test_has_user_prompt[packages.modules.document_types.recurso.templates.generic.pesquisador]" time="0.000" /><testcase classname="tests.unit.test_templates_structure.TestTemplateInterface" name="test_has_user_prompt[packages.modules.document_types.recurso.templates.generic.jurista]" time="0.000" /><testcase classname="tests.unit.test_templates_structure.TestTemplateInterface" name="test_has_user_prompt[packages.modules.document_types.recurso.templates.generic.advogado_diabo]" time="0.000" /><testcase classname="tests.unit.test_templates_structure.TestTemplateInterface" name="test_has_user_prompt[packages.modules.document_types.recurso.templates.generic.jurista_v2]" time="0.000" /><testcase classname="tests.unit.test_templates_structure.TestTemplateInterface" name="test_has_user_prompt[packages.modules.document_types.recurso.templates.generic.fact_checker]" time="0.000" /><testcase classname="tests.unit.test_templates_structure.TestTemplateInterface" name="test_has_user_prompt[packages.modules.document_types.recurso.templates.generic.redator]" time="0.000" /><testcase classname="tests.unit.test_templates_structure.TestTemplateInterface" name="test_has_user_prompt[packages.modules.document_types.recurso.templates.generic.revisor]" time="0.000" /><testcase classname="tests.unit.test_templates_structure.TestTemplateInterface" name="test_has_user_prompt[packages.modules.document_types.sentenca.templates.generic.triagem]" time="0.000" /><testcase classname="tests.unit.test_templates_structure.TestTemplateInterface" name="test_has_user_prompt[packages.modules.document_types.sentenca.templates.generic.pesquisador]" time="0.000" /><testcase classname="tests.unit.test_templates_structure.TestTemplateInterface" name="test_has_user_prompt[packages.modules.document_types.sentenca.templates.generic.jurista]" time="0.000" /><testcase classname="tests.unit.test_templates_structure.TestTemplateInterface" name="test_has_user_prompt[packages.modules.document_types.sentenca.templates.generic.fact_checker]" time="0.000" /><testcase classname="tests.unit.test_templates_structure.TestTemplateInterface" name="test_has_user_prompt[packages.modules.document_types.sentenca.templates.generic.redator]" time="0.000" /><testcase classname="tests.unit.test_templates_structure.TestTemplateInterface" name="test_has_user_prompt[packages.modules.document_types.sentenca.templates.generic.revisor]" time="0.000" /><testcase classname="tests.unit.test_templates_structure.TestTemplateInterface" name="test_has_user_prompt[packages.modules.document_types.acao_civil_publica.templates.generic.triagem]" time="0.000" /><testcase classname="tests.unit.test_templates_structure.TestTemplateInterface" name="test_has_user_prompt[packages.modules.document_types.acao_civil_publica.templates.generic.pesquisador]" time="0.000" /><testcase classname="tests.unit.test_templates_structure.TestTemplateInterface" name="test_has_user_prompt[packages.modules.document_types.acao_civil_publica.templates.generic.jurista]" time="0.002" /><testcase classname="tests.unit.test_templates_structure.TestTemplateInterface" name="test_has_user_prompt[packages.modules.document_types.acao_civil_publica.templates.generic.advogado_diabo]" time="0.000" /><testcase classname="tests.unit.test_templates_structure.TestTemplateInterface" name="test_has_user_prompt[packages.modules.document_types.acao_civil_publica.templates.generic.jurista_v2]" time="0.000" /><testcase classname="tests.unit.test_templates_structure.TestTemplateInterface" name="test_has_user_prompt[packages.modules.document_types.acao_civil_publica.templates.generic.fact_checker]" time="0.000" /><testcase classname="tests.unit.test_templates_structure.TestTemplateInterface" name="test_has_user_prompt[packages.modules.document_types.acao_civil_publica.templates.generic.redator]" time="0.000" /><testcase classname="tests.unit.test_templates_structure.TestTemplateInterface" name="test_has_user_prompt[packages.modules.document_types.acao_civil_publica.templates.generic.revisor]" time="0.000" /><testcase classname="tests.unit.test_templates_structure.TestTemplateInterface" name="test_has_user_prompt[packages.modules.document_types.mandado_seguranca.templates.generic.triagem]" time="0.000" /><testcase classname="tests.unit.test_templates_structure.TestTemplateInterface" name="test_has_user_prompt[packages.modules.document_types.mandado_seguranca.templates.generic.pesquisador]" time="0.000" /><testcase classname="tests.unit.test_templates_structure.TestTemplateInterface" name="test_has_user_prompt[packages.modules.document_types.mandado_seguranca.templates.generic.jurista]" time="0.000" /><testcase classname="tests.unit.test_templates_structure.TestTemplateInterface" name="test_has_user_prompt[packages.modules.document_types.mandado_seguranca.templates.generic.advogado_diabo]" time="0.000" /><testcase classname="tests.unit.test_templates_structure.TestTemplateInterface" name="test_has_user_prompt[packages.modules.document_types.mandado_seguranca.templates.generic.jurista_v2]" time="0.000" /><testcase classname="tests.unit.test_templates_structure.TestTemplateInterface" name="test_has_user_prompt[packages.modules.document_types.mandado_seguranca.templates.generic.fact_checker]" time="0.000" /><testcase classname="tests.unit.test_templates_structure.TestTemplateInterface" name="test_has_user_prompt[packages.modules.document_types.mandado_seguranca.templates.generic.redator]" time="0.000" /><testcase classname="tests.unit.test_templates_structure.TestTemplateInterface" name="test_has_user_prompt[packages.modules.document_types.mandado_seguranca.templates.generic.revisor]" time="0.000" /><testcase classname="tests.unit.test_templates_structure.TestTemplateInterface" name="test_has_user_prompt[packages.modules.document_types.habeas_corpus.templates.generic.triagem]" time="0.000" /><testcase classname="tests.unit.test_templates_structure.TestTemplateInterface" name="test_has_user_prompt[packages.modules.document_types.habeas_corpus.templates.generic.pesquisador]" time="0.000" /><testcase classname="tests.unit.test_templates_structure.TestTemplateInterface" name="test_has_user_prompt[packages.modules.document_types.habeas_corpus.templates.generic.jurista]" time="0.000" /><testcase classname="tests.unit.test_templates_structure.TestTemplateInterface" name="test_has_user_prompt[packages.modules.document_types.habeas_corpus.templates.generic.fact_checker]" time="0.000" /><testcase classname="tests.unit.test_templates_structure.TestTemplateInterface" name="test_has_user_prompt[packages.modules.document_types.habeas_corpus.templates.generic.redator]" time="0.000" /><testcase classname="tests.unit.test_templates_structure.TestTemplateInterface" name="test_has_user_prompt[packages.modules.document_types.habeas_corpus.templates.generic.revisor]" time="0.000" /><testcase classname="tests.unit.test_templates_structure.TestTemplateInterface" name="test_has_user_prompt[packages.modules.document_types.agravo.templates.generic.triagem]" time="0.000" /><testcase classname="tests.unit.test_templates_structure.TestTemplateInterface" name="test_has_user_prompt[packages.modules.document_types.agravo.templates.generic.pesquisador]" time="0.000" /><testcase classname="tests.unit.test_templates_structure.TestTemplateInterface" name="test_has_user_prompt[packages.modules.document_types.agravo.templates.generic.jurista]" time="0.000" /><testcase classname="tests.unit.test_templates_structure.TestTemplateInterface" name="test_has_user_prompt[packages.modules.document_types.agravo.templates.generic.advogado_diabo]" time="0.000" /><testcase classname="tests.unit.test_templates_structure.TestTemplateInterface" name="test_has_user_prompt[packages.modules.document_types.agravo.templates.generic.fact_checker]" time="0.000" /><testcase classname="tests.unit.test_templates_structure.TestTemplateInterface" name="test_has_user_prompt[packages.modules.document_types.agravo.templates.generic.redator]" time="0.000" /><testcase classname="tests.unit.test_templates_structure.TestTemplateInterface" name="test_has_user_prompt[packages.modules.document_types.agravo.templates.generic.revisor]" time="0.000" /><testcase classname="tests.unit.test_templates_structure.TestTemplateInterface" name="test_has_user_prompt[packages.modules.document_types.embargos_declaracao.templates.generic.triagem]" time="0.000" /><testcase classname="tests.unit.test_templates_structure.TestTemplateInterface" name="test_has_user_prompt[packages.modules.document_types.embargos_declaracao.templates.generic.pesquisador]" time="0.000" /><testcase classname="tests.unit.test_templates_structure.TestTemplateInterface" name="test_has_user_prompt[packages.modules.document_types.embargos_declaracao.templates.generic.jurista]" time="0.000" /><testcase classname="tests.unit.test_templates_structure.TestTemplateInterface" name="test_has_user_prompt[packages.modules.document_types.embargos_declaracao.templates.generic.fact_checker]" time="0.000" /><testcase classname="tests.unit.test_templates_structure.TestTemplateInterface" name="test_has_user_prompt[packages.modules.document_types.embargos_declaracao.templates.generic.redator]" time="0.001" /><testcase classname="tests.unit.test_templates_structure.TestTemplateInterface" name="test_has_user_prompt[packages.modules.document_types.embargos_declaracao.templates.generic.revisor]" time="0.000" /><testcase classname="tests.unit.test_templates_structure.TestTemplateInterface" name="test_system_prompt_is_callable[packages.modules.document_types.parecer.templates.generic.triagem]" time="0.000" /><testcase classname="tests.unit.test_templates_structure.TestTemplateInterface" name="test_system_prompt_is_callable[packages.modules.document_types.parecer.templates.generic.moderador_agenda]" time="0.000" /><testcase classname="tests.unit.test_templates_structure.TestTemplateInterface" name="test_system_prompt_is_callable[packages.modules.document_types.parecer.templates.generic.jurista]" time="0.000" /><testcase classname="tests.unit.test_templates_structure.TestTemplateInterface" name="test_system_prompt_is_callable[packages.modules.document_types.parecer.templates.generic.advogado_diabo]" time="0.000" /><testcase classname="tests.unit.test_templates_structure.TestTemplateInterface" name="test_system_prompt_is_callable[packages.modules.document_types.parecer.templates.generic.jurista_v2]" time="0.000" /><testcase classname="tests.unit.test_templates_structure.TestTemplateInterface" name="test_system_prompt_is_callable[packages.modules.document_types.parecer.templates.generic.fact_checker]" time="0.001" /><testcase classname="tests.unit.test_templates_structure.TestTemplateInterface" name="test_system_prompt_is_callable[packages.modules.document_types.parecer.templates.generic.moderador_plano]" time="0.001" /><testcase classname="tests.unit.test_templates_structure.TestTemplateInterface" name="test_system_prompt_is_callable[packages.modules.document_types.parecer.templates.generic.redator]" time="0.000" /><testcase classname="tests.unit.test_templates_structure.TestTemplateInterface" name="test_system_prompt_is_callable[packages.modules.document_types.parecer.templates.generic.revisor]" time="0.000" /><testcase classname="tests.unit.test_templates_structure.TestTemplateInterface" name="test_system_prompt_is_callable[packages.modules.document_types.peticao_inicial.templates.generic.triagem]" time="0.000" /><testcase classname="tests.unit.test_templates_structure.TestTemplateInterface" name="test_system_prompt_is_callable[packages.modules.document_types.peticao_inicial.templates.generic.pesquisador]" time="0.000" /><testcase classname="tests.unit.test_templates_structure.TestTemplateInterface" name="test_system_prompt_is_callable[packages.modules.document_types.peticao_inicial.templates.generic.jurista]" time="0.000" /><testcase classname="tests.unit.test_templates_structure.TestTemplateInterface" name="test_system_prompt_is_callable[packages.modules.document_types.peticao_inicial.templates.generic.advogado_diabo]" time="0.000" /><testcase classname="tests.unit.test_templates_structure.TestTemplateInterface" name="test_system_prompt_is_callable[packages.modules.document_types.peticao_inicial.templates.generic.jurista_v2]" time="0.000" /><testcase classname="tests.unit.test_templates_structure.TestTemplateInterface" name="test_system_prompt_is_callable[packages.modules.document_types.peticao_inicial.templates.generic.fact_checker]" time="0.000" /><testcase classname="tests.unit.test_templates_structure.TestTemplateInterface" name="test_system_prompt_is_callable[packages.modules.document_types.peticao_inicial.templates.generic.redator]" time="0.000" /><testcase classname="tests.unit.test_templates_structure.TestTemplateInterface" name="test_system_prompt_is_callable[packages.modules.document_types.peticao_inicial.templates.generic.revisor]" time="0.000" /><testcase classname="tests.unit.test_templates_structure.TestTemplateInterface" name="test_system_prompt_is_callable[packages.modules.document_types.contestacao.templates.generic.triagem]" time="0.000" /><testcase classname="tests.unit.test_templates_structure.TestTemplateInterface" name="test_system_prompt_is_callable[packages.modules.document_types.contestacao.templates.generic.pesquisador]" time="0.000" /><testcase classname="tests.unit.test_templates_structure.TestTemplateInterface" name="test_system_prompt_is_callable[packages.modules.document_types.contestacao.templates.generic.jurista]" time="0.000" /><testcase classname="tests.unit.test_templates_structure.TestTemplateInterface" name="test_system_prompt_is_callable[packages.modules.document_types.contestacao.templates.generic.advogado_diabo]" time="0.000" /><testcase classname="tests.unit.test_templates_structure.TestTemplateInterface" name="test_system_prompt_is_callable[packages.modules.document_types.contestacao.templates.generic.jurista_v2]" time="0.000" /><testcase classname="tests.unit.test_templates_structure.TestTemplateInterface" name="test_system_prompt_is_callable[packages.modules.document_types.contestacao.templates.generic.fact_checker]" time="0.001" /><testcase classname="tests.unit.test_templates_structure.TestTemplateInterface" name="test_system_prompt_is_callable[packages.modules.document_types.contestacao.templates.generic.redator]" time="0.001" /><testcase classname="tests.unit.test_templates_structure.TestTemplateInterface" name="test_system_prompt_is_callable[packages.modules.document_types.contestacao.templates.generic.revisor]" time="0.000" /><testcase classname="tests.unit.test_templates_structure.TestTemplateInterface" name="test_system_prompt_is_callable[packages.modules.document_types.recurso.templates.generic.triagem]" time="0.000" /><testcase classname="tests.unit.test_templates_structure.TestTemplateInterface" name="test_system_prompt_is_callable[packages.modules.document_types.recurso.templates.generic.pesquisador]" time="0.000" /><testcase classname="tests.unit.test_templates_structure.TestTemplateInterface" name="test_system_prompt_is_callable[packages.modules.document_types.recurso.templates.generic.jurista]" time="0.000" /><testcase classname="tests.unit.test_templates_structure.TestTemplateInterface" name="test_system_prompt_is_callable[packages.modules.document_types.recurso.templates.generic.advogado_diabo]" time="0.000" /><testcase classname="tests.unit.test_templates_structure.TestTemplateInterface" name="test_system_prompt_is_callable[packages.modules.document_types.recurso.templates.generic.jurista_v2]" time="0.000" /><testcase classname="tests.unit.test_templates_structure.TestTemplateInterface" name="test_system_prompt_is_callable[packages.modules.document_types.recurso.templates.generic.fact_checker]" time="0.000" /><testcase classname="tests.unit.test_templates_structure.TestTemplateInterface" name="test_system_prompt_is_callable[packages.modules.document_types.recurso.templates.generic.redator]" time="0.001" /><testcase classname="tests.unit.test_templates_structure.TestTemplateInterface" name="test_system_prompt_is_callable[packages.modules.document_types.recurso.templates.generic.revisor]" time="0.001" /><testcase classname="tests.unit.test_templates_structure.TestTemplateInterface" name="test_system_prompt_is_callable[packages.modules.document_types.sentenca.templates.generic.triagem]" time="0.000" /><testcase classname="tests.unit.test_templates_structure.TestTemplateInterface" name="test_system_prompt_is_callable[packages.modules.document_types.sentenca.templates.generic.pesquisador]" time="0.000" /><testcase classname="tests.unit.test_templates_structure.TestTemplateInterface" name="test_system_prompt_is_callable[packages.modules.document_types.sentenca.templates.generic.jurista]" time="0.001" /><testcase classname="tests.unit.test_templates_structure.TestTemplateInterface" name="test_system_prompt_is_callable[packages.modules.document_types.sentenca.templates.generic.fact_checker]" time="0.000" /><testcase classname="tests.unit.test_templates_structure.TestTemplateInterface" name="test_system_prompt_is_callable[packages.modules.document_types.sentenca.templates.generic.redator]" time="0.000" /><testcase classname="tests.unit.test_templates_structure.TestTemplateInterface" name="test_system_prompt_is_callable[packages.modules.document_types.sentenca.templates.generic.revisor]" time="0.000" /><testcase classname="tests.unit.test_templates_structure.TestTemplateInterface" name="test_system_prompt_is_callable[packages.modules.document_types.acao_civil_publica.templates.generic.triagem]" time="0.000" /><testcase classname="tests.unit.test_templates_structure.TestTemplateInterface" name="test_system_prompt_is_callable[packages.modules.document_types.acao_civil_publica.templates.generic.pesquisador]" time="0.000" /><testcase classname="tests.unit.test_templates_structure.TestTemplateInterface" name="test_system_prompt_is_callable[packages.modules.document_types.acao_civil_publica.templates.generic.jurista]" time="0.000" /><testcase classname="tests.unit.test_templates_structure.TestTemplateInterface" name="test_system_prompt_is_callable[packages.modules.document_types.acao_civil_publica.templates.generic.advogado_diabo]" time="0.000" /><testcase classname="tests.unit.test_templates_structure.TestTemplateInterface" name="test_system_prompt_is_callable[packages.modules.document_types.acao_civil_publica.templates.generic.jurista_v2]" time="0.000" /><testcase classname="tests.unit.test_templates_structure.TestTemplateInterface" name="test_system_prompt_is_callable[packages.modules.document_types.acao_civil_publica.templates.generic.fact_checker]" time="0.000" /><testcase classname="tests.unit.test_templates_structure.TestTemplateInterface" name="test_system_prompt_is_callable[packages.modules.document_types.acao_civil_publica.templates.generic.redator]" time="0.000" /><testcase classname="tests.unit.test_templates_structure.TestTemplateInterface" name="test_system_prompt_is_callable[packages.modules.document_types.acao_civil_publica.templates.generic.revisor]" time="0.000" /><testcase classname="tests.unit.test_templates_structure.TestTemplateInterface" name="test_system_prompt_is_callable[packages.modules.document_types.mandado_seguranca.templates.generic.triagem]" time="0.000" /><testcase classname="tests.unit.test_templates_structure.TestTemplateInterface" name="test_system_prompt_is_callable[packages.modules.document_types.mandado_seguranca.templates.generic.pesquisador]" time="0.000" /><testcase classname="tests.unit.test_templates_structure.TestTemplateInterface" name="test_system_prompt_is_callable[packages.modules.document_types.mandado_seguranca.templates.generic.jurista]" time="0.000" /><testcase classname="tests.unit.test_templates_structure.TestTemplateInterface" name="test_system_prompt_is_callable[packages.modules.document_types.mandado_seguranca.templates.generic.advogado_diabo]" time="0.000" /><testcase classname="tests.unit.test_templates_structure.TestTemplateInterface" name="test_system_prompt_is_callable[packages.modules.document_types.mandado_seguranca.templates.generic.jurista_v2]" time="0.000" /><testcase classname="tests.unit.test_templates_structure.TestTemplateInterface" name="test_system_prompt_is_callable[packages.modules.document_types.mandado_seguranca.templates.generic.fact_checker]" time="0.000" /><testcase classname="tests.unit.test_templates_structure.TestTemplateInterface" name="test_system_prompt_is_callable[packages.modules.document_types.mandado_seguranca.templates.generic.redator]" time="0.000" /><testcase classname="tests.unit.test_templates_structure.TestTemplateInterface" name="test_system_prompt_is_callable[packages.modules.document_types.mandado_seguranca.templates.generic.revisor]" time="0.000" /><testcase classname="tests.unit.test_templates_structure.TestTemplateInterface" name="test_system_prompt_is_callable[packages.modules.document_types.habeas_corpus.templates.generic.triagem]" time="0.000" /><testcase classname="tests.unit.test_templates_structure.TestTemplateInterface" name="test_system_prompt_is_callable[packages.modules.document_types.habeas_corpus.templates.generic.pesquisador]" time="0.000" /><testcase classname="tests.unit.test_templates_structure.TestTemplateInterface" name="test_system_prompt_is_callable[packages.modules.document_types.habeas_corpus.templates.generic.jurista]" time="0.000" /><testcase classname="tests.unit.test_templates_structure.TestTemplateInterface" name="test_system_prompt_is_callable[packages.modules.document_types.habeas_corpus.templates.generic.fact_checker]" time="0.000" /><testcase classname="tests.unit.test_templates_structure.TestTemplateInterface" name="test_system_prompt_is_callable[packages.modules.document_types.habeas_corpus.templates.generic.redator]" time="0.000" /><testcase classname="tests.unit.test_templates_structure.TestTemplateInterface" name="test_system_prompt_is_callable[packages.modules.document_types.habeas_corpus.templates.generic.revisor]" time="0.000" /><testcase classname="tests.unit.test_templates_structure.TestTemplateInterface" name="test_system_prompt_is_callable[packages.modules.document_types.agravo.templates.generic.triagem]" time="0.000" /><testcase classname="tests.unit.test_templates_structure.TestTemplateInterface" name="test_system_prompt_is_callable[packages.modules.document_types.agravo.templates.generic.pesquisador]" time="0.000" /><testcase classname="tests.unit.test_templates_structure.TestTemplateInterface" name="test_system_prompt_is_callable[packages.modules.document_types.agravo.templates.generic.jurista]" time="0.001" /><testcase classname="tests.unit.test_templates_structure.TestTemplateInterface" name="test_system_prompt_is_callable[packages.modules.document_types.agravo.templates.generic.advogado_diabo]" time="0.001" /><testcase classname="tests.unit.test_templates_structure.TestTemplateInterface" name="test_system_prompt_is_callable[packages.modules.document_types.agravo.templates.generic.fact_checker]" time="0.001" /><testcase classname="tests.unit.test_templates_structure.TestTemplateInterface" name="test_system_prompt_is_callable[packages.modules.document_types.agravo.templates.generic.redator]" time="0.000" /><testcase classname="tests.unit.test_templates_structure.TestTemplateInterface" name="test_system_prompt_is_callable[packages.modules.document_types.agravo.templates.generic.revisor]" time="0.001" /><testcase classname="tests.unit.test_templates_structure.TestTemplateInterface" name="test_system_prompt_is_callable[packages.modules.document_types.embargos_declaracao.templates.generic.triagem]" time="0.000" /><testcase classname="tests.unit.test_templates_structure.TestTemplateInterface" name="test_system_prompt_is_callable[packages.modules.document_types.embargos_declaracao.templates.generic.pesquisador]" time="0.000" /><testcase classname="tests.unit.test_templates_structure.TestTemplateInterface" name="test_system_prompt_is_callable[packages.modules.document_types.embargos_declaracao.templates.generic.jurista]" time="0.000" /><testcase classname="tests.unit.test_templates_structure.TestTemplateInterface" name="test_system_prompt_is_callable[packages.modules.document_types.embargos_declaracao.templates.generic.fact_checker]" time="0.000" /><testcase classname="tests.unit.test_templates_structure.TestTemplateInterface" name="test_system_prompt_is_callable[packages.modules.document_types.embargos_declaracao.templates.generic.redator]" time="0.000" /><testcase classname="tests.unit.test_templates_structure.TestTemplateInterface" name="test_system_prompt_is_callable[packages.modules.document_types.embargos_declaracao.templates.generic.revisor]" time="0.000" /><testcase classname="tests.unit.test_templates_structure.TestTemplateInterface" name="test_user_prompt_is_callable[packages.modules.document_types.parecer.templates.generic.triagem]" time="0.000" /><testcase classname="tests.unit.test_templates_structure.TestTemplateInterface" name="test_user_prompt_is_callable[packages.modules.document_types.parecer.templates.generic.moderador_agenda]" time="0.000" /><testcase classname="tests.unit.test_templates_structure.TestTemplateInterface" name="test_user_prompt_is_callable[packages.modules.document_types.parecer.templates.generic.jurista]" time="0.001" /><testcase classname="tests.unit.test_templates_structure.TestTemplateInterface" name="test_user_prompt_is_callable[packages.modules.document_types.parecer.templates.generic.advogado_diabo]" time="0.000" /><testcase classname="tests.unit.test_templates_structure.TestTemplateInterface" name="test_user_prompt_is_callable[packages.modules.document_types.parecer.templates.generic.jurista_v2]" time="0.000" /><testcase classname="tests.unit.test_templates_structure.TestTemplateInterface" name="test_user_prompt_is_callable[packages.modules.document_types.parecer.templates.generic.fact_checker]" time="0.000" /><testcase classname="tests.unit.test_templates_structure.TestTemplateInterface" name="test_user_prompt_is_callable[packages.modules.document_types.parecer.templates.generic.moderador_plano]" time="0.000" /><testcase classname="tests.unit.test_templates_structure.TestTemplateInterface" name="test_user_prompt_is_callable[packages.modules.document_types.parecer.templates.generic.redator]" time="0.000" /><testcase classname="tests.unit.test_templates_structure.TestTemplateInterface" name="test_user_prompt_is_callable[packages.modules.document_types.parecer.templates.generic.revisor]" time="0.000" /><testcase classname="tests.unit.test_templates_structure.TestTemplateInterface" name="test_user_prompt_is_callable[packages.modules.document_types.peticao_inicial.templates.generic.triagem]" time="0.000" /><testcase classname="tests.unit.test_templates_structure.TestTemplateInterface" name="test_user_prompt_is_callable[packages.modules.document_types.peticao_inicial.templates.generic.pesquisador]" time="0.001" /><testcase classname="tests.unit.test_templates_structure.TestTemplateInterface" name="test_user_prompt_is_callable[packages.modules.document_types.peticao_inicial.templates.generic.jurista]" time="0.000" /><testcase classname="tests.unit.test_templates_structure.TestTemplateInterface" name="test_user_prompt_is_callable[packages.modules.document_types.peticao_inicial.templates.generic.advogado_diabo]" time="0.000" /><testcase classname="tests.unit.test_templates_structure.TestTemplateInterface" name="test_user_prompt_is_callable[packages.modules.document_types.peticao_inicial.templates.generic.jurista_v2]" time="0.000" /><testcase classname="tests.unit.test_templates_structure.TestTemplateInterface" name="test_user_prompt_is_callable[packages.modules.document_types.peticao_inicial.templates.generic.fact_checker]" time="0.000" /><testcase classname="tests.unit.test_templates_structure.TestTemplateInterface" name="test_user_prompt_is_callable[packages.modules.document_types.peticao_inicial.templates.generic.redator]" time="0.000" /><testcase classname="tests.unit.test_templates_structure.TestTemplateInterface" name="test_user_prompt_is_callable[packages.modules.document_types.peticao_inicial.templates.generic.revisor]" time="0.000" /><testcase classname="tests.unit.test_templates_structure.TestTemplateInterface" name="test_user_prompt_is_callable[packages.modules.document_types.contestacao.templates.generic.triagem]" time="0.000" /><testcase classname="tests.unit.test_templates_structure.TestTemplateInterface" name="test_user_prompt_is_callable[packages.modules.document_types.contestacao.templates.generic.pesquisador]" time="0.000" /><testcase classname="tests.unit.test_templates_structure.TestTemplateInterface" name="test_user_prompt_is_callable[packages.modules.document_types.contestacao.templates.generic.jurista]" time="0.000" /><testcase classname="tests.unit.test_templates_structure.TestTemplateInterface" name="test_user_prompt_is_callable[packages.modules.document_types.contestacao.templates.generic.advogado_diabo]" time="0.000" /><testcase classname="tests.unit.test_templates_structure.TestTemplateInterface" name="test_user_prompt_is_callable[packages.modules.document_types.contestacao.templates.generic.jurista_v2]" time="0.000" /><testcase classname="tests.unit.test_templates_structure.TestTemplateInterface" name="test_user_prompt_is_callable[packages.modules.document_types.contestacao.templates.generic.fact_checker]" time="0.000" /><testcase classname="tests.unit.test_templates_structure.TestTemplateInterface" name="test_user_prompt_is_callable[packages.modules.document_types.contestacao.templates.generic.redator]" time="0.000" /><testcase classname="tests.unit.test_templates_structure.TestTemplateInterface" name="test_user_prompt_is_callable[packages.modules.document_types.contestacao.templates.generic.revisor]" time="0.000" /><testcase classname="tests.unit.test_templates_structure.TestTemplateInterface" name="test_user_prompt_is_callable[packages.modules.document_types.recurso.templates.generic.triagem]" time="0.000" /><testcase classname="tests.unit.test_templates_structure.TestTemplateInterface" name="test_user_prompt_is_callable[packages.modules.document_types.recurso.templates.generic.pesquisador]" time="0.000" /><testcase classname="tests.unit.test_templates_structure.TestTemplateInterface" name="test_user_prompt_is_callable[packages.modules.document_types.recurso.templates.generic.jurista]" time="0.000" /><testcase classname="tests.unit.test_templates_structure.TestTemplateInterface" name="test_user_prompt_is_callable[packages.modules.document_types.recurso.templates.generic.advogado_diabo]" time="0.000" /><testcase classname="tests.unit.test_templates_structure.TestTemplateInterface" name="test_user_prompt_is_callable[packages.modules.document_types.recurso.templates.generic.jurista_v2]" time="0.000" /><testcase classname="tests.unit.test_templates_structure.TestTemplateInterface" name="test_user_prompt_is_callable[packages.modules.document_types.recurso.templates.generic.fact_checker]" time="0.000" /><testcase classname="tests.unit.test_templates_structure.TestTemplateInterface" name="test_user_prompt_is_callable[packages.modules.document_types.recurso.templates.generic.redator]" time="0.001" /><testcase classname="tests.unit.test_templates_structure.TestTemplateInterface" name="test_user_prompt_is_callable[packages.modules.document_types.recurso.templates.generic.revisor]" time="0.000" /><testcase classname="tests.unit.test_templates_structure.TestTemplateInterface" name="test_user_prompt_is_callable[packages.modules.document_types.sentenca.templates.generic.triagem]" time="0.000" /><testcase classname="tests.unit.test_templates_structure.TestTemplateInterface" name="test_user_prompt_is_callable[packages.modules.document_types.sentenca.templates.generic.pesquisador]" time="0.000" /><testcase classname="tests.unit.test_templates_structure.TestTemplateInterface" name="test_user_prompt_is_callable[packages.modules.document_types.sentenca.templates.generic.jurista]" time="0.000" /><testcase classname="tests.unit.test_templates_structure.TestTemplateInterface" name="test_user_prompt_is_callable[packages.modules.document_types.sentenca.templates.generic.fact_checker]" time="0.000" /><testcase classname="tests.unit.test_templates_structure.TestTemplateInterface" name="test_user_prompt_is_callable[packages.modules.document_types.sentenca.templates.generic.redator]" time="0.000" /><testcase classname="tests.unit.test_templates_structure.TestTemplateInterface" name="test_user_prompt_is_callable[packages.modules.document_types.sentenca.templates.generic.revisor]" time="0.001" /><testcase classname="tests.unit.test_templates_structure.TestTemplateInterface" name="test_user_prompt_is_callable[packages.modules.document_types.acao_civil_publica.templates.generic.triagem]" time="0.001" /><testcase classname="tests.unit.test_templates_structure.TestTemplateInterface" name="test_user_prompt_is_callable[packages.modules.document_types.acao_civil_publica.templates.generic.pesquisador]" time="0.000" /><testcase classname="tests.unit.test_templates_structure.TestTemplateInterface" name="test_user_prompt_is_callable[packages.modules.document_types.acao_civil_publica.templates.generic.jurista]" time="0.000" /><testcase classname="tests.unit.test_templates_structure.TestTemplateInterface" name="test_user_prompt_is_callable[packages.modules.document_types.acao_civil_publica.templates.generic.advogado_diabo]" time="0.000" /><testcase classname="tests.unit.test_templates_structure.TestTemplateInterface" name="test_user_prompt_is_callable[packages.modules.document_types.acao_civil_publica.templates.generic.jurista_v2]" time="0.000" /><testcase classname="tests.unit.test_templates_structure.TestTemplateInterface" name="test_user_prompt_is_callable[packages.modules.document_types.acao_civil_publica.templates.generic.fact_checker]" time="0.000" /><testcase classname="tests.unit.test_templates_structure.TestTemplateInterface" name="test_user_prompt_is_callable[packages.modules.document_types.acao_civil_publica.templates.generic.redator]" time="0.000" /><testcase classname="tests.unit.test_templates_structure.TestTemplateInterface" name="test_user_prompt_is_callable[packages.modules.document_types.acao_civil_publica.templates.generic.revisor]" time="0.000" /><testcase classname="tests.unit.test_templates_structure.TestTemplateInterface" name="test_user_prompt_is_callable[packages.modules.document_types.mandado_seguranca.templates.generic.triagem]" time="0.000" /><testcase classname="tests.unit.test_templates_structure.TestTemplateInterface" name="test_user_prompt_is_callable[packages.modules.document_types.mandado_seguranca.templates.generic.pesquisador]" time="0.000" /><testcase classname="tests.unit.test_templates_structure.TestTemplateInterface" name="test_user_prompt_is_callable[packages.modules.document_types.mandado_seguranca.templates.generic.jurista]" time="0.000" /><testcase classname="tests.unit.test_templates_structure.TestTemplateInterface" name="test_user_prompt_is_callable[packages.modules.document_types.mandado_seguranca.templates.generic.advogado_diabo]" time="0.000" /><testcase classname="tests.unit.test_templates_structure.TestTemplateInterface" name="test_user_prompt_is_callable[packages.modules.document_types.mandado_seguranca.templates.generic.jurista_v2]" time="0.000" /><testcase classname="tests.unit.test_templates_structure.TestTemplateInterface" name="test_user_prompt_is_callable[packages.modules.document_types.mandado_seguranca.templates.generic.fact_checker]" time="0.000" /><testcase classname="tests.unit.test_templates_structure.TestTemplateInterface" name="test_user_prompt_is_callable[packages.modules.document_types.mandado_seguranca.templates.generic.redator]" time="0.000" /><testcase classname="tests.unit.test_templates_structure.TestTemplateInterface" name="test_user_prompt_is_callable[packages.modules.document_types.mandado_seguranca.templates.generic.revisor]" time="0.000" /><testcase classname="tests.unit.test_templates_structure.TestTemplateInterface" name="test_user_prompt_is_callable[packages.modules.document_types.habeas_corpus.templates.generic.triagem]" time="0.000" /><testcase classname="tests.unit.test_templates_structure.TestTemplateInterface" name="test_user_prompt_is_callable[packages.modules.document_types.habeas_corpus.templates.generic.pesquisador]" time="0.000" /><testcase classname="tests.unit.test_templates_structure.TestTemplateInterface" name="test_user_prompt_is_callable[packages.modules.document_types.habeas_corpus.templates.generic.jurista]" time="0.000" /><testcase classname="tests.unit.test_templates_structure.TestTemplateInterface" name="test_user_prompt_is_callable[packages.modules.document_types.habeas_corpus.templates.generic.fact_checker]" time="0.001" /><testcase classname="tests.unit.test_templates_structure.TestTemplateInterface" name="test_user_prompt_is_callable[packages.modules.document_types.habeas_corpus.templates.generic.redator]" time="0.000" /><testcase classname="tests.unit.test_templates_structure.TestTemplateInterface" name="test_user_prompt_is_callable[packages.modules.document_types.habeas_corpus.templates.generic.revisor]" time="0.000" /><testcase classname="tests.unit.test_templates_structure.TestTemplateInterface" name="test_user_prompt_is_callable[packages.modules.document_types.agravo.templates.generic.triagem]" time="0.000" /><testcase classname="tests.unit.test_templates_structure.TestTemplateInterface" name="test_user_prompt_is_callable[packages.modules.document_types.agravo.templates.generic.pesquisador]" time="0.000" /><testcase classname="tests.unit.test_templates_structure.TestTemplateInterface" name="test_user_prompt_is_callable[packages.modules.document_types.agravo.templates.generic.jurista]" time="0.000" /><testcase classname="tests.unit.test_templates_structure.TestTemplateInterface" name="test_user_prompt_is_callable[packages.modules.document_types.agravo.templates.generic.advogado_diabo]" time="0.000" /><testcase classname="tests.unit.test_templates_structure.TestTemplateInterface" name="test_user_prompt_is_callable[packages.modules.document_types.agravo.templates.generic.fact_checker]" time="0.000" /><testcase classname="tests.unit.test_templates_structure.TestTemplateInterface" name="test_user_prompt_is_callable[packages.modules.document_types.agravo.templates.generic.redator]" time="0.000" /><testcase classname="tests.unit.test_templates_structure.TestTemplateInterface" name="test_user_prompt_is_callable[packages.modules.document_types.agravo.templates.generic.revisor]" time="0.000" /><testcase classname="tests.unit.test_templates_structure.TestTemplateInterface" name="test_user_prompt_is_callable[packages.modules.document_types.embargos_declaracao.templates.generic.triagem]" time="0.000" /><testcase classname="tests.unit.test_templates_structure.TestTemplateInterface" name="test_user_prompt_is_callable[packages.modules.document_types.embargos_declaracao.templates.generic.pesquisador]" time="0.000" /><testcase classname="tests.unit.test_templates_structure.TestTemplateInterface" name="test_user_prompt_is_callable[packages.modules.document_types.embargos_declaracao.templates.generic.jurista]" time="0.000" /><testcase classname="tests.unit.test_templates_structure.TestTemplateInterface" name="test_user_prompt_is_callable[packages.modules.document_types.embargos_declaracao.templates.generic.fact_checker]" time="0.000" /><testcase classname="tests.unit.test_templates_structure.TestTemplateInterface" name="test_user_prompt_is_callable[packages.modules.document_types.embargos_declaracao.templates.generic.redator]" time="0.000" /><testcase classname="tests.unit.test_templates_structure.TestTemplateInterface" name="test_user_prompt_is_callable[packages.modules.document_types.embargos_declaracao.templates.generic.revisor]" time="0.000" /><testcase classname="tests.unit.test_templates_structure.TestTemplateInterface" name="test_system_prompt_accepts_context[packages.modules.document_types.parecer.templates.generic.triagem]" time="0.001" /><testcase classname="tests.unit.test_templates_structure.TestTemplateInterface" name="test_system_prompt_accepts_context[packages.modules.document_types.parecer.templates.generic.moderador_agenda]" time="0.000" /><testcase classname="tests.unit.test_templates_structure.TestTemplateInterface" name="test_system_prompt_accepts_context[packages.modules.document_types.parecer.templates.generic.jurista]" time="0.000" /><testcase classname="tests.unit.test_templates_structure.TestTemplateInterface" name="test_system_prompt_accepts_context[packages.modules.document_types.parecer.templates.generic.advogado_diabo]" time="0.001" /><testcase classname="tests.unit.test_templates_structure.TestTemplateInterface" name="test_system_prompt_accepts_context[packages.modules.document_types.parecer.templates.generic.jurista_v2]" time="0.000" /><testcase classname="tests.unit.test_templates_structure.TestTemplateInterface" name="test_system_prompt_accepts_context[packages.modules.document_types.parecer.templates.generic.fact_checker]" time="0.000" /><testcase classname="tests.unit.test_templates_structure.TestTemplateInterface" name="test_system_prompt_accepts_context[packages.modules.document_types.parecer.templates.generic.moderador_plano]" time="0.000" /><testcase classname="tests.unit.test_templates_structure.TestTemplateInterface" name="test_system_prompt_accepts_context[packages.modules.document_types.parecer.templates.generic.redator]" time="0.000" /><testcase classname="tests.unit.test_templates_structure.TestTemplateInterface" name="test_system_prompt_accepts_context[packages.modules.document_types.parecer.templates.generic.revisor]" time="0.000" /><testcase classname="tests.unit.test_templates_structure.TestTemplateInterface" name="test_system_prompt_accepts_context[packages.modules.document_types.peticao_inicial.templates.generic.triagem]" time="0.000" /><testcase classname="tests.unit.test_templates_structure.TestTemplateInterface" name="test_system_prompt_accepts_context[packages.modules.document_types.peticao_inicial.templates.generic.pesquisador]" time="0.000" /><testcase classname="tests.unit.test_templates_structure.TestTemplateInterface" name="test_system_prompt_accepts_context[packages.modules.document_types.peticao_inicial.templates.generic.jurista]" time="0.000" /><testcase classname="tests.unit.test_templates_structure.TestTemplateInterface" name="test_system_prompt_accepts_context[packages.modules.document_types.peticao_inicial.templates.generic.advogado_diabo]" time="0.000" /><testcase classname="tests.unit.test_templates_structure.TestTemplateInterface" name="test_system_prompt_accepts_context[packages.modules.document_types.peticao_inicial.templates.generic.jurista_v2]" time="0.000" /><testcase classname="tests.unit.test_templates_structure.TestTemplateInterface" name="test_system_prompt_accepts_context[packages.modules.document_types.peticao_inicial.templates.generic.fact_checker]" time="0.000" /><testcase classname="tests.unit.test_templates_structure.TestTemplateInterface" name="test_system_prompt_accepts_context[packages.modules.document_types.peticao_inicial.templates.generic.redator]" time="0.000" /><testcase classname="tests.unit.test_templates_structure.TestTemplateInterface" name="test_system_prompt_accepts_context[packages.modules.document_types.peticao_inicial.templates.generic.revisor]" time="0.000" /><testcase classname="tests.unit.test_templates_structure.TestTemplateInterface" name="test_system_prompt_accepts_context[packages.modules.document_types.contestacao.templates.generic.triagem]" time="0.000" /><testcase classname="tests.unit.test_templates_structure.TestTemplateInterface" name="test_system_prompt_accepts_context[packages.modules.document_types.contestacao.templates.generic.pesquisador]" time="0.000" /><testcase classname="tests.unit.test_templates_structure.TestTemplateInterface" name="test_system_prompt_accepts_context[packages.modules.document_types.contestacao.templates.generic.jurista]" time="0.000" /><testcase classname="tests.unit.test_templates_structure.TestTemplateInterface" name="test_system_prompt_accepts_context[packages.modules.document_types.contestacao.templates.generic.advogado_diabo]" time="0.000" /><testcase classname="tests.unit.test_templates_structure.TestTemplateInterface" name="test_system_prompt_accepts_context[packages.modules.document_types.contestacao.templates.generic.jurista_v2]" time="0.000" /><testcase classname="tests.unit.test_templates_structure.TestTemplateInterface" name="test_system_prompt_accepts_context[packages.modules.document_types.contestacao.templates.generic.fact_checker]" time="0.000" /><testcase classname="tests.unit.test_templates_structure.TestTemplateInterface" name="test_system_prompt_accepts_context[packages.modules.document_types.contestacao.templates.generic.redator]" time="0.000" /><testcase classname="tests.unit.test_templates_structure.TestTemplateInterface" name="test_system_prompt_accepts_context[packages.modules.document_types.contestacao.templates.generic.revisor]" time="0.000" /><testcase classname="tests.unit.test_templates_structure.TestTemplateInterface" name="test_system_prompt_accepts_context[packages.modules.document_types.recurso.templates.generic.triagem]" time="0.000" /><testcase classname="tests.unit.test_templates_structure.TestTemplateInterface" name="test_system_prompt_accepts_context[packages.modules.document_types.recurso.templates.generic.pesquisador]" time="0.000" /><testcase classname="tests.unit.test_templates_structure.TestTemplateInterface" name="test_system_prompt_accepts_context[packages.modules.document_types.recurso.templates.generic.jurista]" time="0.000" /><testcase classname="tests.unit.test_templates_structure.TestTemplateInterface" name="test_system_prompt_accepts_context[packages.modules.document_types.recurso.templates.generic.advogado_diabo]" time="0.000" /><testcase classname="tests.unit.test_templates_structure.TestTemplateInterface" name="test_system_prompt_accepts_context[packages.modules.document_types.recurso.templates.generic.jurista_v2]" time="0.000" /><testcase classname="tests.unit.test_templates_structure.TestTemplateInterface" name="test_system_prompt_accepts_context[packages.modules.document_types.recurso.templates.generic.fact_checker]" time="0.000" /><testcase classname="tests.unit.test_templates_structure.TestTemplateInterface" name="test_system_prompt_accepts_context[packages.modules.document_types.recurso.templates.generic.redator]" time="0.000" /><testcase classname="tests.unit.test_templates_structure.TestTemplateInterface" name="test_system_prompt_accepts_context[packages.modules.document_types.recurso.templates.generic.revisor]" time="0.000" /><testcase classname="tests.unit.test_templates_structure.TestTemplateInterface" name="test_system_prompt_accepts_context[packages.modules.document_types.sentenca.templates.generic.triagem]" time="0.000" /><testcase classname="tests.unit.test_templates_structure.TestTemplateInterface" name="test_system_prompt_accepts_context[packages.modules.document_types.sentenca.templates.generic.pesquisador]" time="0.000" /><testcase classname="tests.unit.test_templates_structure.TestTemplateInterface" name="test_system_prompt_accepts_context[packages.modules.document_types.sentenca.templates.generic.jurista]" time="0.000" /><testcase classname="tests.unit.test_templates_structure.TestTemplateInterface" name="test_system_prompt_accepts_context[packages.modules.document_types.sentenca.templates.generic.fact_checker]" time="0.000" /><testcase classname="tests.unit.test_templates_structure.TestTemplateInterface" name="test_system_prompt_accepts_context[packages.modules.document_types.sentenca.templates.generic.redator]" time="0.000" /><testcase classname="tests.unit.test_templates_structure.TestTemplateInterface" name="test_system_prompt_accepts_context[packages.modules.document_types.sentenca.templates.generic.revisor]" time="0.000" /><testcase classname="tests.unit.test_templates_structure.TestTemplateInterface" name="test_system_prompt_accepts_context[packages.modules.document_types.acao_civil_publica.templates.generic.triagem]" time="0.000" /><testcase classname="tests.unit.test_templates_structure.TestTemplateInterface" name="test_system_prompt_accepts_context[packages.modules.document_types.acao_civil_publica.templates.generic.pesquisador]" time="0.000" /><testcase classname="tests.unit.test_templates_structure.TestTemplateInterface" name="test_system_prompt_accepts_context[packages.modules.document_types.acao_civil_publica.templates.generic.jurista]" time="0.000" /><testcase classname="tests.unit.test_templates_structure.TestTemplateInterface" name="test_system_prompt_accepts_context[packages.modules.document_types.acao_civil_publica.templates.generic.advogado_diabo]" time="0.000" /><testcase classname="tests.unit.test_templates_structure.TestTemplateInterface" name="test_system_prompt_accepts_context[packages.modules.document_types.acao_civil_publica.templates.generic.jurista_v2]" time="0.000" /><testcase classname="tests.unit.test_templates_structure.TestTemplateInterface" name="test_system_prompt_accepts_context[packages.modules.document_types.acao_civil_publica.templates.generic.fact_checker]" time="0.000" /><testcase classname="tests.unit.test_templates_structure.TestTemplateInterface" name="test_system_prompt_accepts_context[packages.modules.document_types.acao_civil_publica.templates.generic.redator]" time="0.000" /><testcase classname="tests.unit.test_templates_structure.TestTemplateInterface" name="test_system_prompt_accepts_context[packages.modules.document_types.acao_civil_publica.templates.generic.revisor]" time="0.000" /><testcase classname="tests.unit.test_templates_structure.TestTemplateInterface" name="test_system_prompt_accepts_context[packages.modules.document_types.mandado_seguranca.templates.generic.triagem]" time="0.000" /><testcase classname="tests.unit.test_templates_structure.TestTemplateInterface" name="test_system_prompt_accepts_context[packages.modules.document_types.mandado_seguranca.templates.generic.pesquisador]" time="0.000" /><testcase classname="tests.unit.test_templates_structure.TestTemplateInterface" name="test_system_prompt_accepts_context[packages.modules.document_types.mandado_seguranca.templates.generic.jurista]" time="0.000" /><testcase classname="tests.unit.test_templates_structure.TestTemplateInterface" name="test_system_prompt_accepts_context[packages.modules.document_types.mandado_seguranca.templates.generic.advogado_diabo]" time="0.000" /><testcase classname="tests.unit.test_templates_structure.TestTemplateInterface" name="test_system_prompt_accepts_context[packages.modules.document_types.mandado_seguranca.templates.generic.jurista_v2]" time="0.000" /><testcase classname="tests.unit.test_templates_structure.TestTemplateInterface" name="test_system_prompt_accepts_context[packages.modules.document_types.mandado_seguranca.templates.generic.fact_checker]" time="0.000" /><testcase classname="tests.unit.test_templates_structure.TestTemplateInterface" name="test_system_prompt_accepts_context[packages.modules.document_types.mandado_seguranca.templates.generic.redator]" time="0.001" /><testcase classname="tests.unit.test_templates_structure.TestTemplateInterface" name="test_system_prompt_accepts_context[packages.modules.document_types.mandado_seguranca.templates.generic.revisor]" time="0.000" /><testcase classname="tests.unit.test_templates_structure.TestTemplateInterface" name="test_system_prompt_accepts_context[packages.modules.document_types.habeas_corpus.templates.generic.triagem]" time="0.000" /><testcase classname="tests.unit.test_templates_structure.TestTemplateInterface" name="test_system_prompt_accepts_context[packages.modules.document_types.habeas_corpus.templates.generic.pesquisador]" time="0.000" /><testcase classname="tests.unit.test_templates_structure.TestTemplateInterface" name="test_system_prompt_accepts_context[packages.modules.document_types.habeas_corpus.templates.generic.jurista]" time="0.000" /><testcase classname="tests.unit.test_templates_structure.TestTemplateInterface" name="test_system_prompt_accepts_context[packages.modules.document_types.habeas_corpus.templates.generic.fact_checker]" time="0.000" /><testcase classname="tests.unit.test_templates_structure.TestTemplateInterface" name="test_system_prompt_accepts_context[packages.modules.document_types.habeas_corpus.templates.generic.redator]" time="0.000" /><testcase classname="tests.unit.test_templates_structure.TestTemplateInterface" name="test_system_prompt_accepts_context[packages.modules.document_types.habeas_corpus.templates.generic.revisor]" time="0.000" /><testcase classname="tests.unit.test_templates_structure.TestTemplateInterface" name="test_system_prompt_accepts_context[packages.modules.document_types.agravo.templates.generic.triagem]" time="0.000" /><testcase classname="tests.unit.test_templates_structure.TestTemplateInterface" name="test_system_prompt_accepts_context[packages.modules.document_types.agravo.templates.generic.pesquisador]" time="0.000" /><testcase classname="tests.unit.test_templates_structure.TestTemplateInterface" name="test_system_prompt_accepts_context[packages.modules.document_types.agravo.templates.generic.jurista]" time="0.000" /><testcase classname="tests.unit.test_templates_structure.TestTemplateInterface" name="test_system_prompt_accepts_context[packages.modules.document_types.agravo.templates.generic.advogado_diabo]" time="0.000" /><testcase classname="tests.unit.test_templates_structure.TestTemplateInterface" name="test_system_prompt_accepts_context[packages.modules.document_types.agravo.templates.generic.fact_checker]" time="0.001" /><testcase classname="tests.unit.test_templates_structure.TestTemplateInterface" name="test_system_prompt_accepts_context[packages.modules.document_types.agravo.templates.generic.redator]" time="0.000" /><testcase classname="tests.unit.test_templates_structure.TestTemplateInterface" name="test_system_prompt_accepts_context[packages.modules.document_types.agravo.templates.generic.revisor]" time="0.000" /><testcase classname="tests.unit.test_templates_structure.TestTemplateInterface" name="test_system_prompt_accepts_context[packages.modules.document_types.embargos_declaracao.templates.generic.triagem]" time="0.000" /><testcase classname="tests.unit.test_templates_structure.TestTemplateInterface" name="test_system_prompt_accepts_context[packages.modules.document_types.embargos_declaracao.templates.generic.pesquisador]" time="0.000" /><testcase classname="tests.unit.test_templates_structure.TestTemplateInterface" name="test_system_prompt_accepts_context[packages.modules.document_types.embargos_declaracao.templates.generic.jurista]" time="0.000" /><testcase classname="tests.unit.test_templates_structure.TestTemplateInterface" name="test_system_prompt_accepts_context[packages.modules.document_types.embargos_declaracao.templates.generic.fact_checker]" time="0.000" /><testcase classname="tests.unit.test_templates_structure.TestTemplateInterface" name="test_system_prompt_accepts_context[packages.modules.document_types.embargos_declaracao.templates.generic.redator]" time="0.000" /><testcase classname="tests.unit.test_templates_structure.TestTemplateInterface" name="test_system_prompt_accepts_context[packages.modules.document_types.embargos_declaracao.templates.generic.revisor]" time="0.000" /><testcase classname="tests.unit.test_templates_structure.TestTemplateInterface" name="test_user_prompt_accepts_context[packages.modules.document_types.parecer.templates.generic.triagem]" time="0.000" /><testcase classname="tests.unit.test_templates_structure.TestTemplateInterface" name="test_user_prompt_accepts_context[packages.modules.document_types.parecer.templates.generic.moderador_agenda]" time="0.000" /><testcase classname="tests.unit.test_templates_structure.TestTemplateInterface" name="test_user_prompt_accepts_context[packages.modules.document_types.parecer.templates.generic.jurista]" time="0.001" /><testcase classname="tests.unit.test_templates_structure.TestTemplateInterface" name="test_user_prompt_accepts_context[packages.modules.document_types.parecer.templates.generic.advogado_diabo]" time="0.000" /><testcase classname="tests.unit.test_templates_structure.TestTemplateInterface" name="test_user_prompt_accepts_context[packages.modules.document_types.parecer.templates.generic.jurista_v2]" time="0.000" /><testcase classname="tests.unit.test_templates_structure.TestTemplateInterface" name="test_user_prompt_accepts_context[packages.modules.document_types.parecer.templates.generic.fact_checker]" time="0.000" /><testcase classname="tests.unit.test_templates_structure.TestTemplateInterface" name="test_user_prompt_accepts_context[packages.modules.document_types.parecer.templates.generic.moderador_plano]" time="0.000" /><testcase classname="tests.unit.test_templates_structure.TestTemplateInterface" name="test_user_prompt_accepts_context[packages.modules.document_types.parecer.templates.generic.redator]" time="0.000" /><testcase classname="tests.unit.test_templates_structure.TestTemplateInterface" name="test_user_prompt_accepts_context[packages.modules.document_types.parecer.templates.generic.revisor]" time="0.000" /><testcase classname="tests.unit.test_templates_structure.TestTemplateInterface" name="test_user_prompt_accepts_context[packages.modules.document_types.peticao_inicial.templates.generic.triagem]" time="0.000" /><testcase classname="tests.unit.test_templates_structure.TestTemplateInterface" name="test_user_prompt_accepts_context[packages.modules.document_types.peticao_inicial.templates.generic.pesquisador]" time="0.000" /><testcase classname="tests.unit.test_templates_structure.TestTemplateInterface" name="test_user_prompt_accepts_context[packages.modules.document_types.peticao_inicial.templates.generic.jurista]" time="0.000" /><testcase classname="tests.unit.test_templates_structure.TestTemplateInterface" name="test_user_prompt_accepts_context[packages.modules.document_types.peticao_inicial.templates.generic.advogado_diabo]" time="0.000" /><testcase classname="tests.unit.test_templates_structure.TestTemplateInterface" name="test_user_prompt_accepts_context[packages.modules.document_types.peticao_inicial.templates.generic.jurista_v2]" time="0.001" /><testcase classname="tests.unit.test_templates_structure.TestTemplateInterface" name="test_user_prompt_accepts_context[packages.modules.document_types.peticao_inicial.templates.generic.fact_checker]" time="0.000" /><testcase classname="tests.unit.test_templates_structure.TestTemplateInterface" name="test_user_prompt_accepts_context[packages.modules.document_types.peticao_inicial.templates.generic.redator]" time="0.000" /><testcase classname="tests.unit.test_templates_structure.TestTemplateInterface" name="test_user_prompt_accepts_context[packages.modules.document_types.peticao_inicial.templates.generic.revisor]" time="0.000" /><testcase classname="tests.unit.test_templates_structure.TestTemplateInterface" name="test_user_prompt_accepts_context[packages.modules.document_types.contestacao.templates.generic.triagem]" time="0.000" /><testcase classname="tests.unit.test_templates_structure.TestTemplateInterface" name="test_user_prompt_accepts_context[packages.modules.document_types.contestacao.templates.generic.pesquisador]" time="0.000" /><testcase classname="tests.unit.test_templates_structure.TestTemplateInterface" name="test_user_prompt_accepts_context[packages.modules.document_types.contestacao.templates.generic.jurista]" time="0.000" /><testcase classname="tests.unit.test_templates_structure.TestTemplateInterface" name="test_user_prompt_accepts_context[packages.modules.document_types.contestacao.templates.generic.advogado_diabo]" time="0.000" /><testcase classname="tests.unit.test_templates_structure.TestTemplateInterface" name="test_user_prompt_accepts_context[packages.modules.document_types.contestacao.templates.generic.jurista_v2]" time="0.001" /><testcase classname="tests.unit.test_templates_structure.TestTemplateInterface" name="test_user_prompt_accepts_context[packages.modules.document_types.contestacao.templates.generic.fact_checker]" time="0.000" /><testcase classname="tests.unit.test_templates_structure.TestTemplateInterface" name="test_user_prompt_accepts_context[packages.modules.document_types.contestacao.templates.generic.redator]" time="0.000" /><testcase classname="tests.unit.test_templates_structure.TestTemplateInterface" name="test_user_prompt_accepts_context[packages.modules.document_types.contestacao.templates.generic.revisor]" time="0.000" /><testcase classname="tests.unit.test_templates_structure.TestTemplateInterface" name="test_user_prompt_accepts_context[packages.modules.document_types.recurso.templates.generic.triagem]" time="0.000" /><testcase classname="tests.unit.test_templates_structure.TestTemplateInterface" name="test_user_prompt_accepts_context[packages.modules.document_types.recurso.templates.generic.pesquisador]" time="0.000" /><testcase classname="tests.unit.test_templates_structure.TestTemplateInterface" name="test_user_prompt_accepts_context[packages.modules.document_types.recurso.templates.generic.jurista]" time="0.000" /><testcase classname="tests.unit.test_templates_structure.TestTemplateInterface" name="test_user_prompt_accepts_context[packages.modules.document_types.recurso.templates.generic.advogado_diabo]" time="0.000" /><testcase classname="tests.unit.test_templates_structure.TestTemplateInterface" name="test_user_prompt_accepts_context[packages.modules.document_types.recurso.templates.generic.jurista_v2]" time="0.000" /><testcase classname="tests.unit.test_templates_structure.TestTemplateInterface" name="test_user_prompt_accepts_context[packages.modules.document_types.recurso.templates.generic.fact_checker]" time="0.000" /><testcase classname="tests.unit.test_templates_structure.TestTemplateInterface" name="test_user_prompt_accepts_context[packages.modules.document_types.recurso.templates.generic.redator]" time="0.000" /><testcase classname="tests.unit.test_templates_structure.TestTemplateInterface" name="test_user_prompt_accepts_context[packages.modules.document_types.recurso.templates.generic.revisor]" time="0.000" /><testcase classname="tests.unit.test_templates_structure.TestTemplateInterface" name="test_user_prompt_accepts_context[packages.modules.document_types.sentenca.templates.generic.triagem]" time="0.000" /><testcase classname="tests.unit.test_templates_structure.TestTemplateInterface" name="test_user_prompt_accepts_context[packages.modules.document_types.sentenca.templates.generic.pesquisador]" time="0.000" /><testcase classname="tests.unit.test_templates_structure.TestTemplateInterface" name="test_user_prompt_accepts_context[packages.modules.document_types.sentenca.templates.generic.jurista]" time="0.001" /><testcase classname="tests.unit.test_templates_structure.TestTemplateInterface" name="test_user_prompt_accepts_context[packages.modules.document_types.sentenca.templates.generic.fact_checker]" time="0.000" /><testcase classname="tests.unit.test_templates_structure.TestTemplateInterface" name="test_user_prompt_accepts_context[packages.modules.document_types.sentenca.templates.generic.redator]" time="0.000" /><testcase classname="tests.unit.test_templates_structure.TestTemplateInterface" name="test_user_prompt_accepts_context[packages.modules.document_types.sentenca.templates.generic.revisor]" time="0.000" /><testcase classname="tests.unit.test_templates_structure.TestTemplateInterface" name="test_user_prompt_accepts_context[packages.modules.document_types.acao_civil_publica.templates.generic.triagem]" time="0.000" /><testcase classname="tests.unit.test_templates_structure.TestTemplateInterface" name="test_user_prompt_accepts_context[packages.modules.document_types.acao_civil_publica.templates.generic.pesquisador]" time="0.000" /><testcase classname="tests.unit.test_templates_structure.TestTemplateInterface" name="test_user_prompt_accepts_context[packages.modules.document_types.acao_civil_publica.templates.generic.jurista]" time="0.000" /><testcase classname="tests.unit.test_templates_structure.TestTemplateInterface" name="test_user_prompt_accepts_context[packages.modules.document_types.acao_civil_publica.templates.generic.advogado_diabo]" time="0.000" /><testcase classname="tests.unit.test_templates_structure.TestTemplateInterface" name="test_user_prompt_accepts_context[packages.modules.document_types.acao_civil_publica.templates.generic.jurista_v2]" time="0.000" /><testcase classname="tests.unit.test_templates_structure.TestTemplateInterface" name="test_user_prompt_accepts_context[packages.modules.document_types.acao_civil_publica.templates.generic.fact_checker]" time="0.000" /><testcase classname="tests.unit.test_templates_structure.TestTemplateInterface" name="test_user_prompt_accepts_context[packages.modules.document_types.acao_civil_publica.templates.generic.redator]" time="0.001" /><testcase classname="tests.unit.test_templates_structure.TestTemplateInterface" name="test_user_prompt_accepts_context[packages.modules.document_types.acao_civil_publica.templates.generic.revisor]" time="0.001" /><testcase classname="tests.unit.test_templates_structure.TestTemplateInterface" name="test_user_prompt_accepts_context[packages.modules.document_types.mandado_seguranca.templates.generic.triagem]" time="0.000" /><testcase classname="tests.unit.test_templates_structure.TestTemplateInterface" name="test_user_prompt_accepts_context[packages.modules.document_types.mandado_seguranca.templates.generic.pesquisador]" time="0.000" /><testcase classname="tests.unit.test_templates_structure.TestTemplateInterface" name="test_user_prompt_accepts_context[packages.modules.document_types.mandado_seguranca.templates.generic.jurista]" time="0.000" /><testcase classname="tests.unit.test_templates_structure.TestTemplateInterface" name="test_user_prompt_accepts_context[packages.modules.document_types.mandado_seguranca.templates.generic.advogado_diabo]" time="0.001" /><testcase classname="tests.unit.test_templates_structure.TestTemplateInterface" name="test_user_prompt_accepts_context[packages.modules.document_types.mandado_seguranca.templates.generic.jurista_v2]" time="0.000" /><testcase classname="tests.unit.test_templates_structure.TestTemplateInterface" name="test_user_prompt_accepts_context[packages.modules.document_types.mandado_seguranca.templates.generic.fact_checker]" time="0.000" /><testcase classname="tests.unit.test_templates_structure.TestTemplateInterface" name="test_user_prompt_accepts_context[packages.modules.document_types.mandado_seguranca.templates.generic.redator]" time="0.000" /><testcase classname="tests.unit.test_templates_structure.TestTemplateInterface" name="test_user_prompt_accepts_context[packages.modules.document_types.mandado_seguranca.templates.generic.revisor]" time="0.001" /><testcase classname="tests.unit.test_templates_structure.TestTemplateInterface" name="test_user_prompt_accepts_context[packages.modules.document_types.habeas_corpus.templates.generic.triagem]" time="0.001" /><testcase classname="tests.unit.test_templates_structure.TestTemplateInterface" name="test_user_prompt_accepts_context[packages.modules.document_types.habeas_corpus.templates.generic.pesquisador]" time="0.000" /><testcase classname="tests.unit.test_templates_structure.TestTemplateInterface" name="test_user_prompt_accepts_context[packages.modules.document_types.habeas_corpus.templates.generic.jurista]" time="0.000" /><testcase classname="tests.unit.test_templates_structure.TestTemplateInterface" name="test_user_prompt_accepts_context[packages.modules.document_types.habeas_corpus.templates.generic.fact_checker]" time="0.000" /><testcase classname="tests.unit.test_templates_structure.TestTemplateInterface" name="test_user_prompt_accepts_context[packages.modules.document_types.habeas_corpus.templates.generic.redator]" time="0.000" /><testcase classname="tests.unit.test_templates_structure.TestTemplateInterface" name="test_user_prompt_accepts_context[packages.modules.document_types.habeas_corpus.templates.generic.revisor]" time="0.000" /><testcase classname="tests.unit.test_templates_structure.TestTemplateInterface" name="test_user_prompt_accepts_context[packages.modules.document_types.agravo.templates.generic.triagem]" time="0.000" /><testcase classname="tests.unit.test_templates_structure.TestTemplateInterface" name="test_user_prompt_accepts_context[packages.modules.document_types.agravo.templates.generic.pesquisador]" time="0.000" /><testcase classname="tests.unit.test_templates_structure.TestTemplateInterface" name="test_user_prompt_accepts_context[packages.modules.document_types.agravo.templates.generic.jurista]" time="0.000" /><testcase classname="tests.unit.test_templates_structure.TestTemplateInterface" name="test_user_prompt_accepts_context[packages.modules.document_types.agravo.templates.generic.advogado_diabo]" time="0.000" /><testcase classname="tests.unit.test_templates_structure.TestTemplateInterface" name="test_user_prompt_accepts_context[packages.modules.document_types.agravo.templates.generic.fact_checker]" time="0.001" /><testcase classname="tests.unit.test_templates_structure.TestTemplateInterface" name="test_user_prompt_accepts_context[packages.modules.document_types.agravo.templates.generic.redator]" time="0.000" /><testcase classname="tests.unit.test_templates_structure.TestTemplateInterface" name="test_user_prompt_accepts_context[packages.modules.document_types.agravo.templates.generic.revisor]" time="0.000" /><testcase classname="tests.unit.test_templates_structure.TestTemplateInterface" name="test_user_prompt_accepts_context[packages.modules.document_types.embargos_declaracao.templates.generic.triagem]" time="0.000" /><testcase classname="tests.unit.test_templates_structure.TestTemplateInterface" name="test_user_prompt_accepts_context[packages.modules.document_types.embargos_declaracao.templates.generic.pesquisador]" time="0.000" /><testcase classname="tests.unit.test_templates_structure.TestTemplateInterface" name="test_user_prompt_accepts_context[packages.modules.document_types.embargos_declaracao.templates.generic.jurista]" time="0.000" /><testcase classname="tests.unit.test_templates_structure.TestTemplateInterface" name="test_user_prompt_accepts_context[packages.modules.document_types.embargos_declaracao.templates.generic.fact_checker]" time="0.000" /><testcase classname="tests.unit.test_templates_structure.TestTemplateInterface" name="test_user_prompt_accepts_context[packages.modules.document_types.embargos_declaracao.templates.generic.redator]" time="0.001" /><testcase classname="tests.unit.test_templates_structure.TestTemplateInterface" name="test_user_prompt_accepts_context[packages.modules.document_types.embargos_declaracao.templates.generic.revisor]" time="0.000" /><testcase classname="tests.unit.test_templates_structure.TestTemplateInterface" name="test_system_prompt_returns_string[packages.modules.document_types.parecer.templates.generic.triagem]" time="0.000" /><testcase classname="tests.unit.test_templates_structure.TestTemplateInterface" name="test_system_prompt_returns_string[packages.modules.document_types.parecer.templates.generic.moderador_agenda]" time="0.000" /><testcase classname="tests.unit.test_templates_structure.TestTemplateInterface" name="test_system_prompt_returns_string[packages.modules.document_types.parecer.templates.generic.jurista]" time="0.000" /><testcase classname="tests.unit.test_templates_structure.TestTemplateInterface" name="test_system_prompt_returns_string[packages.modules.document_types.parecer.templates.generic.advogado_diabo]" time="0.000" /><testcase classname="tests.unit.test_templates_structure.TestTemplateInterface" name="test_system_prompt_returns_string[packages.modules.document_types.parecer.templates.generic.jurista_v2]" time="0.000" /><testcase classname="tests.unit.test_templates_structure.TestTemplateInterface" name="test_system_prompt_returns_string[packages.modules.document_types.parecer.templates.generic.fact_checker]" time="0.000" /><testcase classname="tests.unit.test_templates_structure.TestTemplateInterface" name="test_system_prompt_returns_string[packages.modules.document_types.parecer.templates.generic.moderador_plano]" time="0.000" /><testcase classname="tests.unit.test_templates_structure.TestTemplateInterface" name="test_system_prompt_returns_string[packages.modules.document_types.parecer.templates.generic.redator]" time="0.000" /><testcase classname="tests.unit.test_templates_structure.TestTemplateInterface" name="test_system_prompt_returns_string[packages.modules.document_types.parecer.templates.generic.revisor]" time="0.000" /><testcase classname="tests.unit.test_templates_structure.TestTemplateInterface" name="test_system_prompt_returns_string[packages.modules.document_types.peticao_inicial.templates.generic.triagem]" time="0.000" /><testcase classname="tests.unit.test_templates_structure.TestTemplateInterface" name="test_system_prompt_returns_string[packages.modules.document_types.peticao_inicial.templates.generic.pesquisador]" time="0.000" /><testcase classname="tests.unit.test_templates_structure.TestTemplateInterface" name="test_system_prompt_returns_string[packages.modules.document_types.peticao_inicial.templates.generic.jurista]" time="0.000" /><testcase classname="tests.unit.test_templates_structure.TestTemplateInterface" name="test_system_prompt_returns_string[packages.modules.document_types.peticao_inicial.templates.generic.advogado_diabo]" time="0.000" /><testcase classname="tests.unit.test_templates_structure.TestTemplateInterface" name="test_system_prompt_returns_string[packages.modules.document_types.peticao_inicial.templates.generic.jurista_v2]" time="0.000" /><testcase classname="tests.unit.test_templates_structure.TestTemplateInterface" name="test_system_prompt_returns_string[packages.modules.document_types.peticao_inicial.templates.generic.fact_checker]" time="0.000" /><testcase classname="tests.unit.test_templates_structure.TestTemplateInterface" name="test_system_prompt_returns_string[packages.modules.document_types.peticao_inicial.templates.generic.redator]" time="0.000" /><testcase classname="tests.unit.test_templates_structure.TestTemplateInterface" name="test_system_prompt_returns_string[packages.modules.document_types.peticao_inicial.templates.generic.revisor]" time="0.000" /><testcase classname="tests.unit.test_templates_structure.TestTemplateInterface" name="test_system_prompt_returns_string[packages.modules.document_types.contestacao.templates.generic.triagem]" time="0.000" /><testcase classname="tests.unit.test_templates_structure.TestTemplateInterface" name="test_system_prompt_returns_string[packages.modules.document_types.contestacao.templates.generic.pesquisador]" time="0.000" /><testcase classname="tests.unit.test_templates_structure.TestTemplateInterface" name="test_system_prompt_returns_string[packages.modules.document_types.contestacao.templates.generic.jurista]" time="0.001" /><testcase classname="tests.unit.test_templates_structure.TestTemplateInterface" name="test_system_prompt_returns_string[packages.modules.document_types.contestacao.templates.generic.advogado_diabo]" time="0.000" /><testcase classname="tests.unit.test_templates_structure.TestTemplateInterface" name="test_system_prompt_returns_string[packages.modules.document_types.contestacao.templates.generic.jurista_v2]" time="0.000" /><testcase classname="tests.unit.test_templates_structure.TestTemplateInterface" name="test_system_prompt_returns_string[packages.modules.document_types.contestacao.templates.generic.fact_checker]" time="0.000" /><testcase classname="tests.unit.test_templates_structure.TestTemplateInterface" name="test_system_prompt_returns_string[packages.modules.document_types.contestacao.templates.generic.redator]" time="0.000" /><testcase classname="tests.unit.test_templates_structure.TestTemplateInterface" name="test_system_prompt_returns_string[packages.modules.document_types.contestacao.templates.generic.revisor]" time="0.000" /><testcase classname="tests.unit.test_templates_structure.TestTemplateInterface" name="test_system_prompt_returns_string[packages.modules.document_types.recurso.templates.generic.triagem]" time="0.000" /><testcase classname="tests.unit.test_templates_structure.TestTemplateInterface" name="test_system_prompt_returns_string[packages.modules.document_types.recurso.templates.generic.pesquisador]" time="0.000" /><testcase classname="tests.unit.test_templates_structure.TestTemplateInterface" name="test_system_prompt_returns_string[packages.modules.document_types.recurso.templates.generic.jurista]" time="0.000" /><testcase classname="tests.unit.test_templates_structure.TestTemplateInterface" name="test_system_prompt_returns_string[packages.modules.document_types.recurso.templates.generic.advogado_diabo]" time="0.000" /><testcase classname="tests.unit.test_templates_structure.TestTemplateInterface" name="test_system_prompt_returns_string[packages.modules.document_types.recurso.templates.generic.jurista_v2]" time="0.000" /><testcase classname="tests.unit.test_templates_structure.TestTemplateInterface" name="test_system_prompt_returns_string[packages.modules.document_types.recurso.templates.generic.fact_checker]" time="0.000" /><testcase classname="tests.unit.test_templates_structure.TestTemplateInterface" name="test_system_prompt_returns_string[packages.modules.document_types.recurso.templates.generic.redator]" time="0.000" /><testcase classname="tests.unit.test_templates_structure.TestTemplateInterface" name="test_system_prompt_returns_string[packages.modules.document_types.recurso.templates.generic.revisor]" time="0.000" /><testcase classname="tests.unit.test_templates_structure.TestTemplateInterface" name="test_system_prompt_returns_string[packages.modules.document_types.sentenca.templates.generic.triagem]" time="0.000" /><testcase classname="tests.unit.test_templates_structure.TestTemplateInterface" name="test_system_prompt_returns_string[packages.modules.document_types.sentenca.templates.generic.pesquisador]" time="0.000" /><testcase classname="tests.unit.test_templates_structure.TestTemplateInterface" name="test_system_prompt_returns_string[packages.modules.document_types.sentenca.templates.generic.jurista]" time="0.000" /><testcase classname="tests.unit.test_templates_structure.TestTemplateInterface" name="test_system_prompt_returns_string[packages.modules.document_types.sentenca.templates.generic.fact_checker]" time="0.000" /><testcase classname="tests.unit.test_templates_structure.TestTemplateInterface" name="test_system_prompt_returns_string[packages.modules.document_types.sentenca.templates.generic.redator]" time="0.000" /><testcase classname="tests.unit.test_templates_structure.TestTemplateInterface" name="test_system_prompt_returns_string[packages.modules.document_types.sentenca.templates.generic.revisor]" time="0.000" /><testcase classname="tests.unit.test_templates_structure.TestTemplateInterface" name="test_system_prompt_returns_string[packages.modules.document_types.acao_civil_publica.templates.generic.triagem]" time="0.000" /><testcase classname="tests.unit.test_templates_structure.TestTemplateInterface" name="test_system_prompt_returns_string[packages.modules.document_types.acao_civil_publica.templates.generic.pesquisador]" time="0.000" /><testcase classname="tests.unit.test_templates_structure.TestTemplateInterface" name="test_system_prompt_returns_string[packages.modules.document_types.acao_civil_publica.templates.generic.jurista]" time="0.000" /><testcase classname="tests.unit.test_templates_structure.TestTemplateInterface" name="test_system_prompt_returns_string[packages.modules.document_types.acao_civil_publica.templates.generic.advogado_diabo]" time="0.000" /><testcase classname="tests.unit.test_templates_structure.TestTemplateInterface" name="test_system_prompt_returns_string[packages.modules.document_types.acao_civil_publica.templates.generic.jurista_v2]" time="0.000" /><testcase classname="tests.unit.test_templates_structure.TestTemplateInterface" name="test_system_prompt_returns_string[packages.modules.document_types.acao_civil_publica.templates.generic.fact_checker]" time="0.000" /><testcase classname="tests.unit.test_templates_structure.TestTemplateInterface" name="test_system_prompt_returns_string[packages.modules.document_types.acao_civil_publica.templates.generic.redator]" time="0.000" /><testcase classname="tests.unit.test_templates_structure.TestTemplateInterface" name="test_system_prompt_returns_string[packages.modules.document_types.acao_civil_publica.templates.generic.revisor]" time="0.000" /><testcase classname="tests.unit.test_templates_structure.TestTemplateInterface" name="test_system_prompt_returns_string[packages.modules.document_types.mandado_seguranca.templates.generic.triagem]" time="0.000" /><testcase classname="tests.unit.test_templates_structure.TestTemplateInterface" name="test_system_prompt_returns_string[packages.modules.document_types.mandado_seguranca.templates.generic.pesquisador]" time="0.000" /><testcase classname="tests.unit.test_templates_structure.TestTemplateInterface" name="test_system_prompt_returns_string[packages.modules.document_types.mandado_seguranca.templates.generic.jurista]" time="0.000" /><testcase classname="tests.unit.test_templates_structure.TestTemplateInterface" name="test_system_prompt_returns_string[packages.modules.document_types.mandado_seguranca.templates.generic.advogado_diabo]" time="0.001" /><testcase classname="tests.unit.test_templates_structure.TestTemplateInterface" name="test_system_prompt_returns_string[packages.modules.document_types.mandado_seguranca.templates.generic.jurista_v2]" time="0.000" /><testcase classname="tests.unit.test_templates_structure.TestTemplateInterface" name="test_system_prompt_returns_string[packages.modules.document_types.mandado_seguranca.templates.generic.fact_checker]" time="0.000" /><testcase classname="tests.unit.test_templates_structure.TestTemplateInterface" name="test_system_prompt_returns_string[packages.modules.document_types.mandado_seguranca.templates.generic.redator]" time="0.000" /><testcase classname="tests.unit.test_templates_structure.TestTemplateInterface" name="test_system_prompt_returns_string[packages.modules.document_types.mandado_seguranca.templates.generic.revisor]" time="0.000" /><testcase classname="tests.unit.test_templates_structure.TestTemplateInterface" name="test_system_prompt_returns_string[packages.modules.document_types.habeas_corpus.templates.generic.triagem]" time="0.000" /><testcase classname="tests.unit.test_templates_structure.TestTemplateInterface" name="test_system_prompt_returns_string[packages.modules.document_types.habeas_corpus.templates.generic.pesquisador]" time="0.000" /><testcase classname="tests.unit.test_templates_structure.TestTemplateInterface" name="test_system_prompt_returns_string[packages.modules.document_types.habeas_corpus.templates.generic.jurista]" time="0.000" /><testcase classname="tests.unit.test_templates_structure.TestTemplateInterface" name="test_system_prompt_returns_string[packages.modules.document_types.habeas_corpus.templates.generic.fact_checker]" time="0.000" /><testcase classname="tests.unit.test_templates_structure.TestTemplateInterface" name="test_system_prompt_returns_string[packages.modules.document_types.habeas_corpus.templates.generic.redator]" time="0.000" /><testcase classname="tests.unit.test_templates_structure.TestTemplateInterface" name="test_system_prompt_returns_string[packages.modules.document_types.habeas_corpus.templates.generic.revisor]" time="0.000" /><testcase classname="tests.unit.test_templates_structure.TestTemplateInterface" name="test_system_prompt_returns_string[packages.modules.document_types.agravo.templates.generic.triagem]" time="0.000" /><testcase classname="tests.unit.test_templates_structure.TestTemplateInterface" name="test_system_prompt_returns_string[packages.modules.document_types.agravo.templates.generic.pesquisador]" time="0.000" /><testcase classname="tests.unit.test_templates_structure.TestTemplateInterface" name="test_system_prompt_returns_string[packages.modules.document_types.agravo.templates.generic.jurista]" time="0.000" /><testcase classname="tests.unit.test_templates_structure.TestTemplateInterface" name="test_system_prompt_returns_string[packages.modules.document_types.agravo.templates.generic.advogado_diabo]" time="0.000" /><testcase classname="tests.unit.test_templates_structure.TestTemplateInterface" name="test_system_prompt_returns_string[packages.modules.document_types.agravo.templates.generic.fact_checker]" time="0.000" /><testcase classname="tests.unit.test_templates_structure.TestTemplateInterface" name="test_system_prompt_returns_string[packages.modules.document_types.agravo.templates.generic.redator]" time="0.000" /><testcase classname="tests.unit.test_templates_structure.TestTemplateInterface" name="test_system_prompt_returns_string[packages.modules.document_types.agravo.templates.generic.revisor]" time="0.000" /><testcase classname="tests.unit.test_templates_structure.TestTemplateInterface" name="test_system_prompt_returns_string[packages.modules.document_types.embargos_declaracao.templates.generic.triagem]" time="0.000" /><testcase classname="tests.unit.test_templates_structure.TestTemplateInterface" name="test_system_prompt_returns_string[packages.modules.document_types.embargos_declaracao.templates.generic.pesquisador]" time="0.000" /><testcase classname="tests.unit.test_templates_structure.TestTemplateInterface" name="test_system_prompt_returns_string[packages.modules.document_types.embargos_declaracao.templates.generic.jurista]" time="0.000" /><testcase classname="tests.unit.test_templates_structure.TestTemplateInterface" name="test_system_prompt_returns_string[packages.modules.document_types.embargos_declaracao.templates.generic.fact_checker]" time="0.000" /><testcase classname="tests.unit.test_templates_structure.TestTemplateInterface" name="test_system_prompt_returns_string[packages.modules.document_types.embargos_declaracao.templates.generic.redator]" time="0.000" /><testcase classname="tests.unit.test_templates_structure.TestTemplateInterface" name="test_system_prompt_returns_string[packages.modules.document_types.embargos_declaracao.templates.generic.revisor]" time="0.000" /><testcase classname="tests.unit.test_templates_structure.TestTemplateInterface" name="test_user_prompt_returns_string[packages.modules.document_types.parecer.templates.generic.triagem]" time="0.000" /><testcase classname="tests.unit.test_templates_structure.TestTemplateInterface" name="test_user_prompt_returns_string[packages.modules.document_types.parecer.templates.generic.moderador_agenda]" time="0.000" /><testcase classname="tests.unit.test_templates_structure.TestTemplateInterface" name="test_user_prompt_returns_string[packages.modules.document_types.parecer.templates.generic.jurista]" time="0.000" /><testcase classname="tests.unit.test_templates_structure.TestTemplateInterface" name="test_user_prompt_returns_string[packages.modules.document_types.parecer.templates.generic.advogado_diabo]" time="0.000" /><testcase classname="tests.unit.test_templates_structure.TestTemplateInterface" name="test_user_prompt_returns_string[packages.modules.document_types.parecer.templates.generic.jurista_v2]" time="0.000" /><testcase classname="tests.unit.test_templates_structure.TestTemplateInterface" name="test_user_prompt_returns_string[packages.modules.document_types.parecer.templates.generic.fact_checker]" time="0.000" /><testcase classname="tests.unit.test_templates_structure.TestTemplateInterface" name="test_user_prompt_returns_string[packages.modules.document_types.parecer.templates.generic.moderador_plano]" time="0.000" /><testcase classname="tests.unit.test_templates_structure.TestTemplateInterface" name="test_user_prompt_returns_string[packages.modules.document_types.parecer.templates.generic.redator]" time="0.000" /><testcase classname="tests.unit.test_templates_structure.TestTemplateInterface" name="test_user_prompt_returns_string[packages.modules.document_types.parecer.templates.generic.revisor]" time="0.000" /><testcase classname="tests.unit.test_templates_structure.TestTemplateInterface" name="test_user_prompt_returns_string[packages.modules.document_types.peticao_inicial.templates.generic.triagem]" time="0.000" /><testcase classname="tests.unit.test_templates_structure.TestTemplateInterface" name="test_user_prompt_returns_string[packages.modules.document_types.peticao_inicial.templates.generic.pesquisador]" time="0.000" /><testcase classname="tests.unit.test_templates_structure.TestTemplateInterface" name="test_user_prompt_returns_string[packages.modules.document_types.peticao_inicial.templates.generic.jurista]" time="0.000" /><testcase classname="tests.unit.test_templates_structure.TestTemplateInterface" name="test_user_prompt_returns_string[packages.modules.document_types.peticao_inicial.templates.generic.advogado_diabo]" time="0.000" /><testcase classname="tests.unit.test_templates_structure.TestTemplateInterface" name="test_user_prompt_returns_string[packages.modules.document_types.peticao_inicial.templates.generic.jurista_v2]" time="0.000" /><testcase classname="tests.unit.test_templates_structure.TestTemplateInterface" name="test_user_prompt_returns_string[packages.modules.document_types.peticao_inicial.templates.generic.fact_checker]" time="0.000" /><testcase classname="tests.unit.test_templates_structure.TestTemplateInterface" name="test_user_prompt_returns_string[packages.modules.document_types.peticao_inicial.templates.generic.redator]" time="0.000" /><testcase classname="tests.unit.test_templates_structure.TestTemplateInterface" name="test_user_prompt_returns_string[packages.modules.document_types.peticao_inicial.templates.generic.revisor]" time="0.001" /><testcase classname="tests.unit.test_templates_structure.TestTemplateInterface" name="test_user_prompt_returns_string[packages.modules.document_types.contestacao.templates.generic.triagem]" time="0.001" /><testcase classname="tests.unit.test_templates_structure.TestTemplateInterface" name="test_user_prompt_returns_string[packages.modules.document_types.contestacao.templates.generic.pesquisador]" time="0.001" /><testcase classname="tests.unit.test_templates_structure.TestTemplateInterface" name="test_user_prompt_returns_string[packages.modules.document_types.contestacao.templates.generic.jurista]" time="0.000" /><testcase classname="tests.unit.test_templates_structure.TestTemplateInterface" name="test_user_prompt_returns_string[packages.modules.document_types.contestacao.templates.generic.advogado_diabo]" time="0.000" /><testcase classname="tests.unit.test_templates_structure.TestTemplateInterface" name="test_user_prompt_returns_string[packages.modules.document_types.contestacao.templates.generic.jurista_v2]" time="0.000" /><testcase classname="tests.unit.test_templates_structure.TestTemplateInterface" name="test_user_prompt_returns_string[packages.modules.document_types.contestacao.templates.generic.fact_checker]" time="0.000" /><testcase classname="tests.unit.test_templates_structure.TestTemplateInterface" name="test_user_prompt_returns_string[packages.modules.document_types.contestacao.templates.generic.redator]" time="0.000" /><testcase classname="tests.unit.test_templates_structure.TestTemplateInterface" name="test_user_prompt_returns_string[packages.modules.document_types.contestacao.templates.generic.revisor]" time="0.000" /><testcase classname="tests.unit.test_templates_structure.TestTemplateInterface" name="test_user_prompt_returns_string[packages.modules.document_types.recurso.templates.generic.triagem]" time="0.000" /><testcase classname="tests.unit.test_templates_structure.TestTemplateInterface" name="test_user_prompt_returns_string[packages.modules.document_types.recurso.templates.generic.pesquisador]" time="0.000" /><testcase classname="tests.unit.test_templates_structure.TestTemplateInterface" name="test_user_prompt_returns_string[packages.modules.document_types.recurso.templates.generic.jurista]" time="0.000" /><testcase classname="tests.unit.test_templates_structure.TestTemplateInterface" name="test_user_prompt_returns_string[packages.modules.document_types.recurso.templates.generic.advogado_diabo]" time="0.000" /><testcase classname="tests.unit.test_templates_structure.TestTemplateInterface" name="test_user_prompt_returns_string[packages.modules.document_types.recurso.templates.generic.jurista_v2]" time="0.000" /><testcase classname="tests.unit.test_templates_structure.TestTemplateInterface" name="test_user_prompt_returns_string[packages.modules.document_types.recurso.templates.generic.fact_checker]" time="0.000" /><testcase classname="tests.unit.test_templates_structure.TestTemplateInterface" name="test_user_prompt_returns_string[packages.modules.document_types.recurso.templates.generic.redator]" time="0.000" /><testcase classname="tests.unit.test_templates_structure.TestTemplateInterface" name="test_user_prompt_returns_string[packages.modules.document_types.recurso.templates.generic.revisor]" time="0.000" /><testcase classname="tests.unit.test_templates_structure.TestTemplateInterface" name="test_user_prompt_returns_string[packages.modules.document_types.sentenca.templates.generic.triagem]" time="0.000" /><testcase classname="tests.unit.test_templates_structure.TestTemplateInterface" name="test_user_prompt_returns_string[packages.modules.document_types.sentenca.templates.generic.pesquisador]" time="0.000" /><testcase classname="tests.unit.test_templates_structure.TestTemplateInterface" name="test_user_prompt_returns_string[packages.modules.document_types.sentenca.templates.generic.jurista]" time="0.000" /><testcase classname="tests.unit.test_templates_structure.TestTemplateInterface" name="test_user_prompt_returns_string[packages.modules.document_types.sentenca.templates.generic.fact_checker]" time="0.000" /><testcase classname="tests.unit.test_templates_structure.TestTemplateInterface" name="test_user_prompt_returns_string[packages.modules.document_types.sentenca.templates.generic.redator]" time="0.000" /><testcase classname="tests.unit.test_templates_structure.TestTemplateInterface" name="test_user_prompt_returns_string[packages.modules.document_types.sentenca.templates.generic.revisor]" time="0.001" /><testcase classname="tests.unit.test_templates_structure.TestTemplateInterface" name="test_user_prompt_returns_string[packages.modules.document_types.acao_civil_publica.templates.generic.triagem]" time="0.001" /><testcase classname="tests.unit.test_templates_structure.TestTemplateInterface" name="test_user_prompt_returns_string[packages.modules.document_types.acao_civil_publica.templates.generic.pesquisador]" time="0.000" /><testcase classname="tests.unit.test_templates_structure.TestTemplateInterface" name="test_user_prompt_returns_string[packages.modules.document_types.acao_civil_publica.templates.generic.jurista]" time="0.001" /><testcase classname="tests.unit.test_templates_structure.TestTemplateInterface" name="test_user_prompt_returns_string[packages.modules.document_types.acao_civil_publica.templates.generic.advogado_diabo]" time="0.000" /><testcase classname="tests.unit.test_templates_structure.TestTemplateInterface" name="test_user_prompt_returns_string[packages.modules.document_types.acao_civil_publica.templates.generic.jurista_v2]" time="0.001" /><testcase classname="tests.unit.test_templates_structure.TestTemplateInterface" name="test_user_prompt_returns_string[packages.modules.document_types.acao_civil_publica.templates.generic.fact_checker]" time="0.000" /><testcase classname="tests.unit.test_templates_structure.TestTemplateInterface" name="test_user_prompt_returns_string[packages.modules.document_types.acao_civil_publica.templates.generic.redator]" time="0.000" /><testcase classname="tests.unit.test_templates_structure.TestTemplateInterface" name="test_user_prompt_returns_string[packages.modules.document_types.acao_civil_publica.templates.generic.revisor]" time="0.000" /><testcase classname="tests.unit.test_templates_structure.TestTemplateInterface" name="test_user_prompt_returns_string[packages.modules.document_types.mandado_seguranca.templates.generic.triagem]" time="0.000" /><testcase classname="tests.unit.test_templates_structure.TestTemplateInterface" name="test_user_prompt_returns_string[packages.modules.document_types.mandado_seguranca.templates.generic.pesquisador]" time="0.000" /><testcase classname="tests.unit.test_templates_structure.TestTemplateInterface" name="test_user_prompt_returns_string[packages.modules.document_types.mandado_seguranca.templates.generic.jurista]" time="0.001" /><testcase classname="tests.unit.test_templates_structure.TestTemplateInterface" name="test_user_prompt_returns_string[packages.modules.document_types.mandado_seguranca.templates.generic.advogado_diabo]" time="0.000" /><testcase classname="tests.unit.test_templates_structure.TestTemplateInterface" name="test_user_prompt_returns_string[packages.modules.document_types.mandado_seguranca.templates.generic.jurista_v2]" time="0.000" /><testcase classname="tests.unit.test_templates_structure.TestTemplateInterface" name="test_user_prompt_returns_string[packages.modules.document_types.mandado_seguranca.templates.generic.fact_checker]" time="0.000" /><testcase classname="tests.unit.test_templates_structure.TestTemplateInterface" name="test_user_prompt_returns_string[packages.modules.document_types.mandado_seguranca.templates.generic.redator]" time="0.000" /><testcase classname="tests.unit.test_templates_structure.TestTemplateInterface" name="test_user_prompt_returns_string[packages.modules.document_types.mandado_seguranca.templates.generic.revisor]" time="0.000" /><testcase classname="tests.unit.test_templates_structure.TestTemplateInterface" name="test_user_prompt_returns_string[packages.modules.document_types.habeas_corpus.templates.generic.triagem]" time="0.000" /><testcase classname="tests.unit.test_templates_structure.TestTemplateInterface" name="test_user_prompt_returns_string[packages.modules.document_types.habeas_corpus.templates.generic.pesquisador]" time="0.000" /><testcase classname="tests.unit.test_templates_structure.TestTemplateInterface" name="test_user_prompt_returns_string[packages.modules.document_types.habeas_corpus.templates.generic.jurista]" time="0.001" /><testcase classname="tests.unit.test_templates_structure.TestTemplateInterface" name="test_user_prompt_returns_string[packages.modules.document_types.habeas_corpus.templates.generic.fact_checker]" time="0.000" /><testcase classname="tests.unit.test_templates_structure.TestTemplateInterface" name="test_user_prompt_returns_string[packages.modules.document_types.habeas_corpus.templates.generic.redator]" time="0.000" /><testcase classname="tests.unit.test_templates_structure.TestTemplateInterface" name="test_user_prompt_returns_string[packages.modules.document_types.habeas_corpus.templates.generic.revisor]" time="0.000" /><testcase classname="tests.unit.test_templates_structure.TestTemplateInterface" name="test_user_prompt_returns_string[packages.modules.document_types.agravo.templates.generic.triagem]" time="0.000" /><testcase classname="tests.unit.test_templates_structure.TestTemplateInterface" name="test_user_prompt_returns_string[packages.modules.document_types.agravo.templates.generic.pesquisador]" time="0.000" /><testcase classname="tests.unit.test_templates_structure.TestTemplateInterface" name="test_user_prompt_returns_string[packages.modules.document_types.agravo.templates.generic.jurista]" time="0.001" /><testcase classname="tests.unit.test_templates_structure.TestTemplateInterface" name="test_user_prompt_returns_string[packages.modules.document_types.agravo.templates.generic.advogado_diabo]" time="0.000" /><testcase classname="tests.unit.test_templates_structure.TestTemplateInterface" name="test_user_prompt_returns_string[packages.modules.document_types.agravo.templates.generic.fact_checker]" time="0.000" /><testcase classname="tests.unit.test_templates_structure.TestTemplateInterface" name="test_user_prompt_returns_string[packages.modules.document_types.agravo.templates.generic.redator]" time="0.000" /><testcase classname="tests.unit.test_templates_structure.TestTemplateInterface" name="test_user_prompt_returns_string[packages.modules.document_types.agravo.templates.generic.revisor]" time="0.000" /><testcase classname="tests.unit.test_templates_structure.TestTemplateInterface" name="test_user_prompt_returns_string[packages.modules.document_types.embargos_declaracao.templates.generic.triagem]" time="0.000" /><testcase classname="tests.unit.test_templates_structure.TestTemplateInterface" name="test_user_prompt_returns_string[packages.modules.document_types.embargos_declaracao.templates.generic.pesquisador]" time="0.000" /><testcase classname="tests.unit.test_templates_structure.TestTemplateInterface" name="test_user_prompt_returns_string[packages.modules.document_types.embargos_declaracao.templates.generic.jurista]" time="0.000" /><testcase classname="tests.unit.test_templates_structure.TestTemplateInterface" name="test_user_prompt_returns_string[packages.modules.document_types.embargos_declaracao.templates.generic.fact_checker]" time="0.000" /><testcase classname="tests.unit.test_templates_structure.TestTemplateInterface" name="test_user_prompt_returns_string[packages.modules.document_types.embargos_declaracao.templates.generic.redator]" time="0.001" /><testcase classname="tests.unit.test_templates_structure.TestTemplateInterface" name="test_user_prompt_returns_string[packages.modules.document_types.embargos_declaracao.templates.generic.revisor]" time="0.000" /><testcase classname="tests.unit.test_templates_structure.TestTemplateInterface" name="test_system_prompt_works_with_empty_context[packages.modules.document_types.parecer.templates.generic.triagem]" time="0.001" /><testcase classname="tests.unit.test_templates_structure.TestTemplateInterface" name="test_system_prompt_works_with_empty_context[packages.modules.document_types.parecer.templates.generic.moderador_agenda]" time="0.000" /><testcase classname="tests.unit.test_templates_structure.TestTemplateInterface" name="test_system_prompt_works_with_empty_context[packages.modules.document_types.parecer.templates.generic.jurista]" time="0.001" /><testcase classname="tests.unit.test_templates_structure.TestTemplateInterface" name="test_system_prompt_works_with_empty_context[packages.modules.document_types.parecer.templates.generic.advogado_diabo]" time="0.000" /><testcase classname="tests.unit.test_templates_structure.TestTemplateInterface" name="test_system_prompt_works_with_empty_context[packages.modules.document_types.parecer.templates.generic.jurista_v2]" time="0.000" /><testcase classname="tests.unit.test_templates_structure.TestTemplateInterface" name="test_system_prompt_works_with_empty_context[packages.modules.document_types.parecer.templates.generic.fact_checker]" time="0.000" /><testcase classname="tests.unit.test_templates_structure.TestTemplateInterface" name="test_system_prompt_works_with_empty_context[packages.modules.document_types.parecer.templates.generic.moderador_plano]" time="0.000" /><testcase classname="tests.unit.test_templates_structure.TestTemplateInterface" name="test_system_prompt_works_with_empty_context[packages.modules.document_types.parecer.templates.generic.redator]" time="0.000" /><testcase classname="tests.unit.test_templates_structure.TestTemplateInterface" name="test_system_prompt_works_with_empty_context[packages.modules.document_types.parecer.templates.generic.revisor]" time="0.000" /><testcase classname="tests.unit.test_templates_structure.TestTemplateInterface" name="test_system_prompt_works_with_empty_context[packages.modules.document_types.peticao_inicial.templates.generic.triagem]" time="0.000" /><testcase classname="tests.unit.test_templates_structure.TestTemplateInterface" name="test_system_prompt_works_with_empty_context[packages.modules.document_types.peticao_inicial.templates.generic.pesquisador]" time="0.000" /><testcase classname="tests.unit.test_templates_structure.TestTemplateInterface" name="test_system_prompt_works_with_empty_context[packages.modules.document_types.peticao_inicial.templates.generic.jurista]" time="0.000" /><testcase classname="tests.unit.test_templates_structure.TestTemplateInterface" name="test_system_prompt_works_with_empty_context[packages.modules.document_types.peticao_inicial.templates.generic.advogado_diabo]" time="0.000" /><testcase classname="tests.unit.test_templates_structure.TestTemplateInterface" name="test_system_prompt_works_with_empty_context[packages.modules.document_types.peticao_inicial.templates.generic.jurista_v2]" time="0.000" /><testcase classname="tests.unit.test_templates_structure.TestTemplateInterface" name="test_system_prompt_works_with_empty_context[packages.modules.document_types.peticao_inicial.templates.generic.fact_checker]" time="0.000" /><testcase classname="tests.unit.test_templates_structure.TestTemplateInterface" name="test_system_prompt_works_with_empty_context[packages.modules.document_types.peticao_inicial.templates.generic.redator]" time="0.000" /><testcase classname="tests.unit.test_templates_structure.TestTemplateInterface" name="test_system_prompt_works_with_empty_context[packages.modules.document_types.peticao_inicial.templates.generic.revisor]" time="0.000" /><testcase classname="tests.unit.test_templates_structure.TestTemplateInterface" name="test_system_prompt_works_with_empty_context[packages.modules.document_types.contestacao.templates.generic.triagem]" time="0.000" /><testcase classname="tests.unit.test_templates_structure.TestTemplateInterface" name="test_system_prompt_works_with_empty_context[packages.modules.document_types.contestacao.templates.generic.pesquisador]" time="0.000" /><testcase classname="tests.unit.test_templates_structure.TestTemplateInterface" name="test_system_prompt_works_with_empty_context[packages.modules.document_types.contestacao.templates.generic.jurista]" time="0.000" /><testcase classname="tests.unit.test_templates_structure.TestTemplateInterface" name="test_system_prompt_works_with_empty_context[packages.modules.document_types.contestacao.templates.generic.advogado_diabo]" time="0.000" /><testcase classname="tests.unit.test_templates_structure.TestTemplateInterface" name="test_system_prompt_works_with_empty_context[packages.modules.document_types.contestacao.templates.generic.jurista_v2]" time="0.000" /><testcase classname="tests.unit.test_templates_structure.TestTemplateInterface" name="test_system_prompt_works_with_empty_context[packages.modules.document_types.contestacao.templates.generic.fact_checker]" time="0.000" /><testcase classname="tests.unit.test_templates_structure.TestTemplateInterface" name="test_system_prompt_works_with_empty_context[packages.modules.document_types.contestacao.templates.generic.redator]" time="0.001" /><testcase classname="tests.unit.test_templates_structure.TestTemplateInterface" name="test_system_prompt_works_with_empty_context[packages.modules.document_types.contestacao.templates.generic.revisor]" time="0.001" /><testcase classname="tests.unit.test_templates_structure.TestTemplateInterface" name="test_system_prompt_works_with_empty_context[packages.modules.document_types.recurso.templates.generic.triagem]" time="0.000" /><testcase classname="tests.unit.test_templates_structure.TestTemplateInterface" name="test_system_prompt_works_with_empty_context[packages.modules.document_types.recurso.templates.generic.pesquisador]" time="0.000" /><testcase classname="tests.unit.test_templates_structure.TestTemplateInterface" name="test_system_prompt_works_with_empty_context[packages.modules.document_types.recurso.templates.generic.jurista]" time="0.000" /><testcase classname="tests.unit.test_templates_structure.TestTemplateInterface" name="test_system_prompt_works_with_empty_context[packages.modules.document_types.recurso.templates.generic.advogado_diabo]" time="0.000" /><testcase classname="tests.unit.test_templates_structure.TestTemplateInterface" name="test_system_prompt_works_with_empty_context[packages.modules.document_types.recurso.templates.generic.jurista_v2]" time="0.000" /><testcase classname="tests.unit.test_templates_structure.TestTemplateInterface" name="test_system_prompt_works_with_empty_context[packages.modules.document_types.recurso.templates.generic.fact_checker]" time="0.000" /><testcase classname="tests.unit.test_templates_structure.TestTemplateInterface" name="test_system_prompt_works_with_empty_context[packages.modules.document_types.recurso.templates.generic.redator]" time="0.000" /><testcase classname="tests.unit.test_templates_structure.TestTemplateInterface" name="test_system_prompt_works_with_empty_context[packages.modules.document_types.recurso.templates.generic.revisor]" time="0.000" /><testcase classname="tests.unit.test_templates_structure.TestTemplateInterface" name="test_system_prompt_works_with_empty_context[packages.modules.document_types.sentenca.templates.generic.triagem]" time="0.000" /><testcase classname="tests.unit.test_templates_structure.TestTemplateInterface" name="test_system_prompt_works_with_empty_context[packages.modules.document_types.sentenca.templates.generic.pesquisador]" time="0.000" /><testcase classname="tests.unit.test_templates_structure.TestTemplateInterface" name="test_system_prompt_works_with_empty_context[packages.modules.document_types.sentenca.templates.generic.jurista]" time="0.000" /><testcase classname="tests.unit.test_templates_structure.TestTemplateInterface" name="test_system_prompt_works_with_empty_context[packages.modules.document_types.sentenca.templates.generic.fact_checker]" time="0.000" /><testcase classname="tests.unit.test_templates_structure.TestTemplateInterface" name="test_system_prompt_works_with_empty_context[packages.modules.document_types.sentenca.templates.generic.redator]" time="0.000" /><testcase classname="tests.unit.test_templates_structure.TestTemplateInterface" name="test_system_prompt_works_with_empty_context[packages.modules.document_types.sentenca.templates.generic.revisor]" time="0.000" /><testcase classname="tests.unit.test_templates_structure.TestTemplateInterface" name="test_system_prompt_works_with_empty_context[packages.modules.document_types.acao_civil_publica.templates.generic.triagem]" time="0.000" /><testcase classname="tests.unit.test_templates_structure.TestTemplateInterface" name="test_system_prompt_works_with_empty_context[packages.modules.document_types.acao_civil_publica.templates.generic.pesquisador]" time="0.000" /><testcase classname="tests.unit.test_templates_structure.TestTemplateInterface" name="test_system_prompt_works_with_empty_context[packages.modules.document_types.acao_civil_publica.templates.generic.jurista]" time="0.000" /><testcase classname="tests.unit.test_templates_structure.TestTemplateInterface" name="test_system_prompt_works_with_empty_context[packages.modules.document_types.acao_civil_publica.templates.generic.advogado_diabo]" time="0.001" /><testcase classname="tests.unit.test_templates_structure.TestTemplateInterface" name="test_system_prompt_works_with_empty_context[packages.modules.document_types.acao_civil_publica.templates.generic.jurista_v2]" time="0.000" /><testcase classname="tests.unit.test_templates_structure.TestTemplateInterface" name="test_system_prompt_works_with_empty_context[packages.modules.document_types.acao_civil_publica.templates.generic.fact_checker]" time="0.000" /><testcase classname="tests.unit.test_templates_structure.TestTemplateInterface" name="test_system_prompt_works_with_empty_context[packages.modules.document_types.acao_civil_publica.templates.generic.redator]" time="0.000" /><testcase classname="tests.unit.test_templates_structure.TestTemplateInterface" name="test_system_prompt_works_with_empty_context[packages.modules.document_types.acao_civil_publica.templates.generic.revisor]" time="0.000" /><testcase classname="tests.unit.test_templates_structure.TestTemplateInterface" name="test_system_prompt_works_with_empty_context[packages.modules.document_types.mandado_seguranca.templates.generic.triagem]" time="0.000" /><testcase classname="tests.unit.test_templates_structure.TestTemplateInterface" name="test_system_prompt_works_with_empty_context[packages.modules.document_types.mandado_seguranca.templates.generic.pesquisador]" time="0.000" /><testcase classname="tests.unit.test_templates_structure.TestTemplateInterface" name="test_system_prompt_works_with_empty_context[packages.modules.document_types.mandado_seguranca.templates.generic.jurista]" time="0.000" /><testcase classname="tests.unit.test_templates_structure.TestTemplateInterface" name="test_system_prompt_works_with_empty_context[packages.modules.document_types.mandado_seguranca.templates.generic.advogado_diabo]" time="0.000" /><testcase classname="tests.unit.test_templates_structure.TestTemplateInterface" name="test_system_prompt_works_with_empty_context[packages.modules.document_types.mandado_seguranca.templates.generic.jurista_v2]" time="0.000" /><testcase classname="tests.unit.test_templates_structure.TestTemplateInterface" name="test_system_prompt_works_with_empty_context[packages.modules.document_types.mandado_seguranca.templates.generic.fact_checker]" time="0.000" /><testcase classname="tests.unit.test_templates_structure.TestTemplateInterface" name="test_system_prompt_works_with_empty_context[packages.modules.document_types.mandado_seguranca.templates.generic.redator]" time="0.000" /><testcase classname="tests.unit.test_templates_structure.TestTemplateInterface" name="test_system_prompt_works_with_empty_context[packages.modules.document_types.mandado_seguranca.templates.generic.revisor]" time="0.000" /><testcase classname="tests.unit.test_templates_structure.TestTemplateInterface" name="test_system_prompt_works_with_empty_context[packages.modules.document_types.habeas_corpus.templates.generic.triagem]" time="0.000" /><testcase classname="tests.unit.test_templates_structure.TestTemplateInterface" name="test_system_prompt_works_with_empty_context[packages.modules.document_types.habeas_corpus.templates.generic.pesquisador]" time="0.000" /><testcase classname="tests.unit.test_templates_structure.TestTemplateInterface" name="test_system_prompt_works_with_empty_context[packages.modules.document_types.habeas_corpus.templates.generic.jurista]" time="0.000" /><testcase classname="tests.unit.test_templates_structure.TestTemplateInterface" name="test_system_prompt_works_with_empty_context[packages.modules.document_types.habeas_corpus.templates.generic.fact_checker]" time="0.000" /><testcase classname="tests.unit.test_templates_structure.TestTemplateInterface" name="test_system_prompt_works_with_empty_context[packages.modules.document_types.habeas_corpus.templates.generic.redator]" time="0.000" /><testcase classname="tests.unit.test_templates_structure.TestTemplateInterface" name="test_system_prompt_works_with_empty_context[packages.modules.document_types.habeas_corpus.templates.generic.revisor]" time="0.000" /><testcase classname="tests.unit.test_templates_structure.TestTemplateInterface" name="test_system_prompt_works_with_empty_context[packages.modules.document_types.agravo.templates.generic.triagem]" time="0.000" /><testcase classname="tests.unit.test_templates_structure.TestTemplateInterface" name="test_system_prompt_works_with_empty_context[packages.modules.document_types.agravo.templates.generic.pesquisador]" time="0.000" /><testcase classname="tests.unit.test_templates_structure.TestTemplateInterface" name="test_system_prompt_works_with_empty_context[packages.modules.document_types.agravo.templates.generic.jurista]" time="0.000" /><testcase classname="tests.unit.test_templates_structure.TestTemplateInterface" name="test_system_prompt_works_with_empty_context[packages.modules.document_types.agravo.templates.generic.advogado_diabo]" time="0.000" /><testcase classname="tests.unit.test_templates_structure.TestTemplateInterface" name="test_system_prompt_works_with_empty_context[packages.modules.document_types.agravo.templates.generic.fact_checker]" time="0.000" /><testcase classname="tests.unit.test_templates_structure.TestTemplateInterface" name="test_system_prompt_works_with_empty_context[packages.modules.document_types.agravo.templates.generic.redator]" time="0.000" /><testcase classname="tests.unit.test_templates_structure.TestTemplateInterface" name="test_system_prompt_works_with_empty_context[packages.modules.document_types.agravo.templates.generic.revisor]" time="0.000" /><testcase classname="tests.unit.test_templates_structure.TestTemplateInterface" name="test_system_prompt_works_with_empty_context[packages.modules.document_types.embargos_declaracao.templates.generic.triagem]" time="0.000" /><testcase classname="tests.unit.test_templates_structure.TestTemplateInterface" name="test_system_prompt_works_with_empty_context[packages.modules.document_types.embargos_declaracao.templates.generic.pesquisador]" time="0.000" /><testcase classname="tests.unit.test_templates_structure.TestTemplateInterface" name="test_system_prompt_works_with_empty_context[packages.modules.document_types.embargos_declaracao.templates.generic.jurista]" time="0.000" /><testcase classname="tests.unit.test_templates_structure.TestTemplateInterface" name="test_system_prompt_works_with_empty_context[packages.modules.document_types.embargos_declaracao.templates.generic.fact_checker]" time="0.000" /><testcase classname="tests.unit.test_templates_structure.TestTemplateInterface" name="test_system_prompt_works_with_empty_context[packages.modules.document_types.embargos_declaracao.templates.generic.redator]" time="0.000" /><testcase classname="tests.unit.test_templates_structure.TestTemplateInterface" name="test_system_prompt_works_with_empty_context[packages.modules.document_types.embargos_declaracao.templates.generic.revisor]" time="0.000" /><testcase classname="tests.unit.test_templates_structure.TestTemplateInterface" name="test_user_prompt_works_with_empty_context[packages.modules.document_types.parecer.templates.generic.triagem]" time="0.000" /><testcase classname="tests.unit.test_templates_structure.TestTemplateInterface" name="test_user_prompt_works_with_empty_context[packages.modules.document_types.parecer.templates.generic.moderador_agenda]" time="0.000" /><testcase classname="tests.unit.test_templates_structure.TestTemplateInterface" name="test_user_prompt_works_with_empty_context[packages.modules.document_types.parecer.templates.generic.jurista]" time="0.000" /><testcase classname="tests.unit.test_templates_structure.TestTemplateInterface" name="test_user_prompt_works_with_empty_context[packages.modules.document_types.parecer.templates.generic.advogado_diabo]" time="0.000" /><testcase classname="tests.unit.test_templates_structure.TestTemplateInterface" name="test_user_prompt_works_with_empty_context[packages.modules.document_types.parecer.templates.generic.jurista_v2]" time="0.000" /><testcase classname="tests.unit.test_templates_structure.TestTemplateInterface" name="test_user_prompt_works_with_empty_context[packages.modules.document_types.parecer.templates.generic.fact_checker]" time="0.000" /><testcase classname="tests.unit.test_templates_structure.TestTemplateInterface" name="test_user_prompt_works_with_empty_context[packages.modules.document_types.parecer.templates.generic.moderador_plano]" time="0.001" /><testcase classname="tests.unit.test_templates_structure.TestTemplateInterface" name="test_user_prompt_works_with_empty_context[packages.modules.document_types.parecer.templates.generic.redator]" time="0.001" /><testcase classname="tests.unit.test_templates_structure.TestTemplateInterface" name="test_user_prompt_works_with_empty_context[packages.modules.document_types.parecer.templates.generic.revisor]" time="0.001" /><testcase classname="tests.unit.test_templates_structure.TestTemplateInterface" name="test_user_prompt_works_with_empty_context[packages.modules.document_types.peticao_inicial.templates.generic.triagem]" time="0.000" /><testcase classname="tests.unit.test_templates_structure.TestTemplateInterface" name="test_user_prompt_works_with_empty_context[packages.modules.document_types.peticao_inicial.templates.generic.pesquisador]" time="0.000" /><testcase classname="tests.unit.test_templates_structure.TestTemplateInterface" name="test_user_prompt_works_with_empty_context[packages.modules.document_types.peticao_inicial.templates.generic.jurista]" time="0.000" /><testcase classname="tests.unit.test_templates_structure.TestTemplateInterface" name="test_user_prompt_works_with_empty_context[packages.modules.document_types.peticao_inicial.templates.generic.advogado_diabo]" time="0.000" /><testcase classname="tests.unit.test_templates_structure.TestTemplateInterface" name="test_user_prompt_works_with_empty_context[packages.modules.document_types.peticao_inicial.templates.generic.jurista_v2]" time="0.000" /><testcase classname="tests.unit.test_templates_structure.TestTemplateInterface" name="test_user_prompt_works_with_empty_context[packages.modules.document_types.peticao_inicial.templates.generic.fact_checker]" time="0.000" /><testcase classname="tests.unit.test_templates_structure.TestTemplateInterface" name="test_user_prompt_works_with_empty_context[packages.modules.document_types.peticao_inicial.templates.generic.redator]" time="0.000" /><testcase classname="tests.unit.test_templates_structure.TestTemplateInterface" name="test_user_prompt_works_with_empty_context[packages.modules.document_types.peticao_inicial.templates.generic.revisor]" time="0.000" /><testcase classname="tests.unit.test_templates_structure.TestTemplateInterface" name="test_user_prompt_works_with_empty_context[packages.modules.document_types.contestacao.templates.generic.triagem]" time="0.000" /><testcase classname="tests.unit.test_templates_structure.TestTemplateInterface" name="test_user_prompt_works_with_empty_context[packages.modules.document_types.contestacao.templates.generic.pesquisador]" time="0.000" /><testcase classname="tests.unit.test_templates_structure.TestTemplateInterface" name="test_user_prompt_works_with_empty_context[packages.modules.document_types.contestacao.templates.generic.jurista]" time="0.000" /><testcase classname="tests.unit.test_templates_structure.TestTemplateInterface" name="test_user_prompt_works_with_empty_context[packages.modules.document_types.contestacao.templates.generic.advogado_diabo]" time="0.000" /><testcase classname="tests.unit.test_templates_structure.TestTemplateInterface" name="test_user_prompt_works_with_empty_context[packages.modules.document_types.contestacao.templates.generic.jurista_v2]" time="0.000" /><testcase classname="tests.unit.test_templates_structure.TestTemplateInterface" name="test_user_prompt_works_with_empty_context[packages.modules.document_types.contestacao.templates.generic.fact_checker]" time="0.000" /><testcase classname="tests.unit.test_templates_structure.TestTemplateInterface" name="test_user_prompt_works_with_empty_context[packages.modules.document_types.contestacao.templates.generic.redator]" time="0.000" /><testcase classname="tests.unit.test_templates_structure.TestTemplateInterface" name="test_user_prompt_works_with_empty_context[packages.modules.document_types.contestacao.templates.generic.revisor]" time="0.000" /><testcase classname="tests.unit.test_templates_structure.TestTemplateInterface" name="test_user_prompt_works_with_empty_context[packages.modules.document_types.recurso.templates.generic.triagem]" time="0.000" /><testcase classname="tests.unit.test_templates_structure.TestTemplateInterface" name="test_user_prompt_works_with_empty_context[packages.modules.document_types.recurso.templates.generic.pesquisador]" time="0.000" /><testcase classname="tests.unit.test_templates_structure.TestTemplateInterface" name="test_user_prompt_works_with_empty_context[packages.modules.document_types.recurso.templates.generic.jurista]" time="0.000" /><testcase classname="tests.unit.test_templates_structure.TestTemplateInterface" name="test_user_prompt_works_with_empty_context[packages.modules.document_types.recurso.templates.generic.advogado_diabo]" time="0.000" /><testcase classname="tests.unit.test_templates_structure.TestTemplateInterface" name="test_user_prompt_works_with_empty_context[packages.modules.document_types.recurso.templates.generic.jurista_v2]" time="0.000" /><testcase classname="tests.unit.test_templates_structure.TestTemplateInterface" name="test_user_prompt_works_with_empty_context[packages.modules.document_types.recurso.templates.generic.fact_checker]" time="0.000" /><testcase classname="tests.unit.test_templates_structure.TestTemplateInterface" name="test_user_prompt_works_with_empty_context[packages.modules.document_types.recurso.templates.generic.redator]" time="0.000" /><testcase classname="tests.unit.test_templates_structure.TestTemplateInterface" name="test_user_prompt_works_with_empty_context[packages.modules.document_types.recurso.templates.generic.revisor]" time="0.000" /><testcase classname="tests.unit.test_templates_structure.TestTemplateInterface" name="test_user_prompt_works_with_empty_context[packages.modules.document_types.sentenca.templates.generic.triagem]" time="0.000" /><testcase classname="tests.unit.test_templates_structure.TestTemplateInterface" name="test_user_prompt_works_with_empty_context[packages.modules.document_types.sentenca.templates.generic.pesquisador]" time="0.000" /><testcase classname="tests.unit.test_templates_structure.TestTemplateInterface" name="test_user_prompt_works_with_empty_context[packages.modules.document_types.sentenca.templates.generic.jurista]" time="0.001" /><testcase classname="tests.unit.test_templates_structure.TestTemplateInterface" name="test_user_prompt_works_with_empty_context[packages.modules.document_types.sentenca.templates.generic.fact_checker]" time="0.000" /><testcase classname="tests.unit.test_templates_structure.TestTemplateInterface" name="test_user_prompt_works_with_empty_context[packages.modules.document_types.sentenca.templates.generic.redator]" time="0.000" /><testcase classname="tests.unit.test_templates_structure.TestTemplateInterface" name="test_user_prompt_works_with_empty_context[packages.modules.document_types.sentenca.templates.generic.revisor]" time="0.000" /><testcase classname="tests.unit.test_templates_structure.TestTemplateInterface" name="test_user_prompt_works_with_empty_context[packages.modules.document_types.acao_civil_publica.templates.generic.triagem]" time="0.000" /><testcase classname="tests.unit.test_templates_structure.TestTemplateInterface" name="test_user_prompt_works_with_empty_context[packages.modules.document_types.acao_civil_publica.templates.generic.pesquisador]" time="0.000" /><testcase classname="tests.unit.test_templates_structure.TestTemplateInterface" name="test_user_prompt_works_with_empty_context[packages.modules.document_types.acao_civil_publica.templates.generic.jurista]" time="0.000" /><testcase classname="tests.unit.test_templates_structure.TestTemplateInterface" name="test_user_prompt_works_with_empty_context[packages.modules.document_types.acao_civil_publica.templates.generic.advogado_diabo]" time="0.000" /><testcase classname="tests.unit.test_templates_structure.TestTemplateInterface" name="test_user_prompt_works_with_empty_context[packages.modules.document_types.acao_civil_publica.templates.generic.jurista_v2]" time="0.000" /><testcase classname="tests.unit.test_templates_structure.TestTemplateInterface" name="test_user_prompt_works_with_empty_context[packages.modules.document_types.acao_civil_publica.templates.generic.fact_checker]" time="0.000" /><testcase classname="tests.unit.test_templates_structure.TestTemplateInterface" name="test_user_prompt_works_with_empty_context[packages.modules.document_types.acao_civil_publica.templates.generic.redator]" time="0.000" /><testcase classname="tests.unit.test_templates_structure.TestTemplateInterface" name="test_user_prompt_works_with_empty_context[packages.modules.document_types.acao_civil_publica.templates.generic.revisor]" time="0.000" /><testcase classname="tests.unit.test_templates_structure.TestTemplateInterface" name="test_user_prompt_works_with_empty_context[packages.modules.document_types.mandado_seguranca.templates.generic.triagem]" time="0.000" /><testcase classname="tests.unit.test_templates_structure.TestTemplateInterface" name="test_user_prompt_works_with_empty_context[packages.modules.document_types.mandado_seguranca.templates.generic.pesquisador]" time="0.000" /><testcase classname="tests.unit.test_templates_structure.TestTemplateInterface" name="test_user_prompt_works_with_empty_context[packages.modules.document_types.mandado_seguranca.templates.generic.jurista]" time="0.000" /><testcase classname="tests.unit.test_templates_structure.TestTemplateInterface" name="test_user_prompt_works_with_empty_context[packages.modules.document_types.mandado_seguranca.templates.generic.advogado_diabo]" time="0.000" /><testcase classname="tests.unit.test_templates_structure.TestTemplateInterface" name="test_user_prompt_works_with_empty_context[packages.modules.document_types.mandado_seguranca.templates.generic.jurista_v2]" time="0.000" /><testcase classname="tests.unit.test_templates_structure.TestTemplateInterface" name="test_user_prompt_works_with_empty_context[packages.modules.document_types.mandado_seguranca.templates.generic.fact_checker]" time="0.000" /><testcase classname="tests.unit.test_templates_structure.TestTemplateInterface" name="test_user_prompt_works_with_empty_context[packages.modules.document_types.mandado_seguranca.templates.generic.redator]" time="0.000" /><testcase classname="tests.unit.test_templates_structure.TestTemplateInterface" name="test_user_prompt_works_with_empty_context[packages.modules.document_types.mandado_seguranca.templates.generic.revisor]" time="0.000" /><testcase classname="tests.unit.test_templates_structure.TestTemplateInterface" name="test_user_prompt_works_with_empty_context[packages.modules.document_types.habeas_corpus.templates.generic.triagem]" time="0.000" /><testcase classname="tests.unit.test_templates_structure.TestTemplateInterface" name="test_user_prompt_works_with_empty_context[packages.modules.document_types.habeas_corpus.templates.generic.pesquisador]" time="0.000" /><testcase classname="tests.unit.test_templates_structure.TestTemplateInterface" name="test_user_prompt_works_with_empty_context[packages.modules.document_types.habeas_corpus.templates.generic.jurista]" time="0.000" /><testcase classname="tests.unit.test_templates_structure.TestTemplateInterface" name="test_user_prompt_works_with_empty_context[packages.modules.document_types.habeas_corpus.templates.generic.fact_checker]" time="0.000" /><testcase classname="tests.unit.test_templates_structure.TestTemplateInterface" name="test_user_prompt_works_with_empty_context[packages.modules.document_types.habeas_corpus.templates.generic.redator]" time="0.000" /><testcase classname="tests.unit.test_templates_structure.TestTemplateInterface" name="test_user_prompt_works_with_empty_context[packages.modules.document_types.habeas_corpus.templates.generic.revisor]" time="0.000" /><testcase classname="tests.unit.test_templates_structure.TestTemplateInterface" name="test_user_prompt_works_with_empty_context[packages.modules.document_types.agravo.templates.generic.triagem]" time="0.000" /><testcase classname="tests.unit.test_templates_structure.TestTemplateInterface" name="test_user_prompt_works_with_empty_context[packages.modules.document_types.agravo.templates.generic.pesquisador]" time="0.000" /><testcase classname="tests.unit.test_templates_structure.TestTemplateInterface" name="test_user_prompt_works_with_empty_context[packages.modules.document_types.agravo.templates.generic.jurista]" time="0.000" /><testcase classname="tests.unit.test_templates_structure.TestTemplateInterface" name="test_user_prompt_works_with_empty_context[packages.modules.document_types.agravo.templates.generic.advogado_diabo]" time="0.000" /><testcase classname="tests.unit.test_templates_structure.TestTemplateInterface" name="test_user_prompt_works_with_empty_context[packages.modules.document_types.agravo.templates.generic.fact_checker]" time="0.000" /><testcase classname="tests.unit.test_templates_structure.TestTemplateInterface" name="test_user_prompt_works_with_empty_context[packages.modules.document_types.agravo.templates.generic.redator]" time="0.000" /><testcase classname="tests.unit.test_templates_structure.TestTemplateInterface" name="test_user_prompt_works_with_empty_context[packages.modules.document_types.agravo.templates.generic.revisor]" time="0.000" /><testcase classname="tests.unit.test_templates_structure.TestTemplateInterface" name="test_user_prompt_works_with_empty_context[packages.modules.document_types.embargos_declaracao.templates.generic.triagem]" time="0.000" /><testcase classname="tests.unit.test_templates_structure.TestTemplateInterface" name="test_user_prompt_works_with_empty_context[packages.modules.document_types.embargos_declaracao.templates.generic.pesquisador]" time="0.000" /><testcase classname="tests.unit.test_templates_structure.TestTemplateInterface" name="test_user_prompt_works_with_empty_context[packages.modules.document_types.embargos_declaracao.templates.generic.jurista]" time="0.000" /><testcase classname="tests.unit.test_templates_structure.TestTemplateInterface" name="test_user_prompt_works_with_empty_context[packages.modules.document_types.embargos_declaracao.templates.generic.fact_checker]" time="0.000" /><testcase classname="tests.unit.test_templates_structure.TestTemplateInterface" name="test_user_prompt_works_with_empty_context[packages.modules.document_types.embargos_declaracao.templates.generic.redator]" time="0.000" /><testcase classname="tests.unit.test_templates_structure.TestTemplateInterface" name="test_user_prompt_works_with_empty_context[packages.modules.document_types.embargos_declaracao.templates.generic.revisor]" time="0.000" /><testcase classname="tests.unit.test_templates_structure.TestTemplateInterface" name="test_system_prompt_embeds_org_name[packages.modules.document_types.parecer.templates.generic.triagem]" time="0.000" /><testcase classname="tests.unit.test_templates_structure.TestTemplateInterface" name="test_system_prompt_embeds_org_name[packages.modules.document_types.parecer.templates.generic.moderador_agenda]" time="0.000" /><testcase classname="tests.unit.test_templates_structure.TestTemplateInterface" name="test_system_prompt_embeds_org_name[packages.modules.document_types.parecer.templates.generic.jurista]" time="0.000" /><testcase classname="tests.unit.test_templates_structure.TestTemplateInterface" name="test_system_prompt_embeds_org_name[packages.modules.document_types.parecer.templates.generic.advogado_diabo]" time="0.000" /><testcase classname="tests.unit.test_templates_structure.TestTemplateInterface" name="test_system_prompt_embeds_org_name[packages.modules.document_types.parecer.templates.generic.jurista_v2]" time="0.000" /><testcase classname="tests.unit.test_templates_structure.TestTemplateInterface" name="test_system_prompt_embeds_org_name[packages.modules.document_types.parecer.templates.generic.fact_checker]" time="0.000" /><testcase classname="tests.unit.test_templates_structure.TestTemplateInterface" name="test_system_prompt_embeds_org_name[packages.modules.document_types.parecer.templates.generic.moderador_plano]" time="0.000" /><testcase classname="tests.unit.test_templates_structure.TestTemplateInterface" name="test_system_prompt_embeds_org_name[packages.modules.document_types.parecer.templates.generic.redator]" time="0.000" /><testcase classname="tests.unit.test_templates_structure.TestTemplateInterface" name="test_system_prompt_embeds_org_name[packages.modules.document_types.parecer.templates.generic.revisor]" time="0.000" /><testcase classname="tests.unit.test_templates_structure.TestTemplateInterface" name="test_system_prompt_embeds_org_name[packages.modules.document_types.peticao_inicial.templates.generic.triagem]" time="0.000" /><testcase classname="tests.unit.test_templates_structure.TestTemplateInterface" name="test_system_prompt_embeds_org_name[packages.modules.document_types.peticao_inicial.templates.generic.pesquisador]" time="0.000" /><testcase classname="tests.unit.test_templates_structure.TestTemplateInterface" name="test_system_prompt_embeds_org_name[packages.modules.document_types.peticao_inicial.templates.generic.jurista]" time="0.000" /><testcase classname="tests.unit.test_templates_structure.TestTemplateInterface" name="test_system_prompt_embeds_org_name[packages.modules.document_types.peticao_inicial.templates.generic.advogado_diabo]" time="0.000" /><testcase classname="tests.unit.test_templates_structure.TestTemplateInterface" name="test_system_prompt_embeds_org_name[packages.modules.document_types.peticao_inicial.templates.generic.jurista_v2]" time="0.000" /><testcase classname="tests.unit.test_templates_structure.TestTemplateInterface" name="test_system_prompt_embeds_org_name[packages.modules.document_types.peticao_inicial.templates.generic.fact_checker]" time="0.000" /><testcase classname="tests.unit.test_templates_structure.TestTemplateInterface" name="test_system_prompt_embeds_org_name[packages.modules.document_types.peticao_inicial.templates.generic.redator]" time="0.000" /><testcase classname="tests.unit.test_templates_structure.TestTemplateInterface" name="test_system_prompt_embeds_org_name[packages.modules.document_types.peticao_inicial.templates.generic.revisor]" time="0.000" /><testcase classname="tests.unit.test_templates_structure.TestTemplateInterface" name="test_system_prompt_embeds_org_name[packages.modules.document_types.contestacao.templates.generic.triagem]" time="0.000" /><testcase classname="tests.unit.test_templates_structure.TestTemplateInterface" name="test_system_prompt_embeds_org_name[packages.modules.document_types.contestacao.templates.generic.pesquisador]" time="0.000" /><testcase classname="tests.unit.test_templates_structure.TestTemplateInterface" name="test_system_prompt_embeds_org_name[packages.modules.document_types.contestacao.templates.generic.jurista]" time="0.000" /><testcase classname="tests.unit.test_templates_structure.TestTemplateInterface" name="test_system_prompt_embeds_org_name[packages.modules.document_types.contestacao.templates.generic.advogado_diabo]" time="0.000" /><testcase classname="tests.unit.test_templates_structure.TestTemplateInterface" name="test_system_prompt_embeds_org_name[packages.modules.document_types.contestacao.templates.generic.jurista_v2]" time="0.000" /><testcase classname="tests.unit.test_templates_structure.TestTemplateInterface" name="test_system_prompt_embeds_org_name[packages.modules.document_types.contestacao.templates.generic.fact_checker]" time="0.000" /><testcase classname="tests.unit.test_templates_structure.TestTemplateInterface" name="test_system_prompt_embeds_org_name[packages.modules.document_types.contestacao.templates.generic.redator]" time="0.000" /><testcase classname="tests.unit.test_templates_structure.TestTemplateInterface" name="test_system_prompt_embeds_org_name[packages.modules.document_types.contestacao.templates.generic.revisor]" time="0.000" /><testcase classname="tests.unit.test_templates_structure.TestTemplateInterface" name="test_system_prompt_embeds_org_name[packages.modules.document_types.recurso.templates.generic.triagem]" time="0.000" /><testcase classname="tests.unit.test_templates_structure.TestTemplateInterface" name="test_system_prompt_embeds_org_name[packages.modules.document_types.recurso.templates.generic.pesquisador]" time="0.001" /><testcase classname="tests.unit.test_templates_structure.TestTemplateInterface" name="test_system_prompt_embeds_org_name[packages.modules.document_types.recurso.templates.generic.jurista]" time="0.001" /><testcase classname="tests.unit.test_templates_structure.TestTemplateInterface" name="test_system_prompt_embeds_org_name[packages.modules.document_types.recurso.templates.generic.advogado_diabo]" time="0.001" /><testcase classname="tests.unit.test_templates_structure.TestTemplateInterface" name="test_system_prompt_embeds_org_name[packages.modules.document_types.recurso.templates.generic.jurista_v2]" time="0.000" /><testcase classname="tests.unit.test_templates_structure.TestTemplateInterface" name="test_system_prompt_embeds_org_name[packages.modules.document_types.recurso.templates.generic.fact_checker]" time="0.000" /><testcase classname="tests.unit.test_templates_structure.TestTemplateInterface" name="test_system_prompt_embeds_org_name[packages.modules.document_types.recurso.templates.generic.redator]" time="0.000" /><testcase classname="tests.unit.test_templates_structure.TestTemplateInterface" name="test_system_prompt_embeds_org_name[packages.modules.document_types.recurso.templates.generic.revisor]" time="0.000" /><testcase classname="tests.unit.test_templates_structure.TestTemplateInterface" name="test_system_prompt_embeds_org_name[packages.modules.document_types.sentenca.templates.generic.triagem]" time="0.000" /><testcase classname="tests.unit.test_templates_structure.TestTemplateInterface" name="test_system_prompt_embeds_org_name[packages.modules.document_types.sentenca.templates.generic.pesquisador]" time="0.000" /><testcase classname="tests.unit.test_templates_structure.TestTemplateInterface" name="test_system_prompt_embeds_org_name[packages.modules.document_types.sentenca.templates.generic.jurista]" time="0.000" /><testcase classname="tests.unit.test_templates_structure.TestTemplateInterface" name="test_system_prompt_embeds_org_name[packages.modules.document_types.sentenca.templates.generic.fact_checker]" time="0.000" /><testcase classname="tests.unit.test_templates_structure.TestTemplateInterface" name="test_system_prompt_embeds_org_name[packages.modules.document_types.sentenca.templates.generic.redator]" time="0.000" /><testcase classname="tests.unit.test_templates_structure.TestTemplateInterface" name="test_system_prompt_embeds_org_name[packages.modules.document_types.sentenca.templates.generic.revisor]" time="0.000" /><testcase classname="tests.unit.test_templates_structure.TestTemplateInterface" name="test_system_prompt_embeds_org_name[packages.modules.document_types.acao_civil_publica.templates.generic.triagem]" time="0.000" /><testcase classname="tests.unit.test_templates_structure.TestTemplateInterface" name="test_system_prompt_embeds_org_name[packages.modules.document_types.acao_civil_publica.templates.generic.pesquisador]" time="0.000" /><testcase classname="tests.unit.test_templates_structure.TestTemplateInterface" name="test_system_prompt_embeds_org_name[packages.modules.document_types.acao_civil_publica.templates.generic.jurista]" time="0.000" /><testcase classname="tests.unit.test_templates_structure.TestTemplateInterface" name="test_system_prompt_embeds_org_name[packages.modules.document_types.acao_civil_publica.templates.generic.advogado_diabo]" time="0.000" /><testcase classname="tests.unit.test_templates_structure.TestTemplateInterface" name="test_system_prompt_embeds_org_name[packages.modules.document_types.acao_civil_publica.templates.generic.jurista_v2]" time="0.000" /><testcase classname="tests.unit.test_templates_structure.TestTemplateInterface" name="test_system_prompt_embeds_org_name[packages.modules.document_types.acao_civil_publica.templates.generic.fact_checker]" time="0.001" /><testcase classname="tests.unit.test_templates_structure.TestTemplateInterface" name="test_system_prompt_embeds_org_name[packages.modules.document_types.acao_civil_publica.templates.generic.redator]" time="0.000" /><testcase classname="tests.unit.test_templates_structure.TestTemplateInterface" name="test_system_prompt_embeds_org_name[packages.modules.document_types.acao_civil_publica.templates.generic.revisor]" time="0.000" /><testcase classname="tests.unit.test_templates_structure.TestTemplateInterface" name="test_system_prompt_embeds_org_name[packages.modules.document_types.mandado_seguranca.templates.generic.triagem]" time="0.000" /><testcase classname="tests.unit.test_templates_structure.TestTemplateInterface" name="test_system_prompt_embeds_org_name[packages.modules.document_types.mandado_seguranca.templates.generic.pesquisador]" time="0.000" /><testcase classname="tests.unit.test_templates_structure.TestTemplateInterface" name="test_system_prompt_embeds_org_name[packages.modules.document_types.mandado_seguranca.templates.generic.jurista]" time="0.000" /><testcase classname="tests.unit.test_templates_structure.TestTemplateInterface" name="test_system_prompt_embeds_org_name[packages.modules.document_types.mandado_seguranca.templates.generic.advogado_diabo]" time="0.000" /><testcase classname="tests.unit.test_templates_structure.TestTemplateInterface" name="test_system_prompt_embeds_org_name[packages.modules.document_types.mandado_seguranca.templates.generic.jurista_v2]" time="0.000" /><testcase classname="tests.unit.test_templates_structure.TestTemplateInterface" name="test_system_prompt_embeds_org_name[packages.modules.document_types.mandado_seguranca.templates.generic.fact_checker]" time="0.000" /><testcase classname="tests.unit.test_templates_structure.TestTemplateInterface" name="test_system_prompt_embeds_org_name[packages.modules.document_types.mandado_seguranca.templates.generic.redator]" time="0.000" /><testcase classname="tests.unit.test_templates_structure.TestTemplateInterface" name="test_system_prompt_embeds_org_name[packages.modules.document_types.mandado_seguranca.templates.generic.revisor]" time="0.000" /><testcase classname="tests.unit.test_templates_structure.TestTemplateInterface" name="test_system_prompt_embeds_org_name[packages.modules.document_types.habeas_corpus.templates.generic.triagem]" time="0.000" /><testcase classname="tests.unit.test_templates_structure.TestTemplateInterface" name="test_system_prompt_embeds_org_name[packages.modules.document_types.habeas_corpus.templates.generic.pesquisador]" time="0.000" /><testcase classname="tests.unit.test_templates_structure.TestTemplateInterface" name="test_system_prompt_embeds_org_name[packages.modules.document_types.habeas_corpus.templates.generic.jurista]" time="0.000" /><testcase classname="tests.unit.test_templates_structure.TestTemplateInterface" name="test_system_prompt_embeds_org_name[packages.modules.document_types.habeas_corpus.templates.generic.fact_checker]" time="0.000" /><testcase classname="tests.unit.test_templates_structure.TestTemplateInterface" name="test_system_prompt_embeds_org_name[packages.modules.document_types.habeas_corpus.templates.generic.redator]" time="0.000" /><testcase classname="tests.unit.test_templates_structure.TestTemplateInterface" name="test_system_prompt_embeds_org_name[packages.modules.document_types.habeas_corpus.templates.generic.revisor]" time="0.000" /><testcase classname="tests.unit.test_templates_structure.TestTemplateInterface" name="test_system_prompt_embeds_org_name[packages.modules.document_types.agravo.templates.generic.triagem]" time="0.000" /><testcase classname="tests.unit.test_templates_structure.TestTemplateInterface" name="test_system_prompt_embeds_org_name[packages.modules.document_types.agravo.templates.generic.pesquisador]" time="0.000" /><testcase classname="tests.unit.test_templates_structure.TestTemplateInterface" name="test_system_prompt_embeds_org_name[packages.modules.document_types.agravo.templates.generic.jurista]" time="0.000" /><testcase classname="tests.unit.test_templates_structure.TestTemplateInterface" name="test_system_prompt_embeds_org_name[packages.modules.document_types.agravo.templates.generic.advogado_diabo]" time="0.000" /><testcase classname="tests.unit.test_templates_structure.TestTemplateInterface" name="test_system_prompt_embeds_org_name[packages.modules.document_types.agravo.templates.generic.fact_checker]" time="0.000" /><testcase classname="tests.unit.test_templates_structure.TestTemplateInterface" name="test_system_prompt_embeds_org_name[packages.modules.document_types.agravo.templates.generic.redator]" time="0.000" /><testcase classname="tests.unit.test_templates_structure.TestTemplateInterface" name="test_system_prompt_embeds_org_name[packages.modules.document_types.agravo.templates.generic.revisor]" time="0.000" /><testcase classname="tests.unit.test_templates_structure.TestTemplateInterface" name="test_system_prompt_embeds_org_name[packages.modules.document_types.embargos_declaracao.templates.generic.triagem]" time="0.000" /><testcase classname="tests.unit.test_templates_structure.TestTemplateInterface" name="test_system_prompt_embeds_org_name[packages.modules.document_types.embargos_declaracao.templates.generic.pesquisador]" time="0.000" /><testcase classname="tests.unit.test_templates_structure.TestTemplateInterface" name="test_system_prompt_embeds_org_name[packages.modules.document_types.embargos_declaracao.templates.generic.jurista]" time="0.000" /><testcase classname="tests.unit.test_templates_structure.TestTemplateInterface" name="test_system_prompt_embeds_org_name[packages.modules.document_types.embargos_declaracao.templates.generic.fact_checker]" time="0.000" /><testcase classname="tests.unit.test_templates_structure.TestTemplateInterface" name="test_system_prompt_embeds_org_name[packages.modules.document_types.embargos_declaracao.templates.generic.redator]" time="0.000" /><testcase classname="tests.unit.test_templates_structure.TestTemplateInterface" name="test_system_prompt_embeds_org_name[packages.modules.document_types.embargos_declaracao.templates.generic.revisor]" time="0.001" /><testcase classname="tests.unit.test_templates_structure.TestTemplateCount" name="test_parecer_has_nine_templates" time="0.000" /><testcase classname="tests.unit.test_templates_structure.TestTemplateCount" name="test_peticao_has_eight_templates" time="0.000" /><testcase classname="tests.unit.test_templates_structure.TestTemplateCount" name="test_contestacao_has_eight_templates" time="0.000" /><testcase classname="tests.unit.test_templates_structure.TestTemplateCount" name="test_recurso_has_eight_templates" time="0.000" /><testcase classname="tests.unit.test_templates_structure.TestTemplateCount" name="test_sentenca_has_six_templates" time="0.000" /><testcase classname="tests.unit.test_templates_structure.TestTemplateCount" name="test_acp_has_eight_templates" time="0.000" /><testcase classname="tests.unit.test_templates_structure.TestTemplateCount" name="test_mandado_seguranca_has_eight_templates" time="0.000" /><testcase classname="tests.unit.test_templates_structure.TestTemplateCount" name="test_habeas_corpus_has_six_templates" time="0.000" /><testcase classname="tests.unit.test_templates_structure.TestTemplateCount" name="test_agravo_has_seven_templates" time="0.000" /><testcase classname="tests.unit.test_templates_structure.TestTemplateCount" name="test_embargos_declaracao_has_six_templates" time="0.000" /><testcase classname="tests.unit.test_templates_structure.TestTemplateCount" name="test_total_template_count" time="0.000" /><testcase classname="tests.unit.test_thesis_bank.TestSeedDataStructure" name="test_seed_data_is_list" time="0.000" /><testcase classname="tests.unit.test_thesis_bank.TestSeedDataStructure" name="test_seed_data_has_entries" time="0.000" /><testcase classname="tests.unit.test_thesis_bank.TestSeedDataStructure" name="test_each_entry_has_required_fields" time="0.000" /><testcase classname="tests.unit.test_thesis_bank.TestSeedDataStructure" name="test_each_entry_has_optional_fields" time="0.000" /><testcase classname="tests.unit.test_thesis_bank.TestSeedDataContent" name="test_title_not_empty[Improbidade administrativa por enriquecimento il\xedcito indepe]" time="0.000" /><testcase classname="tests.unit.test_thesis_bank.TestSeedDataContent" name="test_title_not_empty[Nepotismo decorre diretamente dos princ\xedpios constitucionais]" time="0.000" /><testcase classname="tests.unit.test_thesis_bank.TestSeedDataContent" name="test_title_not_empty[Ofensa a princ\xedpios administrativos como modalidade aut\xf4noma]" time="0.000" /><testcase classname="tests.unit.test_thesis_bank.TestSeedDataContent" name="test_title_not_empty[Agente p\xfablico para fins de improbidade \u2014 conceito amplo do ]" time="0.000" /><testcase classname="tests.unit.test_thesis_bank.TestSeedDataContent" name="test_title_not_empty[Tipologia de rachadinhas \u2014 desvio de remunera\xe7\xe3o de servidor]" time="0.000" /><testcase classname="tests.unit.test_thesis_bank.TestSeedDataContent" name="test_title_not_empty[Responsabilidade objetiva da pessoa jur\xeddica na Lei Anticorr]" time="0.000" /><testcase classname="tests.unit.test_thesis_bank.TestSeedDataContent" name="test_title_not_empty[Limites de gastos com folha de pagamento da C\xe2mara Municipal]" time="0.000" /><testcase classname="tests.unit.test_thesis_bank.TestSeedDataContent" name="test_title_not_empty[Autoriza\xe7\xe3o de uso de bem p\xfablico \u2014 distin\xe7\xe3o de concess\xe3o e]" time="0.000" /><testcase classname="tests.unit.test_thesis_bank.TestSeedDataContent" name="test_title_not_empty[Administrador judicial \u2014 possibilidade de contrata\xe7\xe3o de aux]" time="0.001" /><testcase classname="tests.unit.test_thesis_bank.TestSeedDataContent" name="test_title_not_empty[Grupo econ\xf4mico \u2014 controle e sincronia de atua\xe7\xe3o empresaria]" time="0.000" /><testcase classname="tests.unit.test_thesis_bank.TestSeedDataContent" name="test_title_not_empty[Audi\xeancia p\xfablica como instrumento da administra\xe7\xe3o consensu]" time="0.000" /><testcase classname="tests.unit.test_thesis_bank.TestSeedDataContent" name="test_title_not_empty[Direito \xe0 vida como princ\xedpio fundamental inviol\xe1vel]" time="0.000" /><testcase classname="tests.unit.test_thesis_bank.TestSeedDataContent" name="test_title_not_empty[Contrata\xe7\xe3o tempor\xe1ria por excepcional interesse p\xfablico \u2014 r]" time="0.000" /><testcase classname="tests.unit.test_thesis_bank.TestSeedDataContent" name="test_title_not_empty[Acumula\xe7\xe3o de mandato eletivo de vereador com cargo p\xfablico]" time="0.000" /><testcase classname="tests.unit.test_thesis_bank.TestSeedDataContent" name="test_title_not_empty[Responsabilidade civil do Estado por atos de seus agentes]" time="0.000" /><testcase classname="tests.unit.test_thesis_bank.TestSeedDataContent" name="test_title_not_empty[Multa judicial (astreintes) como meio coercitivo at\xedpico]" time="0.000" /><testcase classname="tests.unit.test_thesis_bank.TestSeedDataContent" name="test_title_not_empty[A\xe7\xe3o coletiva de consumo \u2014 legitimidade do Minist\xe9rio P\xfablic]" time="0.000" /><testcase classname="tests.unit.test_thesis_bank.TestSeedDataContent" name="test_title_not_empty[Atua\xe7\xe3o multifacetada do MP no invent\xe1rio causa mortis]" time="0.000" /><testcase classname="tests.unit.test_thesis_bank.TestSeedDataContent" name="test_title_not_empty[Concomit\xe2ncia da paternidade socioafetiva e biol\xf3gica]" time="0.000" /><testcase classname="tests.unit.test_thesis_bank.TestSeedDataContent" name="test_title_not_empty[Testamento \u2014 nulidade, revoga\xe7\xe3o, rompimento e caducidade]" time="0.000" /><testcase classname="tests.unit.test_thesis_bank.TestSeedDataContent" name="test_title_not_empty[Piso nacional da enfermagem \u2014 constitucionalidade e aplica\xe7\xe3]" time="0.000" /><testcase classname="tests.unit.test_thesis_bank.TestSeedDataContent" name="test_title_not_empty[Imunidade tribut\xe1ria das entidades filantr\xf3picas de assist\xean]" time="0.000" /><testcase classname="tests.unit.test_thesis_bank.TestSeedDataContent" name="test_title_not_empty[Contrata\xe7\xe3o de shows e artistas pelo Poder P\xfablico \u2014 tipolog]" time="0.000" /><testcase classname="tests.unit.test_thesis_bank.TestSeedDataContent" name="test_title_not_empty[Dispensa de licita\xe7\xe3o \u2014 requisitos legais e formalidades]" time="0.000" /><testcase classname="tests.unit.test_thesis_bank.TestSeedDataContent" name="test_title_not_empty[Improbidade administrativa \u2014 transmissibilidade aos herdeiro]" time="0.000" /><testcase classname="tests.unit.test_thesis_bank.TestSeedDataContent" name="test_title_not_empty[Acordo de N\xe3o Persecu\xe7\xe3o C\xedvel (ANPC) \u2014 repara\xe7\xe3o integral d]" time="0.000" /><testcase classname="tests.unit.test_thesis_bank.TestSeedDataContent" name="test_title_not_empty[Saneamento b\xe1sico \u2014 universaliza\xe7\xe3o como dever constituciona]" time="0.000" /><testcase classname="tests.unit.test_thesis_bank.TestSeedDataContent" name="test_title_not_empty[Conselhos municipais de sa\xfade \u2014 participa\xe7\xe3o e controle soci]" time="0.000" /><testcase classname="tests.unit.test_thesis_bank.TestSeedDataContent" name="test_title_not_empty[Pessoa com defici\xeancia \u2014 garantias e prote\xe7\xe3o integral]" time="0.000" /><testcase classname="tests.unit.test_thesis_bank.TestSeedDataContent" name="test_title_not_empty[Transtorno do Espectro Autista \u2014 direitos e pol\xedticas p\xfablic]" time="0.000" /><testcase classname="tests.unit.test_thesis_bank.TestSeedDataContent" name="test_title_not_empty[Marco Regulat\xf3rio das Organiza\xe7\xf5es da Sociedade Civil (MROSC]" time="0.000" /><testcase classname="tests.unit.test_thesis_bank.TestSeedDataContent" name="test_title_not_empty[Funda\xe7\xf5es de apoio \u2014 regime tribut\xe1rio e requisitos legais]" time="0.000" /><testcase classname="tests.unit.test_thesis_bank.TestSeedDataContent" name="test_title_not_empty[Programa de integridade no setor p\xfablico \u2014 CGU]" time="0.000" /><testcase classname="tests.unit.test_thesis_bank.TestSeedDataContent" name="test_title_not_empty[Controle interno municipal \u2014 cria\xe7\xe3o e implanta\xe7\xe3o obrigat\xf3r]" time="0.000" /><testcase classname="tests.unit.test_thesis_bank.TestSeedDataContent" name="test_title_not_empty[Perda de bens acrescidos ilicitamente \u2014 natureza extrapenal]" time="0.000" /><testcase classname="tests.unit.test_thesis_bank.TestSeedDataContent" name="test_title_not_empty[A\xe7\xe3o Civil P\xfablica em defesa da inf\xe2ncia e juventude]" time="0.000" /><testcase classname="tests.unit.test_thesis_bank.TestSeedDataContent" name="test_title_not_empty[Antecipa\xe7\xe3o de vencimentos de servidores p\xfablicos \u2014 ilegalid]" time="0.000" /><testcase classname="tests.unit.test_thesis_bank.TestSeedDataContent" name="test_title_not_empty[F\xe9rias de prefeito \u2014 base de c\xe1lculo e limites constituciona]" time="0.000" /><testcase classname="tests.unit.test_thesis_bank.TestSeedDataContent" name="test_title_not_empty[Sistema de ped\xe1gio em fluxo livre (free flow) \u2014 legalidade]" time="0.000" /><testcase classname="tests.unit.test_thesis_bank.TestSeedDataContent" name="test_title_not_empty[Heteroidentifica\xe7\xe3o em concursos p\xfablicos \u2014 cotas raciais]" time="0.000" /><testcase classname="tests.unit.test_thesis_bank.TestSeedDataContent" name="test_title_not_empty[Terceiriza\xe7\xe3o de servi\xe7os p\xfablicos \u2014 limites e responsabilid]" time="0.001" /><testcase classname="tests.unit.test_thesis_bank.TestSeedDataContent" name="test_title_not_empty[Doa\xe7\xe3o de bens p\xfablicos \u2014 requisitos e finalidade p\xfablica]" time="0.000" /><testcase classname="tests.unit.test_thesis_bank.TestSeedDataContent" name="test_title_max_length[Improbidade administrativa por enriquecimento il\xedcito indepe]" time="0.000" /><testcase classname="tests.unit.test_thesis_bank.TestSeedDataContent" name="test_title_max_length[Nepotismo decorre diretamente dos princ\xedpios constitucionais]" time="0.000" /><testcase classname="tests.unit.test_thesis_bank.TestSeedDataContent" name="test_title_max_length[Ofensa a princ\xedpios administrativos como modalidade aut\xf4noma]" time="0.000" /><testcase classname="tests.unit.test_thesis_bank.TestSeedDataContent" name="test_title_max_length[Agente p\xfablico para fins de improbidade \u2014 conceito amplo do ]" time="0.000" /><testcase classname="tests.unit.test_thesis_bank.TestSeedDataContent" name="test_title_max_length[Tipologia de rachadinhas \u2014 desvio de remunera\xe7\xe3o de servidor]" time="0.000" /><testcase classname="tests.unit.test_thesis_bank.TestSeedDataContent" name="test_title_max_length[Responsabilidade objetiva da pessoa jur\xeddica na Lei Anticorr]" time="0.000" /><testcase classname="tests.unit.test_thesis_bank.TestSeedDataContent" name="test_title_max_length[Limites de gastos com folha de pagamento da C\xe2mara Municipal]" time="0.000" /><testcase classname="tests.unit.test_thesis_bank.TestSeedDataContent" name="test_title_max_length[Autoriza\xe7\xe3o de uso de bem p\xfablico \u2014 distin\xe7\xe3o de concess\xe3o e]" time="0.000" /><testcase classname="tests.unit.test_thesis_bank.TestSeedDataContent" name="test_title_max_length[Administrador judicial \u2014 possibilidade de contrata\xe7\xe3o de aux]" time="0.000" /><testcase classname="tests.unit.test_thesis_bank.TestSeedDataContent" name="test_title_max_length[Grupo econ\xf4mico \u2014 controle e sincronia de atua\xe7\xe3o empresaria]" time="0.000" /><testcase classname="tests.unit.test_thesis_bank.TestSeedDataContent" name="test_title_max_length[Audi\xeancia p\xfablica como instrumento da administra\xe7\xe3o consensu]" time="0.000" /><testcase classname="tests.unit.test_thesis_bank.TestSeedDataContent" name="test_title_max_length[Direito \xe0 vida como princ\xedpio fundamental inviol\xe1vel]" time="0.000" /><testcase classname="tests.unit.test_thesis_bank.TestSeedDataContent" name="test_title_max_length[Contrata\xe7\xe3o tempor\xe1ria por excepcional interesse p\xfablico \u2014 r]" time="0.000" /><testcase classname="tests.unit.test_thesis_bank.TestSeedDataContent" name="test_title_max_length[Acumula\xe7\xe3o de mandato eletivo de vereador com cargo p\xfablico]" time="0.000" /><testcase classname="tests.unit.test_thesis_bank.TestSeedDataContent" name="test_title_max_length[Responsabilidade civil do Estado por atos de seus agentes]" time="0.000" /><testcase classname="tests.unit.test_thesis_bank.TestSeedDataContent" name="test_title_max_length[Multa judicial (astreintes) como meio coercitivo at\xedpico]" time="0.001" /><testcase classname="tests.unit.test_thesis_bank.TestSeedDataContent" name="test_title_max_length[A\xe7\xe3o coletiva de consumo \u2014 legitimidade do Minist\xe9rio P\xfablic]" time="0.000" /><testcase classname="tests.unit.test_thesis_bank.TestSeedDataContent" name="test_title_max_length[Atua\xe7\xe3o multifacetada do MP no invent\xe1rio causa mortis]" time="0.000" /><testcase classname="tests.unit.test_thesis_bank.TestSeedDataContent" name="test_title_max_length[Concomit\xe2ncia da paternidade socioafetiva e biol\xf3gica]" time="0.000" /><testcase classname="tests.unit.test_thesis_bank.TestSeedDataContent" name="test_title_max_length[Testamento \u2014 nulidade, revoga\xe7\xe3o, rompimento e caducidade]" time="0.000" /><testcase classname="tests.unit.test_thesis_bank.TestSeedDataContent" name="test_title_max_length[Piso nacional da enfermagem \u2014 constitucionalidade e aplica\xe7\xe3]" time="0.000" /><testcase classname="tests.unit.test_thesis_bank.TestSeedDataContent" name="test_title_max_length[Imunidade tribut\xe1ria das entidades filantr\xf3picas de assist\xean]" time="0.000" /><testcase classname="tests.unit.test_thesis_bank.TestSeedDataContent" name="test_title_max_length[Contrata\xe7\xe3o de shows e artistas pelo Poder P\xfablico \u2014 tipolog]" time="0.000" /><testcase classname="tests.unit.test_thesis_bank.TestSeedDataContent" name="test_title_max_length[Dispensa de licita\xe7\xe3o \u2014 requisitos legais e formalidades]" time="0.000" /><testcase classname="tests.unit.test_thesis_bank.TestSeedDataContent" name="test_title_max_length[Improbidade administrativa \u2014 transmissibilidade aos herdeiro]" time="0.000" /><testcase classname="tests.unit.test_thesis_bank.TestSeedDataContent" name="test_title_max_length[Acordo de N\xe3o Persecu\xe7\xe3o C\xedvel (ANPC) \u2014 repara\xe7\xe3o integral d]" time="0.000" /><testcase classname="tests.unit.test_thesis_bank.TestSeedDataContent" name="test_title_max_length[Saneamento b\xe1sico \u2014 universaliza\xe7\xe3o como dever constituciona]" time="0.000" /><testcase classname="tests.unit.test_thesis_bank.TestSeedDataContent" name="test_title_max_length[Conselhos municipais de sa\xfade \u2014 participa\xe7\xe3o e controle soci]" time="0.001" /><testcase classname="tests.unit.test_thesis_bank.TestSeedDataContent" name="test_title_max_length[Pessoa com defici\xeancia \u2014 garantias e prote\xe7\xe3o integral]" time="0.000" /><testcase classname="tests.unit.test_thesis_bank.TestSeedDataContent" name="test_title_max_length[Transtorno do Espectro Autista \u2014 direitos e pol\xedticas p\xfablic]" time="0.000" /><testcase classname="tests.unit.test_thesis_bank.TestSeedDataContent" name="test_title_max_length[Marco Regulat\xf3rio das Organiza\xe7\xf5es da Sociedade Civil (MROSC]" time="0.000" /><testcase classname="tests.unit.test_thesis_bank.TestSeedDataContent" name="test_title_max_length[Funda\xe7\xf5es de apoio \u2014 regime tribut\xe1rio e requisitos legais]" time="0.000" /><testcase classname="tests.unit.test_thesis_bank.TestSeedDataContent" name="test_title_max_length[Programa de integridade no setor p\xfablico \u2014 CGU]" time="0.000" /><testcase classname="tests.unit.test_thesis_bank.TestSeedDataContent" name="test_title_max_length[Controle interno municipal \u2014 cria\xe7\xe3o e implanta\xe7\xe3o obrigat\xf3r]" time="0.000" /><testcase classname="tests.unit.test_thesis_bank.TestSeedDataContent" name="test_title_max_length[Perda de bens acrescidos ilicitamente \u2014 natureza extrapenal]" time="0.000" /><testcase classname="tests.unit.test_thesis_bank.TestSeedDataContent" name="test_title_max_length[A\xe7\xe3o Civil P\xfablica em defesa da inf\xe2ncia e juventude]" time="0.000" /><testcase classname="tests.unit.test_thesis_bank.TestSeedDataContent" name="test_title_max_length[Antecipa\xe7\xe3o de vencimentos de servidores p\xfablicos \u2014 ilegalid]" time="0.000" /><testcase classname="tests.unit.test_thesis_bank.TestSeedDataContent" name="test_title_max_length[F\xe9rias de prefeito \u2014 base de c\xe1lculo e limites constituciona]" time="0.000" /><testcase classname="tests.unit.test_thesis_bank.TestSeedDataContent" name="test_title_max_length[Sistema de ped\xe1gio em fluxo livre (free flow) \u2014 legalidade]" time="0.001" /><testcase classname="tests.unit.test_thesis_bank.TestSeedDataContent" name="test_title_max_length[Heteroidentifica\xe7\xe3o em concursos p\xfablicos \u2014 cotas raciais]" time="0.000" /><testcase classname="tests.unit.test_thesis_bank.TestSeedDataContent" name="test_title_max_length[Terceiriza\xe7\xe3o de servi\xe7os p\xfablicos \u2014 limites e responsabilid]" time="0.000" /><testcase classname="tests.unit.test_thesis_bank.TestSeedDataContent" name="test_title_max_length[Doa\xe7\xe3o de bens p\xfablicos \u2014 requisitos e finalidade p\xfablica]" time="0.000" /><testcase classname="tests.unit.test_thesis_bank.TestSeedDataContent" name="test_content_not_empty[Improbidade administrativa por enriquecimento il\xedcito indepe]" time="0.000" /><testcase classname="tests.unit.test_thesis_bank.TestSeedDataContent" name="test_content_not_empty[Nepotismo decorre diretamente dos princ\xedpios constitucionais]" time="0.000" /><testcase classname="tests.unit.test_thesis_bank.TestSeedDataContent" name="test_content_not_empty[Ofensa a princ\xedpios administrativos como modalidade aut\xf4noma]" time="0.000" /><testcase classname="tests.unit.test_thesis_bank.TestSeedDataContent" name="test_content_not_empty[Agente p\xfablico para fins de improbidade \u2014 conceito amplo do ]" time="0.000" /><testcase classname="tests.unit.test_thesis_bank.TestSeedDataContent" name="test_content_not_empty[Tipologia de rachadinhas \u2014 desvio de remunera\xe7\xe3o de servidor]" time="0.001" /><testcase classname="tests.unit.test_thesis_bank.TestSeedDataContent" name="test_content_not_empty[Responsabilidade objetiva da pessoa jur\xeddica na Lei Anticorr]" time="0.000" /><testcase classname="tests.unit.test_thesis_bank.TestSeedDataContent" name="test_content_not_empty[Limites de gastos com folha de pagamento da C\xe2mara Municipal]" time="0.000" /><testcase classname="tests.unit.test_thesis_bank.TestSeedDataContent" name="test_content_not_empty[Autoriza\xe7\xe3o de uso de bem p\xfablico \u2014 distin\xe7\xe3o de concess\xe3o e]" time="0.000" /><testcase classname="tests.unit.test_thesis_bank.TestSeedDataContent" name="test_content_not_empty[Administrador judicial \u2014 possibilidade de contrata\xe7\xe3o de aux]" time="0.000" /><testcase classname="tests.unit.test_thesis_bank.TestSeedDataContent" name="test_content_not_empty[Grupo econ\xf4mico \u2014 controle e sincronia de atua\xe7\xe3o empresaria]" time="0.000" /><testcase classname="tests.unit.test_thesis_bank.TestSeedDataContent" name="test_content_not_empty[Audi\xeancia p\xfablica como instrumento da administra\xe7\xe3o consensu]" time="0.000" /><testcase classname="tests.unit.test_thesis_bank.TestSeedDataContent" name="test_content_not_empty[Direito \xe0 vida como princ\xedpio fundamental inviol\xe1vel]" time="0.001" /><testcase classname="tests.unit.test_thesis_bank.TestSeedDataContent" name="test_content_not_empty[Contrata\xe7\xe3o tempor\xe1ria por excepcional interesse p\xfablico \u2014 r]" time="0.001" /><testcase classname="tests.unit.test_thesis_bank.TestSeedDataContent" name="test_content_not_empty[Acumula\xe7\xe3o de mandato eletivo de vereador com cargo p\xfablico]" time="0.001" /><testcase classname="tests.unit.test_thesis_bank.TestSeedDataContent" name="test_content_not_empty[Responsabilidade civil do Estado por atos de seus agentes]" time="0.000" /><testcase classname="tests.unit.test_thesis_bank.TestSeedDataContent" name="test_content_not_empty[Multa judicial (astreintes) como meio coercitivo at\xedpico]" time="0.000" /><testcase classname="tests.unit.test_thesis_bank.TestSeedDataContent" name="test_content_not_empty[A\xe7\xe3o coletiva de consumo \u2014 legitimidade do Minist\xe9rio P\xfablic]" time="0.000" /><testcase classname="tests.unit.test_thesis_bank.TestSeedDataContent" name="test_content_not_empty[Atua\xe7\xe3o multifacetada do MP no invent\xe1rio causa mortis]" time="0.000" /><testcase classname="tests.unit.test_thesis_bank.TestSeedDataContent" name="test_content_not_empty[Concomit\xe2ncia da paternidade socioafetiva e biol\xf3gica]" time="0.000" /><testcase classname="tests.unit.test_thesis_bank.TestSeedDataContent" name="test_content_not_empty[Testamento \u2014 nulidade, revoga\xe7\xe3o, rompimento e caducidade]" time="0.000" /><testcase classname="tests.unit.test_thesis_bank.TestSeedDataContent" name="test_content_not_empty[Piso nacional da enfermagem \u2014 constitucionalidade e aplica\xe7\xe3]" time="0.000" /><testcase classname="tests.unit.test_thesis_bank.TestSeedDataContent" name="test_content_not_empty[Imunidade tribut\xe1ria das entidades filantr\xf3picas de assist\xean]" time="0.000" /><testcase classname="tests.unit.test_thesis_bank.TestSeedDataContent" name="test_content_not_empty[Contrata\xe7\xe3o de shows e artistas pelo Poder P\xfablico \u2014 tipolog]" time="0.000" /><testcase classname="tests.unit.test_thesis_bank.TestSeedDataContent" name="test_content_not_empty[Dispensa de licita\xe7\xe3o \u2014 requisitos legais e formalidades]" time="0.000" /><testcase classname="tests.unit.test_thesis_bank.TestSeedDataContent" name="test_content_not_empty[Improbidade administrativa \u2014 transmissibilidade aos herdeiro]" time="0.000" /><testcase classname="tests.unit.test_thesis_bank.TestSeedDataContent" name="test_content_not_empty[Acordo de N\xe3o Persecu\xe7\xe3o C\xedvel (ANPC) \u2014 repara\xe7\xe3o integral d]" time="0.000" /><testcase classname="tests.unit.test_thesis_bank.TestSeedDataContent" name="test_content_not_empty[Saneamento b\xe1sico \u2014 universaliza\xe7\xe3o como dever constituciona]" time="0.000" /><testcase classname="tests.unit.test_thesis_bank.TestSeedDataContent" name="test_content_not_empty[Conselhos municipais de sa\xfade \u2014 participa\xe7\xe3o e controle soci]" time="0.000" /><testcase classname="tests.unit.test_thesis_bank.TestSeedDataContent" name="test_content_not_empty[Pessoa com defici\xeancia \u2014 garantias e prote\xe7\xe3o integral]" time="0.000" /><testcase classname="tests.unit.test_thesis_bank.TestSeedDataContent" name="test_content_not_empty[Transtorno do Espectro Autista \u2014 direitos e pol\xedticas p\xfablic]" time="0.000" /><testcase classname="tests.unit.test_thesis_bank.TestSeedDataContent" name="test_content_not_empty[Marco Regulat\xf3rio das Organiza\xe7\xf5es da Sociedade Civil (MROSC]" time="0.000" /><testcase classname="tests.unit.test_thesis_bank.TestSeedDataContent" name="test_content_not_empty[Funda\xe7\xf5es de apoio \u2014 regime tribut\xe1rio e requisitos legais]" time="0.000" /><testcase classname="tests.unit.test_thesis_bank.TestSeedDataContent" name="test_content_not_empty[Programa de integridade no setor p\xfablico \u2014 CGU]" time="0.001" /><testcase classname="tests.unit.test_thesis_bank.TestSeedDataContent" name="test_content_not_empty[Controle interno municipal \u2014 cria\xe7\xe3o e implanta\xe7\xe3o obrigat\xf3r]" time="0.000" /><testcase classname="tests.unit.test_thesis_bank.TestSeedDataContent" name="test_content_not_empty[Perda de bens acrescidos ilicitamente \u2014 natureza extrapenal]" time="0.000" /><testcase classname="tests.unit.test_thesis_bank.TestSeedDataContent" name="test_content_not_empty[A\xe7\xe3o Civil P\xfablica em defesa da inf\xe2ncia e juventude]" time="0.000" /><testcase classname="tests.unit.test_thesis_bank.TestSeedDataContent" name="test_content_not_empty[Antecipa\xe7\xe3o de vencimentos de servidores p\xfablicos \u2014 ilegalid]" time="0.000" /><testcase classname="tests.unit.test_thesis_bank.TestSeedDataContent" name="test_content_not_empty[F\xe9rias de prefeito \u2014 base de c\xe1lculo e limites constituciona]" time="0.000" /><testcase classname="tests.unit.test_thesis_bank.TestSeedDataContent" name="test_content_not_empty[Sistema de ped\xe1gio em fluxo livre (free flow) \u2014 legalidade]" time="0.000" /><testcase classname="tests.unit.test_thesis_bank.TestSeedDataContent" name="test_content_not_empty[Heteroidentifica\xe7\xe3o em concursos p\xfablicos \u2014 cotas raciais]" time="0.000" /><testcase classname="tests.unit.test_thesis_bank.TestSeedDataContent" name="test_content_not_empty[Terceiriza\xe7\xe3o de servi\xe7os p\xfablicos \u2014 limites e responsabilid]" time="0.000" /><testcase classname="tests.unit.test_thesis_bank.TestSeedDataContent" name="test_content_not_empty[Doa\xe7\xe3o de bens p\xfablicos \u2014 requisitos e finalidade p\xfablica]" time="0.000" /><testcase classname="tests.unit.test_thesis_bank.TestSeedDataContent" name="test_content_min_length[Improbidade administrativa por enriquecimento il\xedcito indepe]" time="0.000" /><testcase classname="tests.unit.test_thesis_bank.TestSeedDataContent" name="test_content_min_length[Nepotismo decorre diretamente dos princ\xedpios constitucionais]" time="0.000" /><testcase classname="tests.unit.test_thesis_bank.TestSeedDataContent" name="test_content_min_length[Ofensa a princ\xedpios administrativos como modalidade aut\xf4noma]" time="0.000" /><testcase classname="tests.unit.test_thesis_bank.TestSeedDataContent" name="test_content_min_length[Agente p\xfablico para fins de improbidade \u2014 conceito amplo do ]" time="0.000" /><testcase classname="tests.unit.test_thesis_bank.TestSeedDataContent" name="test_content_min_length[Tipologia de rachadinhas \u2014 desvio de remunera\xe7\xe3o de servidor]" time="0.000" /><testcase classname="tests.unit.test_thesis_bank.TestSeedDataContent" name="test_content_min_length[Responsabilidade objetiva da pessoa jur\xeddica na Lei Anticorr]" time="0.000" /><testcase classname="tests.unit.test_thesis_bank.TestSeedDataContent" name="test_content_min_length[Limites de gastos com folha de pagamento da C\xe2mara Municipal]" time="0.001" /><testcase classname="tests.unit.test_thesis_bank.TestSeedDataContent" name="test_content_min_length[Autoriza\xe7\xe3o de uso de bem p\xfablico \u2014 distin\xe7\xe3o de concess\xe3o e]" time="0.001" /><testcase classname="tests.unit.test_thesis_bank.TestSeedDataContent" name="test_content_min_length[Administrador judicial \u2014 possibilidade de contrata\xe7\xe3o de aux]" time="0.000" /><testcase classname="tests.unit.test_thesis_bank.TestSeedDataContent" name="test_content_min_length[Grupo econ\xf4mico \u2014 controle e sincronia de atua\xe7\xe3o empresaria]" time="0.000" /><testcase classname="tests.unit.test_thesis_bank.TestSeedDataContent" name="test_content_min_length[Audi\xeancia p\xfablica como instrumento da administra\xe7\xe3o consensu]" time="0.000" /><testcase classname="tests.unit.test_thesis_bank.TestSeedDataContent" name="test_content_min_length[Direito \xe0 vida como princ\xedpio fundamental inviol\xe1vel]" time="0.000" /><testcase classname="tests.unit.test_thesis_bank.TestSeedDataContent" name="test_content_min_length[Contrata\xe7\xe3o tempor\xe1ria por excepcional interesse p\xfablico \u2014 r]" time="0.000" /><testcase classname="tests.unit.test_thesis_bank.TestSeedDataContent" name="test_content_min_length[Acumula\xe7\xe3o de mandato eletivo de vereador com cargo p\xfablico]" time="0.000" /><testcase classname="tests.unit.test_thesis_bank.TestSeedDataContent" name="test_content_min_length[Responsabilidade civil do Estado por atos de seus agentes]" time="0.000" /><testcase classname="tests.unit.test_thesis_bank.TestSeedDataContent" name="test_content_min_length[Multa judicial (astreintes) como meio coercitivo at\xedpico]" time="0.000" /><testcase classname="tests.unit.test_thesis_bank.TestSeedDataContent" name="test_content_min_length[A\xe7\xe3o coletiva de consumo \u2014 legitimidade do Minist\xe9rio P\xfablic]" time="0.000" /><testcase classname="tests.unit.test_thesis_bank.TestSeedDataContent" name="test_content_min_length[Atua\xe7\xe3o multifacetada do MP no invent\xe1rio causa mortis]" time="0.000" /><testcase classname="tests.unit.test_thesis_bank.TestSeedDataContent" name="test_content_min_length[Concomit\xe2ncia da paternidade socioafetiva e biol\xf3gica]" time="0.000" /><testcase classname="tests.unit.test_thesis_bank.TestSeedDataContent" name="test_content_min_length[Testamento \u2014 nulidade, revoga\xe7\xe3o, rompimento e caducidade]" time="0.000" /><testcase classname="tests.unit.test_thesis_bank.TestSeedDataContent" name="test_content_min_length[Piso nacional da enfermagem \u2014 constitucionalidade e aplica\xe7\xe3]" time="0.000" /><testcase classname="tests.unit.test_thesis_bank.TestSeedDataContent" name="test_content_min_length[Imunidade tribut\xe1ria das entidades filantr\xf3picas de assist\xean]" time="0.000" /><testcase classname="tests.unit.test_thesis_bank.TestSeedDataContent" name="test_content_min_length[Contrata\xe7\xe3o de shows e artistas pelo Poder P\xfablico \u2014 tipolog]" time="0.000" /><testcase classname="tests.unit.test_thesis_bank.TestSeedDataContent" name="test_content_min_length[Dispensa de licita\xe7\xe3o \u2014 requisitos legais e formalidades]" time="0.000" /><testcase classname="tests.unit.test_thesis_bank.TestSeedDataContent" name="test_content_min_length[Improbidade administrativa \u2014 transmissibilidade aos herdeiro]" time="0.000" /><testcase classname="tests.unit.test_thesis_bank.TestSeedDataContent" name="test_content_min_length[Acordo de N\xe3o Persecu\xe7\xe3o C\xedvel (ANPC) \u2014 repara\xe7\xe3o integral d]" time="0.000" /><testcase classname="tests.unit.test_thesis_bank.TestSeedDataContent" name="test_content_min_length[Saneamento b\xe1sico \u2014 universaliza\xe7\xe3o como dever constituciona]" time="0.001" /><testcase classname="tests.unit.test_thesis_bank.TestSeedDataContent" name="test_content_min_length[Conselhos municipais de sa\xfade \u2014 participa\xe7\xe3o e controle soci]" time="0.000" /><testcase classname="tests.unit.test_thesis_bank.TestSeedDataContent" name="test_content_min_length[Pessoa com defici\xeancia \u2014 garantias e prote\xe7\xe3o integral]" time="0.000" /><testcase classname="tests.unit.test_thesis_bank.TestSeedDataContent" name="test_content_min_length[Transtorno do Espectro Autista \u2014 direitos e pol\xedticas p\xfablic]" time="0.000" /><testcase classname="tests.unit.test_thesis_bank.TestSeedDataContent" name="test_content_min_length[Marco Regulat\xf3rio das Organiza\xe7\xf5es da Sociedade Civil (MROSC]" time="0.000" /><testcase classname="tests.unit.test_thesis_bank.TestSeedDataContent" name="test_content_min_length[Funda\xe7\xf5es de apoio \u2014 regime tribut\xe1rio e requisitos legais]" time="0.000" /><testcase classname="tests.unit.test_thesis_bank.TestSeedDataContent" name="test_content_min_length[Programa de integridade no setor p\xfablico \u2014 CGU]" time="0.000" /><testcase classname="tests.unit.test_thesis_bank.TestSeedDataContent" name="test_content_min_length[Controle interno municipal \u2014 cria\xe7\xe3o e implanta\xe7\xe3o obrigat\xf3r]" time="0.000" /><testcase classname="tests.unit.test_thesis_bank.TestSeedDataContent" name="test_content_min_length[Perda de bens acrescidos ilicitamente \u2014 natureza extrapenal]" time="0.000" /><testcase classname="tests.unit.test_thesis_bank.TestSeedDataContent" name="test_content_min_length[A\xe7\xe3o Civil P\xfablica em defesa da inf\xe2ncia e juventude]" time="0.000" /><testcase classname="tests.unit.test_thesis_bank.TestSeedDataContent" name="test_content_min_length[Antecipa\xe7\xe3o de vencimentos de servidores p\xfablicos \u2014 ilegalid]" time="0.000" /><testcase classname="tests.unit.test_thesis_bank.TestSeedDataContent" name="test_content_min_length[F\xe9rias de prefeito \u2014 base de c\xe1lculo e limites constituciona]" time="0.000" /><testcase classname="tests.unit.test_thesis_bank.TestSeedDataContent" name="test_content_min_length[Sistema de ped\xe1gio em fluxo livre (free flow) \u2014 legalidade]" time="0.000" /><testcase classname="tests.unit.test_thesis_bank.TestSeedDataContent" name="test_content_min_length[Heteroidentifica\xe7\xe3o em concursos p\xfablicos \u2014 cotas raciais]" time="0.001" /><testcase classname="tests.unit.test_thesis_bank.TestSeedDataContent" name="test_content_min_length[Terceiriza\xe7\xe3o de servi\xe7os p\xfablicos \u2014 limites e responsabilid]" time="0.000" /><testcase classname="tests.unit.test_thesis_bank.TestSeedDataContent" name="test_content_min_length[Doa\xe7\xe3o de bens p\xfablicos \u2014 requisitos e finalidade p\xfablica]" time="0.000" /><testcase classname="tests.unit.test_thesis_bank.TestSeedDataContent" name="test_summary_present[Improbidade administrativa por enriquecimento il\xedcito indepe]" time="0.000" /><testcase classname="tests.unit.test_thesis_bank.TestSeedDataContent" name="test_summary_present[Nepotismo decorre diretamente dos princ\xedpios constitucionais]" time="0.000" /><testcase classname="tests.unit.test_thesis_bank.TestSeedDataContent" name="test_summary_present[Ofensa a princ\xedpios administrativos como modalidade aut\xf4noma]" time="0.000" /><testcase classname="tests.unit.test_thesis_bank.TestSeedDataContent" name="test_summary_present[Agente p\xfablico para fins de improbidade \u2014 conceito amplo do ]" time="0.000" /><testcase classname="tests.unit.test_thesis_bank.TestSeedDataContent" name="test_summary_present[Tipologia de rachadinhas \u2014 desvio de remunera\xe7\xe3o de servidor]" time="0.000" /><testcase classname="tests.unit.test_thesis_bank.TestSeedDataContent" name="test_summary_present[Responsabilidade objetiva da pessoa jur\xeddica na Lei Anticorr]" time="0.000" /><testcase classname="tests.unit.test_thesis_bank.TestSeedDataContent" name="test_summary_present[Limites de gastos com folha de pagamento da C\xe2mara Municipal]" time="0.000" /><testcase classname="tests.unit.test_thesis_bank.TestSeedDataContent" name="test_summary_present[Autoriza\xe7\xe3o de uso de bem p\xfablico \u2014 distin\xe7\xe3o de concess\xe3o e]" time="0.000" /><testcase classname="tests.unit.test_thesis_bank.TestSeedDataContent" name="test_summary_present[Administrador judicial \u2014 possibilidade de contrata\xe7\xe3o de aux]" time="0.000" /><testcase classname="tests.unit.test_thesis_bank.TestSeedDataContent" name="test_summary_present[Grupo econ\xf4mico \u2014 controle e sincronia de atua\xe7\xe3o empresaria]" time="0.000" /><testcase classname="tests.unit.test_thesis_bank.TestSeedDataContent" name="test_summary_present[Audi\xeancia p\xfablica como instrumento da administra\xe7\xe3o consensu]" time="0.000" /><testcase classname="tests.unit.test_thesis_bank.TestSeedDataContent" name="test_summary_present[Direito \xe0 vida como princ\xedpio fundamental inviol\xe1vel]" time="0.000" /><testcase classname="tests.unit.test_thesis_bank.TestSeedDataContent" name="test_summary_present[Contrata\xe7\xe3o tempor\xe1ria por excepcional interesse p\xfablico \u2014 r]" time="0.000" /><testcase classname="tests.unit.test_thesis_bank.TestSeedDataContent" name="test_summary_present[Acumula\xe7\xe3o de mandato eletivo de vereador com cargo p\xfablico]" time="0.000" /><testcase classname="tests.unit.test_thesis_bank.TestSeedDataContent" name="test_summary_present[Responsabilidade civil do Estado por atos de seus agentes]" time="0.000" /><testcase classname="tests.unit.test_thesis_bank.TestSeedDataContent" name="test_summary_present[Multa judicial (astreintes) como meio coercitivo at\xedpico]" time="0.000" /><testcase classname="tests.unit.test_thesis_bank.TestSeedDataContent" name="test_summary_present[A\xe7\xe3o coletiva de consumo \u2014 legitimidade do Minist\xe9rio P\xfablic]" time="0.000" /><testcase classname="tests.unit.test_thesis_bank.TestSeedDataContent" name="test_summary_present[Atua\xe7\xe3o multifacetada do MP no invent\xe1rio causa mortis]" time="0.000" /><testcase classname="tests.unit.test_thesis_bank.TestSeedDataContent" name="test_summary_present[Concomit\xe2ncia da paternidade socioafetiva e biol\xf3gica]" time="0.000" /><testcase classname="tests.unit.test_thesis_bank.TestSeedDataContent" name="test_summary_present[Testamento \u2014 nulidade, revoga\xe7\xe3o, rompimento e caducidade]" time="0.000" /><testcase classname="tests.unit.test_thesis_bank.TestSeedDataContent" name="test_summary_present[Piso nacional da enfermagem \u2014 constitucionalidade e aplica\xe7\xe3]" time="0.000" /><testcase classname="tests.unit.test_thesis_bank.TestSeedDataContent" name="test_summary_present[Imunidade tribut\xe1ria das entidades filantr\xf3picas de assist\xean]" time="0.000" /><testcase classname="tests.unit.test_thesis_bank.TestSeedDataContent" name="test_summary_present[Contrata\xe7\xe3o de shows e artistas pelo Poder P\xfablico \u2014 tipolog]" time="0.000" /><testcase classname="tests.unit.test_thesis_bank.TestSeedDataContent" name="test_summary_present[Dispensa de licita\xe7\xe3o \u2014 requisitos legais e formalidades]" time="0.000" /><testcase classname="tests.unit.test_thesis_bank.TestSeedDataContent" name="test_summary_present[Improbidade administrativa \u2014 transmissibilidade aos herdeiro]" time="0.000" /><testcase classname="tests.unit.test_thesis_bank.TestSeedDataContent" name="test_summary_present[Acordo de N\xe3o Persecu\xe7\xe3o C\xedvel (ANPC) \u2014 repara\xe7\xe3o integral d]" time="0.000" /><testcase classname="tests.unit.test_thesis_bank.TestSeedDataContent" name="test_summary_present[Saneamento b\xe1sico \u2014 universaliza\xe7\xe3o como dever constituciona]" time="0.000" /><testcase classname="tests.unit.test_thesis_bank.TestSeedDataContent" name="test_summary_present[Conselhos municipais de sa\xfade \u2014 participa\xe7\xe3o e controle soci]" time="0.000" /><testcase classname="tests.unit.test_thesis_bank.TestSeedDataContent" name="test_summary_present[Pessoa com defici\xeancia \u2014 garantias e prote\xe7\xe3o integral]" time="0.001" /><testcase classname="tests.unit.test_thesis_bank.TestSeedDataContent" name="test_summary_present[Transtorno do Espectro Autista \u2014 direitos e pol\xedticas p\xfablic]" time="0.000" /><testcase classname="tests.unit.test_thesis_bank.TestSeedDataContent" name="test_summary_present[Marco Regulat\xf3rio das Organiza\xe7\xf5es da Sociedade Civil (MROSC]" time="0.000" /><testcase classname="tests.unit.test_thesis_bank.TestSeedDataContent" name="test_summary_present[Funda\xe7\xf5es de apoio \u2014 regime tribut\xe1rio e requisitos legais]" time="0.000" /><testcase classname="tests.unit.test_thesis_bank.TestSeedDataContent" name="test_summary_present[Programa de integridade no setor p\xfablico \u2014 CGU]" time="0.000" /><testcase classname="tests.unit.test_thesis_bank.TestSeedDataContent" name="test_summary_present[Controle interno municipal \u2014 cria\xe7\xe3o e implanta\xe7\xe3o obrigat\xf3r]" time="0.000" /><testcase classname="tests.unit.test_thesis_bank.TestSeedDataContent" name="test_summary_present[Perda de bens acrescidos ilicitamente \u2014 natureza extrapenal]" time="0.001" /><testcase classname="tests.unit.test_thesis_bank.TestSeedDataContent" name="test_summary_present[A\xe7\xe3o Civil P\xfablica em defesa da inf\xe2ncia e juventude]" time="0.000" /><testcase classname="tests.unit.test_thesis_bank.TestSeedDataContent" name="test_summary_present[Antecipa\xe7\xe3o de vencimentos de servidores p\xfablicos \u2014 ilegalid]" time="0.000" /><testcase classname="tests.unit.test_thesis_bank.TestSeedDataContent" name="test_summary_present[F\xe9rias de prefeito \u2014 base de c\xe1lculo e limites constituciona]" time="0.000" /><testcase classname="tests.unit.test_thesis_bank.TestSeedDataContent" name="test_summary_present[Sistema de ped\xe1gio em fluxo livre (free flow) \u2014 legalidade]" time="0.000" /><testcase classname="tests.unit.test_thesis_bank.TestSeedDataContent" name="test_summary_present[Heteroidentifica\xe7\xe3o em concursos p\xfablicos \u2014 cotas raciais]" time="0.000" /><testcase classname="tests.unit.test_thesis_bank.TestSeedDataContent" name="test_summary_present[Terceiriza\xe7\xe3o de servi\xe7os p\xfablicos \u2014 limites e responsabilid]" time="0.000" /><testcase classname="tests.unit.test_thesis_bank.TestSeedDataContent" name="test_summary_present[Doa\xe7\xe3o de bens p\xfablicos \u2014 requisitos e finalidade p\xfablica]" time="0.001" /><testcase classname="tests.unit.test_thesis_bank.TestSeedDataContent" name="test_legal_area_valid[Improbidade administrativa por enriquecimento il\xedcito indepe]" time="0.000" /><testcase classname="tests.unit.test_thesis_bank.TestSeedDataContent" name="test_legal_area_valid[Nepotismo decorre diretamente dos princ\xedpios constitucionais]" time="0.000" /><testcase classname="tests.unit.test_thesis_bank.TestSeedDataContent" name="test_legal_area_valid[Ofensa a princ\xedpios administrativos como modalidade aut\xf4noma]" time="0.000" /><testcase classname="tests.unit.test_thesis_bank.TestSeedDataContent" name="test_legal_area_valid[Agente p\xfablico para fins de improbidade \u2014 conceito amplo do ]" time="0.000" /><testcase classname="tests.unit.test_thesis_bank.TestSeedDataContent" name="test_legal_area_valid[Tipologia de rachadinhas \u2014 desvio de remunera\xe7\xe3o de servidor]" time="0.000" /><testcase classname="tests.unit.test_thesis_bank.TestSeedDataContent" name="test_legal_area_valid[Responsabilidade objetiva da pessoa jur\xeddica na Lei Anticorr]" time="0.000" /><testcase classname="tests.unit.test_thesis_bank.TestSeedDataContent" name="test_legal_area_valid[Limites de gastos com folha de pagamento da C\xe2mara Municipal]" time="0.000" /><testcase classname="tests.unit.test_thesis_bank.TestSeedDataContent" name="test_legal_area_valid[Autoriza\xe7\xe3o de uso de bem p\xfablico \u2014 distin\xe7\xe3o de concess\xe3o e]" time="0.000" /><testcase classname="tests.unit.test_thesis_bank.TestSeedDataContent" name="test_legal_area_valid[Administrador judicial \u2014 possibilidade de contrata\xe7\xe3o de aux]" time="0.000" /><testcase classname="tests.unit.test_thesis_bank.TestSeedDataContent" name="test_legal_area_valid[Grupo econ\xf4mico \u2014 controle e sincronia de atua\xe7\xe3o empresaria]" time="0.000" /><testcase classname="tests.unit.test_thesis_bank.TestSeedDataContent" name="test_legal_area_valid[Audi\xeancia p\xfablica como instrumento da administra\xe7\xe3o consensu]" time="0.001" /><testcase classname="tests.unit.test_thesis_bank.TestSeedDataContent" name="test_legal_area_valid[Direito \xe0 vida como princ\xedpio fundamental inviol\xe1vel]" time="0.001" /><testcase classname="tests.unit.test_thesis_bank.TestSeedDataContent" name="test_legal_area_valid[Contrata\xe7\xe3o tempor\xe1ria por excepcional interesse p\xfablico \u2014 r]" time="0.001" /><testcase classname="tests.unit.test_thesis_bank.TestSeedDataContent" name="test_legal_area_valid[Acumula\xe7\xe3o de mandato eletivo de vereador com cargo p\xfablico]" time="0.000" /><testcase classname="tests.unit.test_thesis_bank.TestSeedDataContent" name="test_legal_area_valid[Responsabilidade civil do Estado por atos de seus agentes]" time="0.000" /><testcase classname="tests.unit.test_thesis_bank.TestSeedDataContent" name="test_legal_area_valid[Multa judicial (astreintes) como meio coercitivo at\xedpico]" time="0.000" /><testcase classname="tests.unit.test_thesis_bank.TestSeedDataContent" name="test_legal_area_valid[A\xe7\xe3o coletiva de consumo \u2014 legitimidade do Minist\xe9rio P\xfablic]" time="0.000" /><testcase classname="tests.unit.test_thesis_bank.TestSeedDataContent" name="test_legal_area_valid[Atua\xe7\xe3o multifacetada do MP no invent\xe1rio causa mortis]" time="0.000" /><testcase classname="tests.unit.test_thesis_bank.TestSeedDataContent" name="test_legal_area_valid[Concomit\xe2ncia da paternidade socioafetiva e biol\xf3gica]" time="0.000" /><testcase classname="tests.unit.test_thesis_bank.TestSeedDataContent" name="test_legal_area_valid[Testamento \u2014 nulidade, revoga\xe7\xe3o, rompimento e caducidade]" time="0.000" /><testcase classname="tests.unit.test_thesis_bank.TestSeedDataContent" name="test_legal_area_valid[Piso nacional da enfermagem \u2014 constitucionalidade e aplica\xe7\xe3]" time="0.000" /><testcase classname="tests.unit.test_thesis_bank.TestSeedDataContent" name="test_legal_area_valid[Imunidade tribut\xe1ria das entidades filantr\xf3picas de assist\xean]" time="0.000" /><testcase classname="tests.unit.test_thesis_bank.TestSeedDataContent" name="test_legal_area_valid[Contrata\xe7\xe3o de shows e artistas pelo Poder P\xfablico \u2014 tipolog]" time="0.000" /><testcase classname="tests.unit.test_thesis_bank.TestSeedDataContent" name="test_legal_area_valid[Dispensa de licita\xe7\xe3o \u2014 requisitos legais e formalidades]" time="0.000" /><testcase classname="tests.unit.test_thesis_bank.TestSeedDataContent" name="test_legal_area_valid[Improbidade administrativa \u2014 transmissibilidade aos herdeiro]" time="0.000" /><testcase classname="tests.unit.test_thesis_bank.TestSeedDataContent" name="test_legal_area_valid[Acordo de N\xe3o Persecu\xe7\xe3o C\xedvel (ANPC) \u2014 repara\xe7\xe3o integral d]" time="0.000" /><testcase classname="tests.unit.test_thesis_bank.TestSeedDataContent" name="test_legal_area_valid[Saneamento b\xe1sico \u2014 universaliza\xe7\xe3o como dever constituciona]" time="0.000" /><testcase classname="tests.unit.test_thesis_bank.TestSeedDataContent" name="test_legal_area_valid[Conselhos municipais de sa\xfade \u2014 participa\xe7\xe3o e controle soci]" time="0.000" /><testcase classname="tests.unit.test_thesis_bank.TestSeedDataContent" name="test_legal_area_valid[Pessoa com defici\xeancia \u2014 garantias e prote\xe7\xe3o integral]" time="0.000" /><testcase classname="tests.unit.test_thesis_bank.TestSeedDataContent" name="test_legal_area_valid[Transtorno do Espectro Autista \u2014 direitos e pol\xedticas p\xfablic]" time="0.000" /><testcase classname="tests.unit.test_thesis_bank.TestSeedDataContent" name="test_legal_area_valid[Marco Regulat\xf3rio das Organiza\xe7\xf5es da Sociedade Civil (MROSC]" time="0.000" /><testcase classname="tests.unit.test_thesis_bank.TestSeedDataContent" name="test_legal_area_valid[Funda\xe7\xf5es de apoio \u2014 regime tribut\xe1rio e requisitos legais]" time="0.000" /><testcase classname="tests.unit.test_thesis_bank.TestSeedDataContent" name="test_legal_area_valid[Programa de integridade no setor p\xfablico \u2014 CGU]" time="0.000" /><testcase classname="tests.unit.test_thesis_bank.TestSeedDataContent" name="test_legal_area_valid[Controle interno municipal \u2014 cria\xe7\xe3o e implanta\xe7\xe3o obrigat\xf3r]" time="0.000" /><testcase classname="tests.unit.test_thesis_bank.TestSeedDataContent" name="test_legal_area_valid[Perda de bens acrescidos ilicitamente \u2014 natureza extrapenal]" time="0.000" /><testcase classname="tests.unit.test_thesis_bank.TestSeedDataContent" name="test_legal_area_valid[A\xe7\xe3o Civil P\xfablica em defesa da inf\xe2ncia e juventude]" time="0.000" /><testcase classname="tests.unit.test_thesis_bank.TestSeedDataContent" name="test_legal_area_valid[Antecipa\xe7\xe3o de vencimentos de servidores p\xfablicos \u2014 ilegalid]" time="0.000" /><testcase classname="tests.unit.test_thesis_bank.TestSeedDataContent" name="test_legal_area_valid[F\xe9rias de prefeito \u2014 base de c\xe1lculo e limites constituciona]" time="0.000" /><testcase classname="tests.unit.test_thesis_bank.TestSeedDataContent" name="test_legal_area_valid[Sistema de ped\xe1gio em fluxo livre (free flow) \u2014 legalidade]" time="0.000" /><testcase classname="tests.unit.test_thesis_bank.TestSeedDataContent" name="test_legal_area_valid[Heteroidentifica\xe7\xe3o em concursos p\xfablicos \u2014 cotas raciais]" time="0.000" /><testcase classname="tests.unit.test_thesis_bank.TestSeedDataContent" name="test_legal_area_valid[Terceiriza\xe7\xe3o de servi\xe7os p\xfablicos \u2014 limites e responsabilid]" time="0.000" /><testcase classname="tests.unit.test_thesis_bank.TestSeedDataContent" name="test_legal_area_valid[Doa\xe7\xe3o de bens p\xfablicos \u2014 requisitos e finalidade p\xfablica]" time="0.000" /><testcase classname="tests.unit.test_thesis_bank.TestSeedDataContent" name="test_source_type_is_imported[Improbidade administrativa por enriquecimento il\xedcito indepe]" time="0.001" /><testcase classname="tests.unit.test_thesis_bank.TestSeedDataContent" name="test_source_type_is_imported[Nepotismo decorre diretamente dos princ\xedpios constitucionais]" time="0.001" /><testcase classname="tests.unit.test_thesis_bank.TestSeedDataContent" name="test_source_type_is_imported[Ofensa a princ\xedpios administrativos como modalidade aut\xf4noma]" time="0.000" /><testcase classname="tests.unit.test_thesis_bank.TestSeedDataContent" name="test_source_type_is_imported[Agente p\xfablico para fins de improbidade \u2014 conceito amplo do ]" time="0.000" /><testcase classname="tests.unit.test_thesis_bank.TestSeedDataContent" name="test_source_type_is_imported[Tipologia de rachadinhas \u2014 desvio de remunera\xe7\xe3o de servidor]" time="0.001" /><testcase classname="tests.unit.test_thesis_bank.TestSeedDataContent" name="test_source_type_is_imported[Responsabilidade objetiva da pessoa jur\xeddica na Lei Anticorr]" time="0.001" /><testcase classname="tests.unit.test_thesis_bank.TestSeedDataContent" name="test_source_type_is_imported[Limites de gastos com folha de pagamento da C\xe2mara Municipal]" time="0.000" /><testcase classname="tests.unit.test_thesis_bank.TestSeedDataContent" name="test_source_type_is_imported[Autoriza\xe7\xe3o de uso de bem p\xfablico \u2014 distin\xe7\xe3o de concess\xe3o e]" time="0.000" /><testcase classname="tests.unit.test_thesis_bank.TestSeedDataContent" name="test_source_type_is_imported[Administrador judicial \u2014 possibilidade de contrata\xe7\xe3o de aux]" time="0.000" /><testcase classname="tests.unit.test_thesis_bank.TestSeedDataContent" name="test_source_type_is_imported[Grupo econ\xf4mico \u2014 controle e sincronia de atua\xe7\xe3o empresaria]" time="0.000" /><testcase classname="tests.unit.test_thesis_bank.TestSeedDataContent" name="test_source_type_is_imported[Audi\xeancia p\xfablica como instrumento da administra\xe7\xe3o consensu]" time="0.000" /><testcase classname="tests.unit.test_thesis_bank.TestSeedDataContent" name="test_source_type_is_imported[Direito \xe0 vida como princ\xedpio fundamental inviol\xe1vel]" time="0.000" /><testcase classname="tests.unit.test_thesis_bank.TestSeedDataContent" name="test_source_type_is_imported[Contrata\xe7\xe3o tempor\xe1ria por excepcional interesse p\xfablico \u2014 r]" time="0.000" /><testcase classname="tests.unit.test_thesis_bank.TestSeedDataContent" name="test_source_type_is_imported[Acumula\xe7\xe3o de mandato eletivo de vereador com cargo p\xfablico]" time="0.000" /><testcase classname="tests.unit.test_thesis_bank.TestSeedDataContent" name="test_source_type_is_imported[Responsabilidade civil do Estado por atos de seus agentes]" time="0.000" /><testcase classname="tests.unit.test_thesis_bank.TestSeedDataContent" name="test_source_type_is_imported[Multa judicial (astreintes) como meio coercitivo at\xedpico]" time="0.000" /><testcase classname="tests.unit.test_thesis_bank.TestSeedDataContent" name="test_source_type_is_imported[A\xe7\xe3o coletiva de consumo \u2014 legitimidade do Minist\xe9rio P\xfablic]" time="0.000" /><testcase classname="tests.unit.test_thesis_bank.TestSeedDataContent" name="test_source_type_is_imported[Atua\xe7\xe3o multifacetada do MP no invent\xe1rio causa mortis]" time="0.000" /><testcase classname="tests.unit.test_thesis_bank.TestSeedDataContent" name="test_source_type_is_imported[Concomit\xe2ncia da paternidade socioafetiva e biol\xf3gica]" time="0.000" /><testcase classname="tests.unit.test_thesis_bank.TestSeedDataContent" name="test_source_type_is_imported[Testamento \u2014 nulidade, revoga\xe7\xe3o, rompimento e caducidade]" time="0.000" /><testcase classname="tests.unit.test_thesis_bank.TestSeedDataContent" name="test_source_type_is_imported[Piso nacional da enfermagem \u2014 constitucionalidade e aplica\xe7\xe3]" time="0.000" /><testcase classname="tests.unit.test_thesis_bank.TestSeedDataContent" name="test_source_type_is_imported[Imunidade tribut\xe1ria das entidades filantr\xf3picas de assist\xean]" time="0.000" /><testcase classname="tests.unit.test_thesis_bank.TestSeedDataContent" name="test_source_type_is_imported[Contrata\xe7\xe3o de shows e artistas pelo Poder P\xfablico \u2014 tipolog]" time="0.000" /><testcase classname="tests.unit.test_thesis_bank.TestSeedDataContent" name="test_source_type_is_imported[Dispensa de licita\xe7\xe3o \u2014 requisitos legais e formalidades]" time="0.000" /><testcase classname="tests.unit.test_thesis_bank.TestSeedDataContent" name="test_source_type_is_imported[Improbidade administrativa \u2014 transmissibilidade aos herdeiro]" time="0.000" /><testcase classname="tests.unit.test_thesis_bank.TestSeedDataContent" name="test_source_type_is_imported[Acordo de N\xe3o Persecu\xe7\xe3o C\xedvel (ANPC) \u2014 repara\xe7\xe3o integral d]" time="0.000" /><testcase classname="tests.unit.test_thesis_bank.TestSeedDataContent" name="test_source_type_is_imported[Saneamento b\xe1sico \u2014 universaliza\xe7\xe3o como dever constituciona]" time="0.000" /><testcase classname="tests.unit.test_thesis_bank.TestSeedDataContent" name="test_source_type_is_imported[Conselhos municipais de sa\xfade \u2014 participa\xe7\xe3o e controle soci]" time="0.000" /><testcase classname="tests.unit.test_thesis_bank.TestSeedDataContent" name="test_source_type_is_imported[Pessoa com defici\xeancia \u2014 garantias e prote\xe7\xe3o integral]" time="0.000" /><testcase classname="tests.unit.test_thesis_bank.TestSeedDataContent" name="test_source_type_is_imported[Transtorno do Espectro Autista \u2014 direitos e pol\xedticas p\xfablic]" time="0.000" /><testcase classname="tests.unit.test_thesis_bank.TestSeedDataContent" name="test_source_type_is_imported[Marco Regulat\xf3rio das Organiza\xe7\xf5es da Sociedade Civil (MROSC]" time="0.000" /><testcase classname="tests.unit.test_thesis_bank.TestSeedDataContent" name="test_source_type_is_imported[Funda\xe7\xf5es de apoio \u2014 regime tribut\xe1rio e requisitos legais]" time="0.000" /><testcase classname="tests.unit.test_thesis_bank.TestSeedDataContent" name="test_source_type_is_imported[Programa de integridade no setor p\xfablico \u2014 CGU]" time="0.000" /><testcase classname="tests.unit.test_thesis_bank.TestSeedDataContent" name="test_source_type_is_imported[Controle interno municipal \u2014 cria\xe7\xe3o e implanta\xe7\xe3o obrigat\xf3r]" time="0.000" /><testcase classname="tests.unit.test_thesis_bank.TestSeedDataContent" name="test_source_type_is_imported[Perda de bens acrescidos ilicitamente \u2014 natureza extrapenal]" time="0.000" /><testcase classname="tests.unit.test_thesis_bank.TestSeedDataContent" name="test_source_type_is_imported[A\xe7\xe3o Civil P\xfablica em defesa da inf\xe2ncia e juventude]" time="0.000" /><testcase classname="tests.unit.test_thesis_bank.TestSeedDataContent" name="test_source_type_is_imported[Antecipa\xe7\xe3o de vencimentos de servidores p\xfablicos \u2014 ilegalid]" time="0.000" /><testcase classname="tests.unit.test_thesis_bank.TestSeedDataContent" name="test_source_type_is_imported[F\xe9rias de prefeito \u2014 base de c\xe1lculo e limites constituciona]" time="0.000" /><testcase classname="tests.unit.test_thesis_bank.TestSeedDataContent" name="test_source_type_is_imported[Sistema de ped\xe1gio em fluxo livre (free flow) \u2014 legalidade]" time="0.001" /><testcase classname="tests.unit.test_thesis_bank.TestSeedDataContent" name="test_source_type_is_imported[Heteroidentifica\xe7\xe3o em concursos p\xfablicos \u2014 cotas raciais]" time="0.000" /><testcase classname="tests.unit.test_thesis_bank.TestSeedDataContent" name="test_source_type_is_imported[Terceiriza\xe7\xe3o de servi\xe7os p\xfablicos \u2014 limites e responsabilid]" time="0.001" /><testcase classname="tests.unit.test_thesis_bank.TestSeedDataContent" name="test_source_type_is_imported[Doa\xe7\xe3o de bens p\xfablicos \u2014 requisitos e finalidade p\xfablica]" time="0.000" /><testcase classname="tests.unit.test_thesis_bank.TestSeedDataContent" name="test_quality_score_in_range[Improbidade administrativa por enriquecimento il\xedcito indepe]" time="0.000" /><testcase classname="tests.unit.test_thesis_bank.TestSeedDataContent" name="test_quality_score_in_range[Nepotismo decorre diretamente dos princ\xedpios constitucionais]" time="0.000" /><testcase classname="tests.unit.test_thesis_bank.TestSeedDataContent" name="test_quality_score_in_range[Ofensa a princ\xedpios administrativos como modalidade aut\xf4noma]" time="0.000" /><testcase classname="tests.unit.test_thesis_bank.TestSeedDataContent" name="test_quality_score_in_range[Agente p\xfablico para fins de improbidade \u2014 conceito amplo do ]" time="0.000" /><testcase classname="tests.unit.test_thesis_bank.TestSeedDataContent" name="test_quality_score_in_range[Tipologia de rachadinhas \u2014 desvio de remunera\xe7\xe3o de servidor]" time="0.000" /><testcase classname="tests.unit.test_thesis_bank.TestSeedDataContent" name="test_quality_score_in_range[Responsabilidade objetiva da pessoa jur\xeddica na Lei Anticorr]" time="0.000" /><testcase classname="tests.unit.test_thesis_bank.TestSeedDataContent" name="test_quality_score_in_range[Limites de gastos com folha de pagamento da C\xe2mara Municipal]" time="0.000" /><testcase classname="tests.unit.test_thesis_bank.TestSeedDataContent" name="test_quality_score_in_range[Autoriza\xe7\xe3o de uso de bem p\xfablico \u2014 distin\xe7\xe3o de concess\xe3o e]" time="0.000" /><testcase classname="tests.unit.test_thesis_bank.TestSeedDataContent" name="test_quality_score_in_range[Administrador judicial \u2014 possibilidade de contrata\xe7\xe3o de aux]" time="0.000" /><testcase classname="tests.unit.test_thesis_bank.TestSeedDataContent" name="test_quality_score_in_range[Grupo econ\xf4mico \u2014 controle e sincronia de atua\xe7\xe3o empresaria]" time="0.000" /><testcase classname="tests.unit.test_thesis_bank.TestSeedDataContent" name="test_quality_score_in_range[Audi\xeancia p\xfablica como instrumento da administra\xe7\xe3o consensu]" time="0.000" /><testcase classname="tests.unit.test_thesis_bank.TestSeedDataContent" name="test_quality_score_in_range[Direito \xe0 vida como princ\xedpio fundamental inviol\xe1vel]" time="0.000" /><testcase classname="tests.unit.test_thesis_bank.TestSeedDataContent" name="test_quality_score_in_range[Contrata\xe7\xe3o tempor\xe1ria por excepcional interesse p\xfablico \u2014 r]" time="0.000" /><testcase classname="tests.unit.test_thesis_bank.TestSeedDataContent" name="test_quality_score_in_range[Acumula\xe7\xe3o de mandato eletivo de vereador com cargo p\xfablico]" time="0.000" /><testcase classname="tests.unit.test_thesis_bank.TestSeedDataContent" name="test_quality_score_in_range[Responsabilidade civil do Estado por atos de seus agentes]" time="0.001" /><testcase classname="tests.unit.test_thesis_bank.TestSeedDataContent" name="test_quality_score_in_range[Multa judicial (astreintes) como meio coercitivo at\xedpico]" time="0.000" /><testcase classname="tests.unit.test_thesis_bank.TestSeedDataContent" name="test_quality_score_in_range[A\xe7\xe3o coletiva de consumo \u2014 legitimidade do Minist\xe9rio P\xfablic]" time="0.000" /><testcase classname="tests.unit.test_thesis_bank.TestSeedDataContent" name="test_quality_score_in_range[Atua\xe7\xe3o multifacetada do MP no invent\xe1rio causa mortis]" time="0.000" /><testcase classname="tests.unit.test_thesis_bank.TestSeedDataContent" name="test_quality_score_in_range[Concomit\xe2ncia da paternidade socioafetiva e biol\xf3gica]" time="0.000" /><testcase classname="tests.unit.test_thesis_bank.TestSeedDataContent" name="test_quality_score_in_range[Testamento \u2014 nulidade, revoga\xe7\xe3o, rompimento e caducidade]" time="0.000" /><testcase classname="tests.unit.test_thesis_bank.TestSeedDataContent" name="test_quality_score_in_range[Piso nacional da enfermagem \u2014 constitucionalidade e aplica\xe7\xe3]" time="0.000" /><testcase classname="tests.unit.test_thesis_bank.TestSeedDataContent" name="test_quality_score_in_range[Imunidade tribut\xe1ria das entidades filantr\xf3picas de assist\xean]" time="0.000" /><testcase classname="tests.unit.test_thesis_bank.TestSeedDataContent" name="test_quality_score_in_range[Contrata\xe7\xe3o de shows e artistas pelo Poder P\xfablico \u2014 tipolog]" time="0.000" /><testcase classname="tests.unit.test_thesis_bank.TestSeedDataContent" name="test_quality_score_in_range[Dispensa de licita\xe7\xe3o \u2014 requisitos legais e formalidades]" time="0.000" /><testcase classname="tests.unit.test_thesis_bank.TestSeedDataContent" name="test_quality_score_in_range[Improbidade administrativa \u2014 transmissibilidade aos herdeiro]" time="0.000" /><testcase classname="tests.unit.test_thesis_bank.TestSeedDataContent" name="test_quality_score_in_range[Acordo de N\xe3o Persecu\xe7\xe3o C\xedvel (ANPC) \u2014 repara\xe7\xe3o integral d]" time="0.000" /><testcase classname="tests.unit.test_thesis_bank.TestSeedDataContent" name="test_quality_score_in_range[Saneamento b\xe1sico \u2014 universaliza\xe7\xe3o como dever constituciona]" time="0.000" /><testcase classname="tests.unit.test_thesis_bank.TestSeedDataContent" name="test_quality_score_in_range[Conselhos municipais de sa\xfade \u2014 participa\xe7\xe3o e controle soci]" time="0.000" /><testcase classname="tests.unit.test_thesis_bank.TestSeedDataContent" name="test_quality_score_in_range[Pessoa com defici\xeancia \u2014 garantias e prote\xe7\xe3o integral]" time="0.000" /><testcase classname="tests.unit.test_thesis_bank.TestSeedDataContent" name="test_quality_score_in_range[Transtorno do Espectro Autista \u2014 direitos e pol\xedticas p\xfablic]" time="0.000" /><testcase classname="tests.unit.test_thesis_bank.TestSeedDataContent" name="test_quality_score_in_range[Marco Regulat\xf3rio das Organiza\xe7\xf5es da Sociedade Civil (MROSC]" time="0.000" /><testcase classname="tests.unit.test_thesis_bank.TestSeedDataContent" name="test_quality_score_in_range[Funda\xe7\xf5es de apoio \u2014 regime tribut\xe1rio e requisitos legais]" time="0.000" /><testcase classname="tests.unit.test_thesis_bank.TestSeedDataContent" name="test_quality_score_in_range[Programa de integridade no setor p\xfablico \u2014 CGU]" time="0.000" /><testcase classname="tests.unit.test_thesis_bank.TestSeedDataContent" name="test_quality_score_in_range[Controle interno municipal \u2014 cria\xe7\xe3o e implanta\xe7\xe3o obrigat\xf3r]" time="0.000" /><testcase classname="tests.unit.test_thesis_bank.TestSeedDataContent" name="test_quality_score_in_range[Perda de bens acrescidos ilicitamente \u2014 natureza extrapenal]" time="0.000" /><testcase classname="tests.unit.test_thesis_bank.TestSeedDataContent" name="test_quality_score_in_range[A\xe7\xe3o Civil P\xfablica em defesa da inf\xe2ncia e juventude]" time="0.000" /><testcase classname="tests.unit.test_thesis_bank.TestSeedDataContent" name="test_quality_score_in_range[Antecipa\xe7\xe3o de vencimentos de servidores p\xfablicos \u2014 ilegalid]" time="0.000" /><testcase classname="tests.unit.test_thesis_bank.TestSeedDataContent" name="test_quality_score_in_range[F\xe9rias de prefeito \u2014 base de c\xe1lculo e limites constituciona]" time="0.000" /><testcase classname="tests.unit.test_thesis_bank.TestSeedDataContent" name="test_quality_score_in_range[Sistema de ped\xe1gio em fluxo livre (free flow) \u2014 legalidade]" time="0.000" /><testcase classname="tests.unit.test_thesis_bank.TestSeedDataContent" name="test_quality_score_in_range[Heteroidentifica\xe7\xe3o em concursos p\xfablicos \u2014 cotas raciais]" time="0.000" /><testcase classname="tests.unit.test_thesis_bank.TestSeedDataContent" name="test_quality_score_in_range[Terceiriza\xe7\xe3o de servi\xe7os p\xfablicos \u2014 limites e responsabilid]" time="0.000" /><testcase classname="tests.unit.test_thesis_bank.TestSeedDataContent" name="test_quality_score_in_range[Doa\xe7\xe3o de bens p\xfablicos \u2014 requisitos e finalidade p\xfablica]" time="0.000" /><testcase classname="tests.unit.test_thesis_bank.TestSeedDataUniqueness" name="test_unique_titles" time="0.000" /><testcase classname="tests.unit.test_thesis_bank.TestSeedDataUniqueness" name="test_unique_content" time="0.001" /><testcase classname="tests.unit.test_thesis_bank.TestSeedDataCoverage" name="test_multiple_areas_covered" time="0.000" /><testcase classname="tests.unit.test_thesis_bank.TestSeedDataCoverage" name="test_administrative_area_present" time="0.000" /><testcase classname="tests.unit.test_thesis_bank.TestSeedDataCoverage" name="test_civil_area_present" time="0.000" /><testcase classname="tests.unit.test_thesis_bank.TestSeedDataCoverage" name="test_constitutional_area_present" time="0.000" /><testcase classname="tests.unit.test_thesis_bank.TestSeedDataLegalBasis" name="test_legal_basis_structure[Improbidade administrativa por enriquecimento il\xedcito indepe]" time="0.000" /><testcase classname="tests.unit.test_thesis_bank.TestSeedDataLegalBasis" name="test_legal_basis_structure[Nepotismo decorre diretamente dos princ\xedpios constitucionais]" time="0.000" /><testcase classname="tests.unit.test_thesis_bank.TestSeedDataLegalBasis" name="test_legal_basis_structure[Ofensa a princ\xedpios administrativos como modalidade aut\xf4noma]" time="0.000" /><testcase classname="tests.unit.test_thesis_bank.TestSeedDataLegalBasis" name="test_legal_basis_structure[Agente p\xfablico para fins de improbidade \u2014 conceito amplo do ]" time="0.000" /><testcase classname="tests.unit.test_thesis_bank.TestSeedDataLegalBasis" name="test_legal_basis_structure[Tipologia de rachadinhas \u2014 desvio de remunera\xe7\xe3o de servidor]" time="0.000" /><testcase classname="tests.unit.test_thesis_bank.TestSeedDataLegalBasis" name="test_legal_basis_structure[Responsabilidade objetiva da pessoa jur\xeddica na Lei Anticorr]" time="0.000" /><testcase classname="tests.unit.test_thesis_bank.TestSeedDataLegalBasis" name="test_legal_basis_structure[Limites de gastos com folha de pagamento da C\xe2mara Municipal]" time="0.001" /><testcase classname="tests.unit.test_thesis_bank.TestSeedDataLegalBasis" name="test_legal_basis_structure[Autoriza\xe7\xe3o de uso de bem p\xfablico \u2014 distin\xe7\xe3o de concess\xe3o e]" time="0.001" /><testcase classname="tests.unit.test_thesis_bank.TestSeedDataLegalBasis" name="test_legal_basis_structure[Administrador judicial \u2014 possibilidade de contrata\xe7\xe3o de aux]" time="0.000" /><testcase classname="tests.unit.test_thesis_bank.TestSeedDataLegalBasis" name="test_legal_basis_structure[Grupo econ\xf4mico \u2014 controle e sincronia de atua\xe7\xe3o empresaria]" time="0.001" /><testcase classname="tests.unit.test_thesis_bank.TestSeedDataLegalBasis" name="test_legal_basis_structure[Audi\xeancia p\xfablica como instrumento da administra\xe7\xe3o consensu]" time="0.000" /><testcase classname="tests.unit.test_thesis_bank.TestSeedDataLegalBasis" name="test_legal_basis_structure[Direito \xe0 vida como princ\xedpio fundamental inviol\xe1vel]" time="0.000" /><testcase classname="tests.unit.test_thesis_bank.TestSeedDataLegalBasis" name="test_legal_basis_structure[Contrata\xe7\xe3o tempor\xe1ria por excepcional interesse p\xfablico \u2014 r]" time="0.000" /><testcase classname="tests.unit.test_thesis_bank.TestSeedDataLegalBasis" name="test_legal_basis_structure[Acumula\xe7\xe3o de mandato eletivo de vereador com cargo p\xfablico]" time="0.000" /><testcase classname="tests.unit.test_thesis_bank.TestSeedDataLegalBasis" name="test_legal_basis_structure[Responsabilidade civil do Estado por atos de seus agentes]" time="0.000" /><testcase classname="tests.unit.test_thesis_bank.TestSeedDataLegalBasis" name="test_legal_basis_structure[Multa judicial (astreintes) como meio coercitivo at\xedpico]" time="0.000" /><testcase classname="tests.unit.test_thesis_bank.TestSeedDataLegalBasis" name="test_legal_basis_structure[A\xe7\xe3o coletiva de consumo \u2014 legitimidade do Minist\xe9rio P\xfablic]" time="0.000" /><testcase classname="tests.unit.test_thesis_bank.TestSeedDataLegalBasis" name="test_legal_basis_structure[Atua\xe7\xe3o multifacetada do MP no invent\xe1rio causa mortis]" time="0.000" /><testcase classname="tests.unit.test_thesis_bank.TestSeedDataLegalBasis" name="test_legal_basis_structure[Concomit\xe2ncia da paternidade socioafetiva e biol\xf3gica]" time="0.000" /><testcase classname="tests.unit.test_thesis_bank.TestSeedDataLegalBasis" name="test_legal_basis_structure[Testamento \u2014 nulidade, revoga\xe7\xe3o, rompimento e caducidade]" time="0.000" /><testcase classname="tests.unit.test_thesis_bank.TestSeedDataLegalBasis" name="test_legal_basis_structure[Piso nacional da enfermagem \u2014 constitucionalidade e aplica\xe7\xe3]" time="0.000" /><testcase classname="tests.unit.test_thesis_bank.TestSeedDataLegalBasis" name="test_legal_basis_structure[Imunidade tribut\xe1ria das entidades filantr\xf3picas de assist\xean]" time="0.000" /><testcase classname="tests.unit.test_thesis_bank.TestSeedDataLegalBasis" name="test_legal_basis_structure[Contrata\xe7\xe3o de shows e artistas pelo Poder P\xfablico \u2014 tipolog]" time="0.000" /><testcase classname="tests.unit.test_thesis_bank.TestSeedDataLegalBasis" name="test_legal_basis_structure[Dispensa de licita\xe7\xe3o \u2014 requisitos legais e formalidades]" time="0.000" /><testcase classname="tests.unit.test_thesis_bank.TestSeedDataLegalBasis" name="test_legal_basis_structure[Improbidade administrativa \u2014 transmissibilidade aos herdeiro]" time="0.000" /><testcase classname="tests.unit.test_thesis_bank.TestSeedDataLegalBasis" name="test_legal_basis_structure[Acordo de N\xe3o Persecu\xe7\xe3o C\xedvel (ANPC) \u2014 repara\xe7\xe3o integral d]" time="0.000" /><testcase classname="tests.unit.test_thesis_bank.TestSeedDataLegalBasis" name="test_legal_basis_structure[Saneamento b\xe1sico \u2014 universaliza\xe7\xe3o como dever constituciona]" time="0.000" /><testcase classname="tests.unit.test_thesis_bank.TestSeedDataLegalBasis" name="test_legal_basis_structure[Conselhos municipais de sa\xfade \u2014 participa\xe7\xe3o e controle soci]" time="0.000" /><testcase classname="tests.unit.test_thesis_bank.TestSeedDataLegalBasis" name="test_legal_basis_structure[Pessoa com defici\xeancia \u2014 garantias e prote\xe7\xe3o integral]" time="0.000" /><testcase classname="tests.unit.test_thesis_bank.TestSeedDataLegalBasis" name="test_legal_basis_structure[Transtorno do Espectro Autista \u2014 direitos e pol\xedticas p\xfablic]" time="0.000" /><testcase classname="tests.unit.test_thesis_bank.TestSeedDataLegalBasis" name="test_legal_basis_structure[Marco Regulat\xf3rio das Organiza\xe7\xf5es da Sociedade Civil (MROSC]" time="0.000" /><testcase classname="tests.unit.test_thesis_bank.TestSeedDataLegalBasis" name="test_legal_basis_structure[Funda\xe7\xf5es de apoio \u2014 regime tribut\xe1rio e requisitos legais]" time="0.000" /><testcase classname="tests.unit.test_thesis_bank.TestSeedDataLegalBasis" name="test_legal_basis_structure[Programa de integridade no setor p\xfablico \u2014 CGU]" time="0.000" /><testcase classname="tests.unit.test_thesis_bank.TestSeedDataLegalBasis" name="test_legal_basis_structure[Controle interno municipal \u2014 cria\xe7\xe3o e implanta\xe7\xe3o obrigat\xf3r]" time="0.000" /><testcase classname="tests.unit.test_thesis_bank.TestSeedDataLegalBasis" name="test_legal_basis_structure[Perda de bens acrescidos ilicitamente \u2014 natureza extrapenal]" time="0.000" /><testcase classname="tests.unit.test_thesis_bank.TestSeedDataLegalBasis" name="test_legal_basis_structure[A\xe7\xe3o Civil P\xfablica em defesa da inf\xe2ncia e juventude]" time="0.000" /><testcase classname="tests.unit.test_thesis_bank.TestSeedDataLegalBasis" name="test_legal_basis_structure[Antecipa\xe7\xe3o de vencimentos de servidores p\xfablicos \u2014 ilegalid]" time="0.000" /><testcase classname="tests.unit.test_thesis_bank.TestSeedDataLegalBasis" name="test_legal_basis_structure[F\xe9rias de prefeito \u2014 base de c\xe1lculo e limites constituciona]" time="0.000" /><testcase classname="tests.unit.test_thesis_bank.TestSeedDataLegalBasis" name="test_legal_basis_structure[Sistema de ped\xe1gio em fluxo livre (free flow) \u2014 legalidade]" time="0.000" /><testcase classname="tests.unit.test_thesis_bank.TestSeedDataLegalBasis" name="test_legal_basis_structure[Heteroidentifica\xe7\xe3o em concursos p\xfablicos \u2014 cotas raciais]" time="0.000" /><testcase classname="tests.unit.test_thesis_bank.TestSeedDataLegalBasis" name="test_legal_basis_structure[Terceiriza\xe7\xe3o de servi\xe7os p\xfablicos \u2014 limites e responsabilid]" time="0.000" /><testcase classname="tests.unit.test_thesis_bank.TestSeedDataLegalBasis" name="test_legal_basis_structure[Doa\xe7\xe3o de bens p\xfablicos \u2014 requisitos e finalidade p\xfablica]" time="0.000" /><testcase classname="tests.unit.test_thesis_bank.TestSeedDataLegalBasis" name="test_precedents_structure[Improbidade administrativa por enriquecimento il\xedcito indepe]" time="0.000" /><testcase classname="tests.unit.test_thesis_bank.TestSeedDataLegalBasis" name="test_precedents_structure[Nepotismo decorre diretamente dos princ\xedpios constitucionais]" time="0.000" /><testcase classname="tests.unit.test_thesis_bank.TestSeedDataLegalBasis" name="test_precedents_structure[Ofensa a princ\xedpios administrativos como modalidade aut\xf4noma]" time="0.000" /><testcase classname="tests.unit.test_thesis_bank.TestSeedDataLegalBasis" name="test_precedents_structure[Agente p\xfablico para fins de improbidade \u2014 conceito amplo do ]" time="0.001" /><testcase classname="tests.unit.test_thesis_bank.TestSeedDataLegalBasis" name="test_precedents_structure[Tipologia de rachadinhas \u2014 desvio de remunera\xe7\xe3o de servidor]" time="0.000" /><testcase classname="tests.unit.test_thesis_bank.TestSeedDataLegalBasis" name="test_precedents_structure[Responsabilidade objetiva da pessoa jur\xeddica na Lei Anticorr]" time="0.000" /><testcase classname="tests.unit.test_thesis_bank.TestSeedDataLegalBasis" name="test_precedents_structure[Limites de gastos com folha de pagamento da C\xe2mara Municipal]" time="0.000" /><testcase classname="tests.unit.test_thesis_bank.TestSeedDataLegalBasis" name="test_precedents_structure[Autoriza\xe7\xe3o de uso de bem p\xfablico \u2014 distin\xe7\xe3o de concess\xe3o e]" time="0.000" /><testcase classname="tests.unit.test_thesis_bank.TestSeedDataLegalBasis" name="test_precedents_structure[Administrador judicial \u2014 possibilidade de contrata\xe7\xe3o de aux]" time="0.000" /><testcase classname="tests.unit.test_thesis_bank.TestSeedDataLegalBasis" name="test_precedents_structure[Grupo econ\xf4mico \u2014 controle e sincronia de atua\xe7\xe3o empresaria]" time="0.000" /><testcase classname="tests.unit.test_thesis_bank.TestSeedDataLegalBasis" name="test_precedents_structure[Audi\xeancia p\xfablica como instrumento da administra\xe7\xe3o consensu]" time="0.000" /><testcase classname="tests.unit.test_thesis_bank.TestSeedDataLegalBasis" name="test_precedents_structure[Direito \xe0 vida como princ\xedpio fundamental inviol\xe1vel]" time="0.000" /><testcase classname="tests.unit.test_thesis_bank.TestSeedDataLegalBasis" name="test_precedents_structure[Contrata\xe7\xe3o tempor\xe1ria por excepcional interesse p\xfablico \u2014 r]" time="0.000" /><testcase classname="tests.unit.test_thesis_bank.TestSeedDataLegalBasis" name="test_precedents_structure[Acumula\xe7\xe3o de mandato eletivo de vereador com cargo p\xfablico]" time="0.000" /><testcase classname="tests.unit.test_thesis_bank.TestSeedDataLegalBasis" name="test_precedents_structure[Responsabilidade civil do Estado por atos de seus agentes]" time="0.000" /><testcase classname="tests.unit.test_thesis_bank.TestSeedDataLegalBasis" name="test_precedents_structure[Multa judicial (astreintes) como meio coercitivo at\xedpico]" time="0.000" /><testcase classname="tests.unit.test_thesis_bank.TestSeedDataLegalBasis" name="test_precedents_structure[A\xe7\xe3o coletiva de consumo \u2014 legitimidade do Minist\xe9rio P\xfablic]" time="0.000" /><testcase classname="tests.unit.test_thesis_bank.TestSeedDataLegalBasis" name="test_precedents_structure[Atua\xe7\xe3o multifacetada do MP no invent\xe1rio causa mortis]" time="0.000" /><testcase classname="tests.unit.test_thesis_bank.TestSeedDataLegalBasis" name="test_precedents_structure[Concomit\xe2ncia da paternidade socioafetiva e biol\xf3gica]" time="0.000" /><testcase classname="tests.unit.test_thesis_bank.TestSeedDataLegalBasis" name="test_precedents_structure[Testamento \u2014 nulidade, revoga\xe7\xe3o, rompimento e caducidade]" time="0.000" /><testcase classname="tests.unit.test_thesis_bank.TestSeedDataLegalBasis" name="test_precedents_structure[Piso nacional da enfermagem \u2014 constitucionalidade e aplica\xe7\xe3]" time="0.000" /><testcase classname="tests.unit.test_thesis_bank.TestSeedDataLegalBasis" name="test_precedents_structure[Imunidade tribut\xe1ria das entidades filantr\xf3picas de assist\xean]" time="0.000" /><testcase classname="tests.unit.test_thesis_bank.TestSeedDataLegalBasis" name="test_precedents_structure[Contrata\xe7\xe3o de shows e artistas pelo Poder P\xfablico \u2014 tipolog]" time="0.000" /><testcase classname="tests.unit.test_thesis_bank.TestSeedDataLegalBasis" name="test_precedents_structure[Dispensa de licita\xe7\xe3o \u2014 requisitos legais e formalidades]" time="0.000" /><testcase classname="tests.unit.test_thesis_bank.TestSeedDataLegalBasis" name="test_precedents_structure[Improbidade administrativa \u2014 transmissibilidade aos herdeiro]" time="0.000" /><testcase classname="tests.unit.test_thesis_bank.TestSeedDataLegalBasis" name="test_precedents_structure[Acordo de N\xe3o Persecu\xe7\xe3o C\xedvel (ANPC) \u2014 repara\xe7\xe3o integral d]" time="0.000" /><testcase classname="tests.unit.test_thesis_bank.TestSeedDataLegalBasis" name="test_precedents_structure[Saneamento b\xe1sico \u2014 universaliza\xe7\xe3o como dever constituciona]" time="0.000" /><testcase classname="tests.unit.test_thesis_bank.TestSeedDataLegalBasis" name="test_precedents_structure[Conselhos municipais de sa\xfade \u2014 participa\xe7\xe3o e controle soci]" time="0.000" /><testcase classname="tests.unit.test_thesis_bank.TestSeedDataLegalBasis" name="test_precedents_structure[Pessoa com defici\xeancia \u2014 garantias e prote\xe7\xe3o integral]" time="0.000" /><testcase classname="tests.unit.test_thesis_bank.TestSeedDataLegalBasis" name="test_precedents_structure[Transtorno do Espectro Autista \u2014 direitos e pol\xedticas p\xfablic]" time="0.000" /><testcase classname="tests.unit.test_thesis_bank.TestSeedDataLegalBasis" name="test_precedents_structure[Marco Regulat\xf3rio das Organiza\xe7\xf5es da Sociedade Civil (MROSC]" time="0.000" /><testcase classname="tests.unit.test_thesis_bank.TestSeedDataLegalBasis" name="test_precedents_structure[Funda\xe7\xf5es de apoio \u2014 regime tribut\xe1rio e requisitos legais]" time="0.000" /><testcase classname="tests.unit.test_thesis_bank.TestSeedDataLegalBasis" name="test_precedents_structure[Programa de integridade no setor p\xfablico \u2014 CGU]" time="0.000" /><testcase classname="tests.unit.test_thesis_bank.TestSeedDataLegalBasis" name="test_precedents_structure[Controle interno municipal \u2014 cria\xe7\xe3o e implanta\xe7\xe3o obrigat\xf3r]" time="0.000" /><testcase classname="tests.unit.test_thesis_bank.TestSeedDataLegalBasis" name="test_precedents_structure[Perda de bens acrescidos ilicitamente \u2014 natureza extrapenal]" time="0.000" /><testcase classname="tests.unit.test_thesis_bank.TestSeedDataLegalBasis" name="test_precedents_structure[A\xe7\xe3o Civil P\xfablica em defesa da inf\xe2ncia e juventude]" time="0.000" /><testcase classname="tests.unit.test_thesis_bank.TestSeedDataLegalBasis" name="test_precedents_structure[Antecipa\xe7\xe3o de vencimentos de servidores p\xfablicos \u2014 ilegalid]" time="0.000" /><testcase classname="tests.unit.test_thesis_bank.TestSeedDataLegalBasis" name="test_precedents_structure[F\xe9rias de prefeito \u2014 base de c\xe1lculo e limites constituciona]" time="0.000" /><testcase classname="tests.unit.test_thesis_bank.TestSeedDataLegalBasis" name="test_precedents_structure[Sistema de ped\xe1gio em fluxo livre (free flow) \u2014 legalidade]" time="0.000" /><testcase classname="tests.unit.test_thesis_bank.TestSeedDataLegalBasis" name="test_precedents_structure[Heteroidentifica\xe7\xe3o em concursos p\xfablicos \u2014 cotas raciais]" time="0.000" /><testcase classname="tests.unit.test_thesis_bank.TestSeedDataLegalBasis" name="test_precedents_structure[Terceiriza\xe7\xe3o de servi\xe7os p\xfablicos \u2014 limites e responsabilid]" time="0.001" /><testcase classname="tests.unit.test_thesis_bank.TestSeedDataLegalBasis" name="test_precedents_structure[Doa\xe7\xe3o de bens p\xfablicos \u2014 requisitos e finalidade p\xfablica]" time="0.000" /><testcase classname="tests.unit.test_thesis_bank.TestSeedDataLegalBasis" name="test_tags_are_list[Improbidade administrativa por enriquecimento il\xedcito indepe]" time="0.001" /><testcase classname="tests.unit.test_thesis_bank.TestSeedDataLegalBasis" name="test_tags_are_list[Nepotismo decorre diretamente dos princ\xedpios constitucionais]" time="0.000" /><testcase classname="tests.unit.test_thesis_bank.TestSeedDataLegalBasis" name="test_tags_are_list[Ofensa a princ\xedpios administrativos como modalidade aut\xf4noma]" time="0.000" /><testcase classname="tests.unit.test_thesis_bank.TestSeedDataLegalBasis" name="test_tags_are_list[Agente p\xfablico para fins de improbidade \u2014 conceito amplo do ]" time="0.000" /><testcase classname="tests.unit.test_thesis_bank.TestSeedDataLegalBasis" name="test_tags_are_list[Tipologia de rachadinhas \u2014 desvio de remunera\xe7\xe3o de servidor]" time="0.000" /><testcase classname="tests.unit.test_thesis_bank.TestSeedDataLegalBasis" name="test_tags_are_list[Responsabilidade objetiva da pessoa jur\xeddica na Lei Anticorr]" time="0.000" /><testcase classname="tests.unit.test_thesis_bank.TestSeedDataLegalBasis" name="test_tags_are_list[Limites de gastos com folha de pagamento da C\xe2mara Municipal]" time="0.000" /><testcase classname="tests.unit.test_thesis_bank.TestSeedDataLegalBasis" name="test_tags_are_list[Autoriza\xe7\xe3o de uso de bem p\xfablico \u2014 distin\xe7\xe3o de concess\xe3o e]" time="0.000" /><testcase classname="tests.unit.test_thesis_bank.TestSeedDataLegalBasis" name="test_tags_are_list[Administrador judicial \u2014 possibilidade de contrata\xe7\xe3o de aux]" time="0.000" /><testcase classname="tests.unit.test_thesis_bank.TestSeedDataLegalBasis" name="test_tags_are_list[Grupo econ\xf4mico \u2014 controle e sincronia de atua\xe7\xe3o empresaria]" time="0.000" /><testcase classname="tests.unit.test_thesis_bank.TestSeedDataLegalBasis" name="test_tags_are_list[Audi\xeancia p\xfablica como instrumento da administra\xe7\xe3o consensu]" time="0.000" /><testcase classname="tests.unit.test_thesis_bank.TestSeedDataLegalBasis" name="test_tags_are_list[Direito \xe0 vida como princ\xedpio fundamental inviol\xe1vel]" time="0.000" /><testcase classname="tests.unit.test_thesis_bank.TestSeedDataLegalBasis" name="test_tags_are_list[Contrata\xe7\xe3o tempor\xe1ria por excepcional interesse p\xfablico \u2014 r]" time="0.000" /><testcase classname="tests.unit.test_thesis_bank.TestSeedDataLegalBasis" name="test_tags_are_list[Acumula\xe7\xe3o de mandato eletivo de vereador com cargo p\xfablico]" time="0.000" /><testcase classname="tests.unit.test_thesis_bank.TestSeedDataLegalBasis" name="test_tags_are_list[Responsabilidade civil do Estado por atos de seus agentes]" time="0.000" /><testcase classname="tests.unit.test_thesis_bank.TestSeedDataLegalBasis" name="test_tags_are_list[Multa judicial (astreintes) como meio coercitivo at\xedpico]" time="0.000" /><testcase classname="tests.unit.test_thesis_bank.TestSeedDataLegalBasis" name="test_tags_are_list[A\xe7\xe3o coletiva de consumo \u2014 legitimidade do Minist\xe9rio P\xfablic]" time="0.000" /><testcase classname="tests.unit.test_thesis_bank.TestSeedDataLegalBasis" name="test_tags_are_list[Atua\xe7\xe3o multifacetada do MP no invent\xe1rio causa mortis]" time="0.000" /><testcase classname="tests.unit.test_thesis_bank.TestSeedDataLegalBasis" name="test_tags_are_list[Concomit\xe2ncia da paternidade socioafetiva e biol\xf3gica]" time="0.000" /><testcase classname="tests.unit.test_thesis_bank.TestSeedDataLegalBasis" name="test_tags_are_list[Testamento \u2014 nulidade, revoga\xe7\xe3o, rompimento e caducidade]" time="0.000" /><testcase classname="tests.unit.test_thesis_bank.TestSeedDataLegalBasis" name="test_tags_are_list[Piso nacional da enfermagem \u2014 constitucionalidade e aplica\xe7\xe3]" time="0.000" /><testcase classname="tests.unit.test_thesis_bank.TestSeedDataLegalBasis" name="test_tags_are_list[Imunidade tribut\xe1ria das entidades filantr\xf3picas de assist\xean]" time="0.000" /><testcase classname="tests.unit.test_thesis_bank.TestSeedDataLegalBasis" name="test_tags_are_list[Contrata\xe7\xe3o de shows e artistas pelo Poder P\xfablico \u2014 tipolog]" time="0.000" /><testcase classname="tests.unit.test_thesis_bank.TestSeedDataLegalBasis" name="test_tags_are_list[Dispensa de licita\xe7\xe3o \u2014 requisitos legais e formalidades]" time="0.003" /><testcase classname="tests.unit.test_thesis_bank.TestSeedDataLegalBasis" name="test_tags_are_list[Improbidade administrativa \u2014 transmissibilidade aos herdeiro]" time="0.000" /><testcase classname="tests.unit.test_thesis_bank.TestSeedDataLegalBasis" name="test_tags_are_list[Acordo de N\xe3o Persecu\xe7\xe3o C\xedvel (ANPC) \u2014 repara\xe7\xe3o integral d]" time="0.000" /><testcase classname="tests.unit.test_thesis_bank.TestSeedDataLegalBasis" name="test_tags_are_list[Saneamento b\xe1sico \u2014 universaliza\xe7\xe3o como dever constituciona]" time="0.000" /><testcase classname="tests.unit.test_thesis_bank.TestSeedDataLegalBasis" name="test_tags_are_list[Conselhos municipais de sa\xfade \u2014 participa\xe7\xe3o e controle soci]" time="0.000" /><testcase classname="tests.unit.test_thesis_bank.TestSeedDataLegalBasis" name="test_tags_are_list[Pessoa com defici\xeancia \u2014 garantias e prote\xe7\xe3o integral]" time="0.000" /><testcase classname="tests.unit.test_thesis_bank.TestSeedDataLegalBasis" name="test_tags_are_list[Transtorno do Espectro Autista \u2014 direitos e pol\xedticas p\xfablic]" time="0.000" /><testcase classname="tests.unit.test_thesis_bank.TestSeedDataLegalBasis" name="test_tags_are_list[Marco Regulat\xf3rio das Organiza\xe7\xf5es da Sociedade Civil (MROSC]" time="0.000" /><testcase classname="tests.unit.test_thesis_bank.TestSeedDataLegalBasis" name="test_tags_are_list[Funda\xe7\xf5es de apoio \u2014 regime tribut\xe1rio e requisitos legais]" time="0.000" /><testcase classname="tests.unit.test_thesis_bank.TestSeedDataLegalBasis" name="test_tags_are_list[Programa de integridade no setor p\xfablico \u2014 CGU]" time="0.000" /><testcase classname="tests.unit.test_thesis_bank.TestSeedDataLegalBasis" name="test_tags_are_list[Controle interno municipal \u2014 cria\xe7\xe3o e implanta\xe7\xe3o obrigat\xf3r]" time="0.000" /><testcase classname="tests.unit.test_thesis_bank.TestSeedDataLegalBasis" name="test_tags_are_list[Perda de bens acrescidos ilicitamente \u2014 natureza extrapenal]" time="0.000" /><testcase classname="tests.unit.test_thesis_bank.TestSeedDataLegalBasis" name="test_tags_are_list[A\xe7\xe3o Civil P\xfablica em defesa da inf\xe2ncia e juventude]" time="0.000" /><testcase classname="tests.unit.test_thesis_bank.TestSeedDataLegalBasis" name="test_tags_are_list[Antecipa\xe7\xe3o de vencimentos de servidores p\xfablicos \u2014 ilegalid]" time="0.000" /><testcase classname="tests.unit.test_thesis_bank.TestSeedDataLegalBasis" name="test_tags_are_list[F\xe9rias de prefeito \u2014 base de c\xe1lculo e limites constituciona]" time="0.000" /><testcase classname="tests.unit.test_thesis_bank.TestSeedDataLegalBasis" name="test_tags_are_list[Sistema de ped\xe1gio em fluxo livre (free flow) \u2014 legalidade]" time="0.000" /><testcase classname="tests.unit.test_thesis_bank.TestSeedDataLegalBasis" name="test_tags_are_list[Heteroidentifica\xe7\xe3o em concursos p\xfablicos \u2014 cotas raciais]" time="0.000" /><testcase classname="tests.unit.test_thesis_bank.TestSeedDataLegalBasis" name="test_tags_are_list[Terceiriza\xe7\xe3o de servi\xe7os p\xfablicos \u2014 limites e responsabilid]" time="0.000" /><testcase classname="tests.unit.test_thesis_bank.TestSeedDataLegalBasis" name="test_tags_are_list[Doa\xe7\xe3o de bens p\xfablicos \u2014 requisitos e finalidade p\xfablica]" time="0.000" /><testcase classname="tests.unit.test_thesis_bank.TestSeedDataCategories" name="test_category_valid_if_present[Improbidade administrativa por enriquecimento il\xedcito indepe]" time="0.000" /><testcase classname="tests.unit.test_thesis_bank.TestSeedDataCategories" name="test_category_valid_if_present[Nepotismo decorre diretamente dos princ\xedpios constitucionais]" time="0.000" /><testcase classname="tests.unit.test_thesis_bank.TestSeedDataCategories" name="test_category_valid_if_present[Ofensa a princ\xedpios administrativos como modalidade aut\xf4noma]" time="0.000" /><testcase classname="tests.unit.test_thesis_bank.TestSeedDataCategories" name="test_category_valid_if_present[Agente p\xfablico para fins de improbidade \u2014 conceito amplo do ]" time="0.000" /><testcase classname="tests.unit.test_thesis_bank.TestSeedDataCategories" name="test_category_valid_if_present[Tipologia de rachadinhas \u2014 desvio de remunera\xe7\xe3o de servidor]" time="0.000" /><testcase classname="tests.unit.test_thesis_bank.TestSeedDataCategories" name="test_category_valid_if_present[Responsabilidade objetiva da pessoa jur\xeddica na Lei Anticorr]" time="0.000" /><testcase classname="tests.unit.test_thesis_bank.TestSeedDataCategories" name="test_category_valid_if_present[Limites de gastos com folha de pagamento da C\xe2mara Municipal]" time="0.000" /><testcase classname="tests.unit.test_thesis_bank.TestSeedDataCategories" name="test_category_valid_if_present[Autoriza\xe7\xe3o de uso de bem p\xfablico \u2014 distin\xe7\xe3o de concess\xe3o e]" time="0.001" /><testcase classname="tests.unit.test_thesis_bank.TestSeedDataCategories" name="test_category_valid_if_present[Administrador judicial \u2014 possibilidade de contrata\xe7\xe3o de aux]" time="0.000" /><testcase classname="tests.unit.test_thesis_bank.TestSeedDataCategories" name="test_category_valid_if_present[Grupo econ\xf4mico \u2014 controle e sincronia de atua\xe7\xe3o empresaria]" time="0.000" /><testcase classname="tests.unit.test_thesis_bank.TestSeedDataCategories" name="test_category_valid_if_present[Audi\xeancia p\xfablica como instrumento da administra\xe7\xe3o consensu]" time="0.000" /><testcase classname="tests.unit.test_thesis_bank.TestSeedDataCategories" name="test_category_valid_if_present[Direito \xe0 vida como princ\xedpio fundamental inviol\xe1vel]" time="0.000" /><testcase classname="tests.unit.test_thesis_bank.TestSeedDataCategories" name="test_category_valid_if_present[Contrata\xe7\xe3o tempor\xe1ria por excepcional interesse p\xfablico \u2014 r]" time="0.000" /><testcase classname="tests.unit.test_thesis_bank.TestSeedDataCategories" name="test_category_valid_if_present[Acumula\xe7\xe3o de mandato eletivo de vereador com cargo p\xfablico]" time="0.000" /><testcase classname="tests.unit.test_thesis_bank.TestSeedDataCategories" name="test_category_valid_if_present[Responsabilidade civil do Estado por atos de seus agentes]" time="0.000" /><testcase classname="tests.unit.test_thesis_bank.TestSeedDataCategories" name="test_category_valid_if_present[Multa judicial (astreintes) como meio coercitivo at\xedpico]" time="0.000" /><testcase classname="tests.unit.test_thesis_bank.TestSeedDataCategories" name="test_category_valid_if_present[A\xe7\xe3o coletiva de consumo \u2014 legitimidade do Minist\xe9rio P\xfablic]" time="0.000" /><testcase classname="tests.unit.test_thesis_bank.TestSeedDataCategories" name="test_category_valid_if_present[Atua\xe7\xe3o multifacetada do MP no invent\xe1rio causa mortis]" time="0.000" /><testcase classname="tests.unit.test_thesis_bank.TestSeedDataCategories" name="test_category_valid_if_present[Concomit\xe2ncia da paternidade socioafetiva e biol\xf3gica]" time="0.000" /><testcase classname="tests.unit.test_thesis_bank.TestSeedDataCategories" name="test_category_valid_if_present[Testamento \u2014 nulidade, revoga\xe7\xe3o, rompimento e caducidade]" time="0.000" /><testcase classname="tests.unit.test_thesis_bank.TestSeedDataCategories" name="test_category_valid_if_present[Piso nacional da enfermagem \u2014 constitucionalidade e aplica\xe7\xe3]" time="0.000" /><testcase classname="tests.unit.test_thesis_bank.TestSeedDataCategories" name="test_category_valid_if_present[Imunidade tribut\xe1ria das entidades filantr\xf3picas de assist\xean]" time="0.000" /><testcase classname="tests.unit.test_thesis_bank.TestSeedDataCategories" name="test_category_valid_if_present[Contrata\xe7\xe3o de shows e artistas pelo Poder P\xfablico \u2014 tipolog]" time="0.000" /><testcase classname="tests.unit.test_thesis_bank.TestSeedDataCategories" name="test_category_valid_if_present[Dispensa de licita\xe7\xe3o \u2014 requisitos legais e formalidades]" time="0.001" /><testcase classname="tests.unit.test_thesis_bank.TestSeedDataCategories" name="test_category_valid_if_present[Improbidade administrativa \u2014 transmissibilidade aos herdeiro]" time="0.000" /><testcase classname="tests.unit.test_thesis_bank.TestSeedDataCategories" name="test_category_valid_if_present[Acordo de N\xe3o Persecu\xe7\xe3o C\xedvel (ANPC) \u2014 repara\xe7\xe3o integral d]" time="0.000" /><testcase classname="tests.unit.test_thesis_bank.TestSeedDataCategories" name="test_category_valid_if_present[Saneamento b\xe1sico \u2014 universaliza\xe7\xe3o como dever constituciona]" time="0.000" /><testcase classname="tests.unit.test_thesis_bank.TestSeedDataCategories" name="test_category_valid_if_present[Conselhos municipais de sa\xfade \u2014 participa\xe7\xe3o e controle soci]" time="0.000" /><testcase classname="tests.unit.test_thesis_bank.TestSeedDataCategories" name="test_category_valid_if_present[Pessoa com defici\xeancia \u2014 garantias e prote\xe7\xe3o integral]" time="0.000" /><testcase classname="tests.unit.test_thesis_bank.TestSeedDataCategories" name="test_category_valid_if_present[Transtorno do Espectro Autista \u2014 direitos e pol\xedticas p\xfablic]" time="0.000" /><testcase classname="tests.unit.test_thesis_bank.TestSeedDataCategories" name="test_category_valid_if_present[Marco Regulat\xf3rio das Organiza\xe7\xf5es da Sociedade Civil (MROSC]" time="0.000" /><testcase classname="tests.unit.test_thesis_bank.TestSeedDataCategories" name="test_category_valid_if_present[Funda\xe7\xf5es de apoio \u2014 regime tribut\xe1rio e requisitos legais]" time="0.000" /><testcase classname="tests.unit.test_thesis_bank.TestSeedDataCategories" name="test_category_valid_if_present[Programa de integridade no setor p\xfablico \u2014 CGU]" time="0.000" /><testcase classname="tests.unit.test_thesis_bank.TestSeedDataCategories" name="test_category_valid_if_present[Controle interno municipal \u2014 cria\xe7\xe3o e implanta\xe7\xe3o obrigat\xf3r]" time="0.000" /><testcase classname="tests.unit.test_thesis_bank.TestSeedDataCategories" name="test_category_valid_if_present[Perda de bens acrescidos ilicitamente \u2014 natureza extrapenal]" time="0.000" /><testcase classname="tests.unit.test_thesis_bank.TestSeedDataCategories" name="test_category_valid_if_present[A\xe7\xe3o Civil P\xfablica em defesa da inf\xe2ncia e juventude]" time="0.000" /><testcase classname="tests.unit.test_thesis_bank.TestSeedDataCategories" name="test_category_valid_if_present[Antecipa\xe7\xe3o de vencimentos de servidores p\xfablicos \u2014 ilegalid]" time="0.000" /><testcase classname="tests.unit.test_thesis_bank.TestSeedDataCategories" name="test_category_valid_if_present[F\xe9rias de prefeito \u2014 base de c\xe1lculo e limites constituciona]" time="0.000" /><testcase classname="tests.unit.test_thesis_bank.TestSeedDataCategories" name="test_category_valid_if_present[Sistema de ped\xe1gio em fluxo livre (free flow) \u2014 legalidade]" time="0.000" /><testcase classname="tests.unit.test_thesis_bank.TestSeedDataCategories" name="test_category_valid_if_present[Heteroidentifica\xe7\xe3o em concursos p\xfablicos \u2014 cotas raciais]" time="0.000" /><testcase classname="tests.unit.test_thesis_bank.TestSeedDataCategories" name="test_category_valid_if_present[Terceiriza\xe7\xe3o de servi\xe7os p\xfablicos \u2014 limites e responsabilid]" time="0.000" /><testcase classname="tests.unit.test_thesis_bank.TestSeedDataCategories" name="test_category_valid_if_present[Doa\xe7\xe3o de bens p\xfablicos \u2014 requisitos e finalidade p\xfablica]" time="0.000" /><testcase classname="tests.unit.test_thesis_bank.TestThesisBankImports" name="test_import_seed_data" time="0.000" /><testcase classname="tests.unit.test_thesis_bank.TestThesisBankImports" name="test_import_service" time="0.005" /><testcase classname="tests.unit.test_thesis_bank.TestThesisBankImports" name="test_import_auto_populate" time="0.001" /><testcase classname="tests.unit.test_thesis_bank.TestThesisBankImports" name="test_import_qdrant_extractor" time="0.001" /><testcase classname="tests.unit.test_thesis_bank.TestThesisBankImports" name="test_manifest_exists" time="0.001" /></testsuite></testsuites>